Component: Arm Compiler for Embedded 6.18 Tool: armlink [5e4cc100]

==============================================================================

Section Cross References

    startup_stm32f407xx.o(STACK) refers (Special) to heapauxi.o(.text) for __use_two_region_memory
    startup_stm32f407xx.o(HEAP) refers (Special) to heapauxi.o(.text) for __use_two_region_memory
    startup_stm32f407xx.o(RESET) refers (Special) to heapauxi.o(.text) for __use_two_region_memory
    startup_stm32f407xx.o(RESET) refers to startup_stm32f407xx.o(STACK) for __initial_sp
    startup_stm32f407xx.o(RESET) refers to startup_stm32f407xx.o(.text) for Reset_Handler
    startup_stm32f407xx.o(RESET) refers to stm32f4xx_it.o(.text.NMI_Handler) for NMI_Handler
    startup_stm32f407xx.o(RESET) refers to stm32f4xx_it.o(.text.HardFault_Handler) for HardFault_Handler
    startup_stm32f407xx.o(RESET) refers to stm32f4xx_it.o(.text.MemManage_Handler) for MemManage_Handler
    startup_stm32f407xx.o(RESET) refers to stm32f4xx_it.o(.text.BusFault_Handler) for BusFault_Handler
    startup_stm32f407xx.o(RESET) refers to stm32f4xx_it.o(.text.UsageFault_Handler) for UsageFault_Handler
    startup_stm32f407xx.o(RESET) refers to stm32f4xx_it.o(.text.SVC_Handler) for SVC_Handler
    startup_stm32f407xx.o(RESET) refers to stm32f4xx_it.o(.text.DebugMon_Handler) for DebugMon_Handler
    startup_stm32f407xx.o(RESET) refers to stm32f4xx_it.o(.text.PendSV_Handler) for PendSV_Handler
    startup_stm32f407xx.o(RESET) refers to stm32f4xx_it.o(.text.SysTick_Handler) for SysTick_Handler
    startup_stm32f407xx.o(RESET) refers to stm32f4xx_it.o(.text.CAN1_RX0_IRQHandler) for CAN1_RX0_IRQHandler
    startup_stm32f407xx.o(RESET) refers to stm32f4xx_it.o(.text.OTG_FS_IRQHandler) for OTG_FS_IRQHandler
    startup_stm32f407xx.o(.text) refers (Special) to heapauxi.o(.text) for __use_two_region_memory
    startup_stm32f407xx.o(.text) refers to system_stm32f4xx.o(.text.SystemInit) for SystemInit
    startup_stm32f407xx.o(.text) refers to __main.o(!!!main) for __main
    startup_stm32f407xx.o(.text) refers to startup_stm32f407xx.o(HEAP) for Heap_Mem
    startup_stm32f407xx.o(.text) refers to startup_stm32f407xx.o(STACK) for Stack_Mem
    main.o(.text.main) refers to stm32f4xx_hal.o(.text.HAL_Init) for HAL_Init
    main.o(.text.main) refers to stm32f4xx_hal_rcc.o(.text.HAL_RCC_OscConfig) for HAL_RCC_OscConfig
    main.o(.text.main) refers to stm32f4xx_hal_rcc.o(.text.HAL_RCC_ClockConfig) for HAL_RCC_ClockConfig
    main.o(.text.main) refers to gpio.o(.text.MX_GPIO_Init) for MX_GPIO_Init
    main.o(.text.main) refers to can.o(.text.MX_CAN1_Init) for MX_CAN1_Init
    main.o(.text.main) refers to usb_device.o(.text.MX_USB_DEVICE_Init) for MX_USB_DEVICE_Init
    main.o(.text.main) refers to tim.o(.text.MX_TIM1_Init) for MX_TIM1_Init
    main.o(.text.main) refers to tim.o(.text.MX_TIM8_Init) for MX_TIM8_Init
    main.o(.text.main) refers to i2c.o(.text.MX_I2C2_Init) for MX_I2C2_Init
    main.o(.text.main) refers to stm32f4xx_hal.o(.text.HAL_GetTick) for HAL_GetTick
    main.o(.text.main) refers to main.o(.bss..L_MergedGlobals.1) for .L_MergedGlobals.1
    main.o(.text.main) refers to tim.o(.bss.htim1) for htim1
    main.o(.text.main) refers to stm32f4xx_hal_tim.o(.text.HAL_TIM_Base_Start) for HAL_TIM_Base_Start
    main.o(.text.main) refers to stm32f4xx_hal_tim.o(.text.HAL_TIM_PWM_Start) for HAL_TIM_PWM_Start
    main.o(.text.main) refers to bsp_can.o(.text.can_filter_init) for can_filter_init
    main.o(.text.main) refers to main.o(.bss.motor_pid) for motor_pid
    main.o(.text.main) refers to pid.o(.text.pid_init) for pid_init
    main.o(.text.main) refers to h1_alloc.o(.text) for malloc
    main.o(.text.main) refers to h1_free.o(.text) for free
    main.o(.text.main) refers to i2c.o(.bss.hi2c2) for hi2c2
    main.o(.text.main) refers to main.o(.data..L_MergedGlobals) for .L_MergedGlobals
    main.o(.text.main) refers to stm32f4xx_hal.o(.text.HAL_Delay) for HAL_Delay
    main.o(.text.main) refers to can_receive.o(.text.get_motor_measure_point) for get_motor_measure_point
    main.o(.text.main) refers to main.o(.text.Process_Commend) for Process_Commend
    main.o(.text.main) refers to stm32f4xx_hal_i2c.o(.text.HAL_I2C_Master_Transmit) for HAL_I2C_Master_Transmit
    main.o(.text.main) refers to stm32f4xx_hal_i2c.o(.text.HAL_I2C_Master_Receive) for HAL_I2C_Master_Receive
    main.o(.text.main) refers to can_receive.o(.text.CAN_cmd_current) for CAN_cmd_current
    main.o(.text.main) refers to main.o(.text.Print) for Print
    main.o(.text.main) refers to dflt_clz.o(x$fpl$dflt) for __aeabi_i2d
    main.o(.text.main) refers to dmul.o(x$fpl$dmul) for __aeabi_dmul
    main.o(.text.main) refers to dfix.o(x$fpl$dfix) for __aeabi_d2iz
    main.o(.ARM.exidx.text.main) refers to main.o(.text.main) for [Anonymous Symbol]
    main.o(.text.SystemClock_Config) refers to stm32f4xx_hal_rcc.o(.text.HAL_RCC_OscConfig) for HAL_RCC_OscConfig
[...]
    __rt_exit_exit                           0x08000229   Thumb Code     0  rtexit2.o(.ARM.Collect$$rtexit$$00000004)
    Reset_Handler                            0x08000231   Thumb Code     8  startup_stm32f407xx.o(.text)
    ADC_IRQHandler                           0x0800024b   Thumb Code     0  startup_stm32f407xx.o(.text)
    CAN1_RX1_IRQHandler                      0x0800024b   Thumb Code     0  startup_stm32f407xx.o(.text)
    CAN1_SCE_IRQHandler                      0x0800024b   Thumb Code     0  startup_stm32f407xx.o(.text)
    CAN1_TX_IRQHandler                       0x0800024b   Thumb Code     0  startup_stm32f407xx.o(.text)
    CAN2_RX0_IRQHandler                      0x0800024b   Thumb Code     0  startup_stm32f407xx.o(.text)
    CAN2_RX1_IRQHandler                      0x0800024b   Thumb Code     0  startup_stm32f407xx.o(.text)
    CAN2_SCE_IRQHandler                      0x0800024b   Thumb Code     0  startup_stm32f407xx.o(.text)
    CAN2_TX_IRQHandler                       0x0800024b   Thumb Code     0  startup_stm32f407xx.o(.text)
    DCMI_IRQHandler                          0x0800024b   Thumb Code     0  startup_stm32f407xx.o(.text)
    DMA1_Stream0_IRQHandler                  0x0800024b   Thumb Code     0  startup_stm32f407xx.o(.text)
    DMA1_Stream1_IRQHandler                  0x0800024b   Thumb Code     0  startup_stm32f407xx.o(.text)
    DMA1_Stream2_IRQHandler                  0x0800024b   Thumb Code     0  startup_stm32f407xx.o(.text)
    DMA1_Stream3_IRQHandler                  0x0800024b   Thumb Code     0  startup_stm32f407xx.o(.text)
    DMA1_Stream4_IRQHandler                  0x0800024b   Thumb Code     0  startup_stm32f407xx.o(.text)
    DMA1_Stream5_IRQHandler                  0x0800024b   Thumb Code     0  startup_stm32f407xx.o(.text)
    DMA1_Stream6_IRQHandler                  0x0800024b   Thumb Code     0  startup_stm32f407xx.o(.text)
    DMA1_Stream7_IRQHandler                  0x0800024b   Thumb Code     0  startup_stm32f407xx.o(.text)
    DMA2_Stream0_IRQHandler                  0x0800024b   Thumb Code     0  startup_stm32f407xx.o(.text)
    DMA2_Stream1_IRQHandler                  0x0800024b   Thumb Code     0  startup_stm32f407xx.o(.text)
    DMA2_Stream2_IRQHandler                  0x0800024b   Thumb Code     0  startup_stm32f407xx.o(.text)
    DMA2_Stream3_IRQHandler                  0x0800024b   Thumb Code     0  startup_stm32f407xx.o(.text)
    DMA2_Stream4_IRQHandler                  0x0800024b   Thumb Code     0  startup_stm32f407xx.o(.text)
    DMA2_Stream5_IRQHandler                  0x0800024b   Thumb Code     0  startup_stm32f407xx.o(.text)
    DMA2_Stream6_IRQHandler                  0x0800024b   Thumb Code     0  startup_stm32f407xx.o(.text)
    DMA2_Stream7_IRQHandler                  0x0800024b   Thumb Code     0  startup_stm32f407xx.o(.text)
    ETH_IRQHandler                           0x0800024b   Thumb Code     0  startup_stm32f407xx.o(.text)
    ETH_WKUP_IRQHandler                      0x0800024b   Thumb Code     0  startup_stm32f407xx.o(.text)
    EXTI0_IRQHandler                         0x0800024b   Thumb Code     0  startup_stm32f407xx.o(.text)
    EXTI15_10_IRQHandler                     0x0800024b   Thumb Code     0  startup_stm32f407xx.o(.text)
    EXTI1_IRQHandler                         0x0800024b   Thumb Code     0  startup_stm32f407xx.o(.text)
    EXTI2_IRQHandler                         0x0800024b   Thumb Code     0  startup_stm32f407xx.o(.text)
    EXTI3_IRQHandler                         0x0800024b   Thumb Code     0  startup_stm32f407xx.o(.text)
    EXTI4_IRQHandler                         0x0800024b   Thumb Code     0  startup_stm32f407xx.o(.text)
    EXTI9_5_IRQHandler                       0x0800024b   Thumb Code     0  startup_stm32f407xx.o(.text)
    FLASH_IRQHandler                         0x0800024b   Thumb Code     0  startup_stm32f407xx.o(.text)
    FMC_IRQHandler                           0x0800024b   Thumb Code     0  startup_stm32f407xx.o(.text)
    FPU_IRQHandler                           0x0800024b   Thumb Code     0  startup_stm32f407xx.o(.text)
    HASH_RNG_IRQHandler                      0x0800024b   Thumb Code     0  startup_stm32f407xx.o(.text)
    I2C1_ER_IRQHandler                       0x0800024b   Thumb Code     0  startup_stm32f407xx.o(.text)
    I2C1_EV_IRQHandler                       0x0800024b   Thumb Code     0  startup_stm32f407xx.o(.text)
    I2C2_ER_IRQHandler                       0x0800024b   Thumb Code     0  startup_stm32f407xx.o(.text)
    I2C2_EV_IRQHandler                       0x0800024b   Thumb Code     0  startup_stm32f407xx.o(.text)
    I2C3_ER_IRQHandler                       0x0800024b   Thumb Code     0  startup_stm32f407xx.o(.text)
    I2C3_EV_IRQHandler                       0x0800024b   Thumb Code     0  startup_stm32f407xx.o(.text)
    OTG_FS_WKUP_IRQHandler                   0x0800024b   Thumb Code     0  startup_stm32f407xx.o(.text)
    OTG_HS_EP1_IN_IRQHandler                 0x0800024b   Thumb Code     0  startup_stm32f407xx.o(.text)
    OTG_HS_EP1_OUT_IRQHandler                0x0800024b   Thumb Code     0  startup_stm32f407xx.o(.text)
    OTG_HS_IRQHandler                        0x0800024b   Thumb Code     0  startup_stm32f407xx.o(.text)
    OTG_HS_WKUP_IRQHandler                   0x0800024b   Thumb Code     0  startup_stm32f407xx.o(.text)
    PVD_IRQHandler                           0x0800024b   Thumb Code     0  startup_stm32f407xx.o(.text)
    RCC_IRQHandler                           0x0800024b   Thumb Code     0  startup_stm32f407xx.o(.text)
    RTC_Alarm_IRQHandler                     0x0800024b   Thumb Code     0  startup_stm32f407xx.o(.text)
    RTC_WKUP_IRQHandler                      0x0800024b   Thumb Code     0  startup_stm32f407xx.o(.text)
    SDIO_IRQHandler                          0x0800024b   Thumb Code     0  startup_stm32f407xx.o(.text)
    SPI1_IRQHandler                          0x0800024b   Thumb Code     0  startup_stm32f407xx.o(.text)
    SPI2_IRQHandler                          0x0800024b   Thumb Code     0  startup_stm32f407xx.o(.text)
    SPI3_IRQHandler                          0x0800024b   Thumb Code     0  startup_stm32f407xx.o(.text)
    TAMP_STAMP_IRQHandler                    0x0800024b   Thumb Code     0  startup_stm32f407xx.o(.text)
    TIM1_BRK_TIM9_IRQHandler                 0x0800024b   Thumb Code     0  startup_stm32f407xx.o(.text)
    TIM1_CC_IRQHandler                       0x0800024b   Thumb Code     0  startup_stm32f407xx.o(.text)
    TIM1_TRG_COM_TIM11_IRQHandler            0x0800024b   Thumb Code     0  startup_stm32f407xx.o(.text)
    TIM1_UP_TIM10_IRQHandler                 0x0800024b   Thumb Code     0  startup_stm32f407xx.o(.text)
    TIM2_IRQHandler                          0x0800024b   Thumb Code     0  startup_stm32f407xx.o(.text)
    TIM3_IRQHandler                          0x0800024b   Thumb Code     0  startup_stm32f407xx.o(.text)
    TIM4_IRQHandler                          0x0800024b   Thumb Code     0  startup_stm32f407xx.o(.text)
    TIM5_IRQHandler                          0x0800024b   Thumb Code     0  startup_stm32f407xx.o(.text)
    TIM6_DAC_IRQHandler                      0x0800024b   Thumb Code     0  startup_stm32f407xx.o(.text)
    TIM7_IRQHandler                          0x0800024b   Thumb Code     0  startup_stm32f407xx.o(.text)
    TIM8_BRK_TIM12_IRQHandler                0x0800024b   Thumb Code     0  startup_stm32f407xx.o(.text)
    TIM8_CC_IRQHandler                       0x0800024b   Thumb Code     0  startup_stm32f407xx.o(.text)
    TIM8_TRG_COM_TIM14_IRQHandler            0x0800024b   Thumb Code     0  startup_stm32f407xx.o(.text)
    TIM8_UP_TIM13_IRQHandler                 0x0800024b   Thumb Code     0  startup_stm32f407xx.o(.text)
    UART4_IRQHandler                         0x0800024b   Thumb Code     0  startup_stm32f407xx.o(.text)
    UART5_IRQHandler                         0x0800024b   Thumb Code     0  startup_stm32f407xx.o(.text)
    USART1_IRQHandler                        0x0800024b   Thumb Code     0  startup_stm32f407xx.o(.text)
    USART2_IRQHandler                        0x0800024b   Thumb Code     0  startup_stm32f407xx.o(.text)
    USART3_IRQHandler                        0x0800024b   Thumb Code     0  startup_stm32f407xx.o(.text)
    USART6_IRQHandler                        0x0800024b   Thumb Code     0  startup_stm32f407xx.o(.text)
    WWDG_IRQHandler                          0x0800024b   Thumb Code     0  startup_stm32f407xx.o(.text)
    __user_initial_stackheap                 0x0800024d   Thumb Code     0  startup_stm32f407xx.o(.text)
    malloc                                   0x08000271   Thumb Code    94  h1_alloc.o(.text)
    free                                     0x080002cf   Thumb Code    78  h1_free.o(.text)
    __aeabi_uldivmod                         0x0800031d   Thumb Code     0  lludivv7m.o(.text)
    _ll_udiv                                 0x0800031d   Thumb Code   240  lludivv7m.o(.text)
    strtok                                   0x0800040d   Thumb Code     6  strtok.o(.text)
    __aeabi_memcpy                           0x08000419   Thumb Code     0  rt_memcpy_v6.o(.text)
    __rt_memcpy                              0x08000419   Thumb Code   138  rt_memcpy_v6.o(.text)
    _memcpy_lastbytes                        0x0800047f   Thumb Code     0  rt_memcpy_v6.o(.text)
    __aeabi_memset                           0x080004a3   Thumb Code    16  aeabi_memset.o(.text)
    __aeabi_memclr4                          0x080004b3   Thumb Code     0  rt_memclr_w.o(.text)
    __aeabi_memclr8                          0x080004b3   Thumb Code     0  rt_memclr_w.o(.text)
    __rt_memclr_w                            0x080004b3   Thumb Code     0  rt_memclr_w.o(.text)
    _memset_w                                0x080004b7   Thumb Code    74  rt_memclr_w.o(.text)
    strcmp                                   0x08000501   Thumb Code   124  strcmpv7em.o(.text)
    __use_two_region_memory                  0x0800057d   Thumb Code     2  heapauxi.o(.text)
    __rt_heap_escrow                         0x0800057f   Thumb Code     2  heapauxi.o(.text)
    __rt_heap_expand                         0x08000581   Thumb Code     2  heapauxi.o(.text)
    __rt_heap_descriptor                     0x08000585   Thumb Code     8  rt_heap_descriptor_intlibspace.o(.text)
    __use_no_heap                            0x0800058d   Thumb Code     2  hguard.o(.text)
    __heap$guard                             0x0800058f   Thumb Code     2  hguard.o(.text)
    _terminate_user_alloc                    0x08000591   Thumb Code     2  init_alloc.o(.text)
    _init_user_alloc                         0x08000593   Thumb Code     2  init_alloc.o(.text)
    __Heap_Full                              0x08000595   Thumb Code    34  init_alloc.o(.text)
    __Heap_Broken                            0x080005b7   Thumb Code     6  init_alloc.o(.text)
    _init_alloc                              0x080005bd   Thumb Code    94  init_alloc.o(.text)
    __Heap_Initialize                        0x0800061b   Thumb Code    10  h1_init.o(.text)
    __Heap_DescSize                          0x08000625   Thumb Code     4  h1_init.o(.text)
    __strtok_internal                        0x08000629   Thumb Code    64  strtok_int.o(.text)
    __aeabi_memcpy4                          0x0800066d   Thumb Code     0  rt_memcpy_w.o(.text)
    __aeabi_memcpy8                          0x0800066d   Thumb Code     0  rt_memcpy_w.o(.text)
    __rt_memcpy_w                            0x0800066d   Thumb Code   100  rt_memcpy_w.o(.text)
    _memcpy_lastbytes_aligned                0x080006b5   Thumb Code     0  rt_memcpy_w.o(.text)
    __aeabi_memclr                           0x080006d1   Thumb Code     0  rt_memclr.o(.text)
    __rt_memclr                              0x080006d1   Thumb Code     0  rt_memclr.o(.text)
    _memset                                  0x080006d5   Thumb Code    64  rt_memclr.o(.text)
    __user_libspace                          0x08000715   Thumb Code     8  libspace.o(.text)
    __user_perproc_libspace                  0x08000715   Thumb Code     0  libspace.o(.text)
    __user_perthread_libspace                0x08000715   Thumb Code     0  libspace.o(.text)
    __Heap_ProvideMemory                     0x0800071d   Thumb Code    52  h1_extend.o(.text)
    _maybe_terminate_alloc                   0x0800071d   Thumb Code     0  maybetermalloc1.o(.text)
    __rt_SIGRTMEM                            0x08000751   Thumb Code    14  defsig_rtmem_outer.o(.text)
    strcspn                                  0x0800075f   Thumb Code    32  strcspn.o(.text)
    strspn                                   0x0800077f   Thumb Code    28  strspn.o(.text)
    __I$use$semihosting                      0x0800079b   Thumb Code     0  use_no_semi.o(.text)
    __use_no_semihosting_swi                 0x0800079b   Thumb Code     2  use_no_semi.o(.text)
    __semihosting_library_function           0x0800079d   Thumb Code     0  indicate_semi.o(.text)
    __user_setup_stackheap                   0x0800079d   Thumb Code    74  sys_stackheap_outer.o(.text)
    exit                                     0x080007e7   Thumb Code    18  exit.o(.text)
    __sig_exit                               0x080007f9   Thumb Code    10  defsig_exit.o(.text)
    __rt_SIGRTMEM_inner                      0x08000805   Thumb Code    22  defsig_rtmem_inner.o(.text)
    _sys_exit                                0x08000855   Thumb Code     8  sys_exit.o(.text)
    __default_signal_display                 0x08000861   Thumb Code    50  defsig_general.o(.text)
    _ttywrch                                 0x08000893   Thumb Code    14  sys_wrch.o(.text)
    BusFault_Handler                         0x080008a1   Thumb Code     2  stm32f4xx_it.o(.text.BusFault_Handler)
    CAN1_RX0_IRQHandler                      0x080008a5   Thumb Code    12  stm32f4xx_it.o(.text.CAN1_RX0_IRQHandler)
    CAN_cmd_current                          0x080008b1   Thumb Code    70  can_receive.o(.text.CAN_cmd_current)
    CDC_Transmit_FS                          0x08000c0d   Thumb Code    54  usbd_cdc_if.o(.text.CDC_Transmit_FS)
    Confirm_Enqueue                          0x08000c45   Thumb Code    10  main.o(.text.Confirm_Enqueue)
    DebugMon_Handler                         0x08000c51   Thumb Code     2  stm32f4xx_it.o(.text.DebugMon_Handler)
    Enqueue_Command                          0x08000c55   Thumb Code    94  main.o(.text.Enqueue_Command)
    Error_Handler                            0x08000cb5   Thumb Code     2  main.o(.text.Error_Handler)
    HAL_CAN_ActivateNotification             0x08000cb9   Thumb Code    46  stm32f4xx_hal_can.o(.text.HAL_CAN_ActivateNotification)
    HAL_CAN_AddTxMessage                     0x08000ce9   Thumb Code   188  stm32f4xx_hal_can.o(.text.HAL_CAN_AddTxMessage)
    HAL_CAN_ConfigFilter                     0x08000da5   Thumb Code   222  stm32f4xx_hal_can.o(.text.HAL_CAN_ConfigFilter)
    HAL_CAN_ErrorCallback                    0x08000e85   Thumb Code     2  stm32f4xx_hal_can.o(.text.HAL_CAN_ErrorCallback)
    HAL_CAN_GetRxMessage                     0x08000e89   Thumb Code   286  stm32f4xx_hal_can.o(.text.HAL_CAN_GetRxMessage)
    HAL_CAN_IRQHandler                       0x08000fa9   Thumb Code   606  stm32f4xx_hal_can.o(.text.HAL_CAN_IRQHandler)
    HAL_CAN_Init                             0x08001209   Thumb Code   244  stm32f4xx_hal_can.o(.text.HAL_CAN_Init)
    HAL_CAN_MspInit                          0x080012fd   Thumb Code   120  can.o(.text.HAL_CAN_MspInit)
    HAL_CAN_RxFifo0FullCallback              0x08001375   Thumb Code     2  stm32f4xx_hal_can.o(.text.HAL_CAN_RxFifo0FullCallback)
    HAL_CAN_RxFifo0MsgPendingCallback        0x08001379   Thumb Code    76  can_receive.o(.text.HAL_CAN_RxFifo0MsgPendingCallback)
    HAL_CAN_RxFifo1FullCallback              0x080013c5   Thumb Code     2  stm32f4xx_hal_can.o(.text.HAL_CAN_RxFifo1FullCallback)
    HAL_CAN_RxFifo1MsgPendingCallback        0x080013c9   Thumb Code     2  stm32f4xx_hal_can.o(.text.HAL_CAN_RxFifo1MsgPendingCallback)
    HAL_CAN_SleepCallback                    0x080013cd   Thumb Code     2  stm32f4xx_hal_can.o(.text.HAL_CAN_SleepCallback)
    HAL_CAN_Start                            0x080013d1   Thumb Code    90  stm32f4xx_hal_can.o(.text.HAL_CAN_Start)
    HAL_CAN_TxMailbox0AbortCallback          0x0800142d   Thumb Code     2  stm32f4xx_hal_can.o(.text.HAL_CAN_TxMailbox0AbortCallback)
    HAL_CAN_TxMailbox0CompleteCallback       0x08001431   Thumb Code     2  stm32f4xx_hal_can.o(.text.HAL_CAN_TxMailbox0CompleteCallback)
    HAL_CAN_TxMailbox1AbortCallback          0x08001435   Thumb Code     2  stm32f4xx_hal_can.o(.text.HAL_CAN_TxMailbox1AbortCallback)
    HAL_CAN_TxMailbox1CompleteCallback       0x08001439   Thumb Code     2  stm32f4xx_hal_can.o(.text.HAL_CAN_TxMailbox1CompleteCallback)
    HAL_CAN_TxMailbox2AbortCallback          0x0800143d   Thumb Code     2  stm32f4xx_hal_can.o(.text.HAL_CAN_TxMailbox2AbortCallback)
    HAL_CAN_TxMailbox2CompleteCallback       0x08001441   Thumb Code     2  stm32f4xx_hal_can.o(.text.HAL_CAN_TxMailbox2CompleteCallback)
    HAL_CAN_WakeUpFromRxMsgCallback          0x08001445   Thumb Code     2  stm32f4xx_hal_can.o(.text.HAL_CAN_WakeUpFromRxMsgCallback)
    HAL_Delay                                0x08001449   Thumb Code    40  stm32f4xx_hal.o(.text.HAL_Delay)
    HAL_GPIO_Init                            0x08001471   Thumb Code   442  stm32f4xx_hal_gpio.o(.text.HAL_GPIO_Init)
    HAL_GetTick                              0x0800162d   Thumb Code    12  stm32f4xx_hal.o(.text.HAL_GetTick)
    HAL_I2C_Init                             0x08001639   Thumb Code   374  stm32f4xx_hal_i2c.o(.text.HAL_I2C_Init)
    HAL_I2C_Master_Receive                   0x080017b1   Thumb Code  1538  stm32f4xx_hal_i2c.o(.text.HAL_I2C_Master_Receive)
    HAL_I2C_Master_Transmit                  0x08001db5   Thumb Code  1144  stm32f4xx_hal_i2c.o(.text.HAL_I2C_Master_Transmit)
    HAL_I2C_MspInit                          0x0800222d   Thumb Code   104  i2c.o(.text.HAL_I2C_MspInit)
    HAL_IncTick                              0x08002295   Thumb Code    26  stm32f4xx_hal.o(.text.HAL_IncTick)
    HAL_Init                                 0x080022b1   Thumb Code    54  stm32f4xx_hal.o(.text.HAL_Init)
    HAL_InitTick                             0x080022e9   Thumb Code    72  stm32f4xx_hal.o(.text.HAL_InitTick)
    HAL_MspInit                              0x08002331   Thumb Code    56  stm32f4xx_hal_msp.o(.text.HAL_MspInit)
    HAL_NVIC_EnableIRQ                       0x08002369   Thumb Code    32  stm32f4xx_hal_cortex.o(.text.HAL_NVIC_EnableIRQ)
    HAL_NVIC_SetPriority                     0x08002389   Thumb Code    86  stm32f4xx_hal_cortex.o(.text.HAL_NVIC_SetPriority)
    HAL_NVIC_SetPriorityGrouping             0x080023e1   Thumb Code    32  stm32f4xx_hal_cortex.o(.text.HAL_NVIC_SetPriorityGrouping)
    HAL_PCDEx_LPM_Callback                   0x08002401   Thumb Code     2  stm32f4xx_hal_pcd_ex.o(.text.HAL_PCDEx_LPM_Callback)
    HAL_PCDEx_SetRxFiFo                      0x08002405   Thumb Code     8  stm32f4xx_hal_pcd_ex.o(.text.HAL_PCDEx_SetRxFiFo)
    HAL_PCDEx_SetTxFiFo                      0x0800240d   Thumb Code   234  stm32f4xx_hal_pcd_ex.o(.text.HAL_PCDEx_SetTxFiFo)
    HAL_PCD_ConnectCallback                  0x080024f9   Thumb Code     8  usbd_conf.o(.text.HAL_PCD_ConnectCallback)
    HAL_PCD_DataInStageCallback              0x08002501   Thumb Code    20  usbd_conf.o(.text.HAL_PCD_DataInStageCallback)
    HAL_PCD_DataOutStageCallback             0x08002515   Thumb Code    22  usbd_conf.o(.text.HAL_PCD_DataOutStageCallback)
    HAL_PCD_DisconnectCallback               0x0800252d   Thumb Code     8  usbd_conf.o(.text.HAL_PCD_DisconnectCallback)
    HAL_PCD_EP_Close                         0x08002535   Thumb Code    76  stm32f4xx_hal_pcd.o(.text.HAL_PCD_EP_Close)
    HAL_PCD_EP_ClrStall                      0x08002581   Thumb Code   100  stm32f4xx_hal_pcd.o(.text.HAL_PCD_EP_ClrStall)
    HAL_PCD_EP_GetRxCount                    0x080025e5   Thumb Code    18  stm32f4xx_hal_pcd.o(.text.HAL_PCD_EP_GetRxCount)
    HAL_PCD_EP_Open                          0x080025f9   Thumb Code    96  stm32f4xx_hal_pcd.o(.text.HAL_PCD_EP_Open)
    HAL_PCD_EP_Receive                       0x08002659   Thumb Code    76  stm32f4xx_hal_pcd.o(.text.HAL_PCD_EP_Receive)
    HAL_PCD_EP_SetStall                      0x080026a5   Thumb Code   120  stm32f4xx_hal_pcd.o(.text.HAL_PCD_EP_SetStall)
    HAL_PCD_EP_Transmit                      0x0800271d   Thumb Code    68  stm32f4xx_hal_pcd.o(.text.HAL_PCD_EP_Transmit)
    HAL_PCD_IRQHandler                       0x08002761   Thumb Code  2350  stm32f4xx_hal_pcd.o(.text.HAL_PCD_IRQHandler)
    HAL_PCD_ISOINIncompleteCallback          0x08003091   Thumb Code     8  usbd_conf.o(.text.HAL_PCD_ISOINIncompleteCallback)
    HAL_PCD_ISOOUTIncompleteCallback         0x08003099   Thumb Code     8  usbd_conf.o(.text.HAL_PCD_ISOOUTIncompleteCallback)
    HAL_PCD_Init                             0x080030a1   Thumb Code   318  stm32f4xx_hal_pcd.o(.text.HAL_PCD_Init)
    HAL_PCD_MspInit                          0x080031e1   Thumb Code   126  usbd_conf.o(.text.HAL_PCD_MspInit)
    HAL_PCD_ResetCallback                    0x08003261   Thumb Code    42  usbd_conf.o(.text.HAL_PCD_ResetCallback)
    HAL_PCD_ResumeCallback                   0x0800328d   Thumb Code     8  usbd_conf.o(.text.HAL_PCD_ResumeCallback)
    HAL_PCD_SOFCallback                      0x08003295   Thumb Code     8  usbd_conf.o(.text.HAL_PCD_SOFCallback)
    HAL_PCD_SetAddress                       0x0800329d   Thumb Code    40  stm32f4xx_hal_pcd.o(.text.HAL_PCD_SetAddress)
    HAL_PCD_SetupStageCallback               0x080032c5   Thumb Code    14  usbd_conf.o(.text.HAL_PCD_SetupStageCallback)
    HAL_PCD_Start                            0x080032d5   Thumb Code    62  stm32f4xx_hal_pcd.o(.text.HAL_PCD_Start)
    HAL_PCD_SuspendCallback                  0x08003315   Thumb Code    52  usbd_conf.o(.text.HAL_PCD_SuspendCallback)
    HAL_RCC_ClockConfig                      0x08003349   Thumb Code   352  stm32f4xx_hal_rcc.o(.text.HAL_RCC_ClockConfig)
    HAL_RCC_GetHCLKFreq                      0x080034a9   Thumb Code    12  stm32f4xx_hal_rcc.o(.text.HAL_RCC_GetHCLKFreq)
    HAL_RCC_GetPCLK1Freq                     0x080034b5   Thumb Code    38  stm32f4xx_hal_rcc.o(.text.HAL_RCC_GetPCLK1Freq)
    HAL_RCC_GetSysClockFreq                  0x080034dd   Thumb Code   106  stm32f4xx_hal_rcc.o(.text.HAL_RCC_GetSysClockFreq)
    HAL_RCC_OscConfig                        0x08003549   Thumb Code   888  stm32f4xx_hal_rcc.o(.text.HAL_RCC_OscConfig)
    HAL_SYSTICK_Config                       0x080038c1   Thumb Code    44  stm32f4xx_hal_cortex.o(.text.HAL_SYSTICK_Config)
    HAL_TIMEx_ConfigBreakDeadTime            0x080038ed   Thumb Code    76  stm32f4xx_hal_tim_ex.o(.text.HAL_TIMEx_ConfigBreakDeadTime)
    HAL_TIMEx_MasterConfigSynchronization    0x08003939   Thumb Code   182  stm32f4xx_hal_tim_ex.o(.text.HAL_TIMEx_MasterConfigSynchronization)
    HAL_TIM_Base_Init                        0x080039f1   Thumb Code    90  stm32f4xx_hal_tim.o(.text.HAL_TIM_Base_Init)
    HAL_TIM_Base_MspInit                     0x08003a4d   Thumb Code    94  tim.o(.text.HAL_TIM_Base_MspInit)
    HAL_TIM_Base_Start                       0x08003aad   Thumb Code   162  stm32f4xx_hal_tim.o(.text.HAL_TIM_Base_Start)
    HAL_TIM_ConfigClockSource                0x08003b51   Thumb Code   412  stm32f4xx_hal_tim.o(.text.HAL_TIM_ConfigClockSource)
    HAL_TIM_MspPostInit                      0x08003ced   Thumb Code   210  tim.o(.text.HAL_TIM_MspPostInit)
    HAL_TIM_PWM_ConfigChannel                0x08003dc1   Thumb Code   546  stm32f4xx_hal_tim.o(.text.HAL_TIM_PWM_ConfigChannel)
    HAL_TIM_PWM_Init                         0x08003fe5   Thumb Code    90  stm32f4xx_hal_tim.o(.text.HAL_TIM_PWM_Init)
    HAL_TIM_PWM_MspInit                      0x08004041   Thumb Code     2  stm32f4xx_hal_tim.o(.text.HAL_TIM_PWM_MspInit)
    HAL_TIM_PWM_Start                        0x08004045   Thumb Code   274  stm32f4xx_hal_tim.o(.text.HAL_TIM_PWM_Start)
    HardFault_Handler                        0x08004159   Thumb Code     2  stm32f4xx_it.o(.text.HardFault_Handler)
    MX_CAN1_Init                             0x0800415d   Thumb Code    68  can.o(.text.MX_CAN1_Init)
    MX_GPIO_Init                             0x080041a1   Thumb Code   156  gpio.o(.text.MX_GPIO_Init)
    MX_I2C2_Init                             0x0800423d   Thumb Code    66  i2c.o(.text.MX_I2C2_Init)
    MX_TIM1_Init                             0x08004281   Thumb Code   342  tim.o(.text.MX_TIM1_Init)
    MX_TIM8_Init                             0x080043d9   Thumb Code   320  tim.o(.text.MX_TIM8_Init)
    MX_USB_DEVICE_Init                       0x08004519   Thumb Code   114  usb_device.o(.text.MX_USB_DEVICE_Init)
    MemManage_Handler                        0x0800458d   Thumb Code     2  stm32f4xx_it.o(.text.MemManage_Handler)
    NMI_Handler                              0x08004591   Thumb Code     2  stm32f4xx_it.o(.text.NMI_Handler)
    OTG_FS_IRQHandler                        0x08004595   Thumb Code    12  stm32f4xx_it.o(.text.OTG_FS_IRQHandler)
    PendSV_Handler                           0x080045a1   Thumb Code     2  stm32f4xx_it.o(.text.PendSV_Handler)
    Print                                    0x080045a5   Thumb Code   844  main.o(.text.Print)
    Process_Commend                          0x080048f1   Thumb Code   476  main.o(.text.Process_Commend)
    Rollback_Enqueue                         0x08004acd   Thumb Code    10  main.o(.text.Rollback_Enqueue)
    SVC_Handler                              0x08004ad9   Thumb Code     2  stm32f4xx_it.o(.text.SVC_Handler)
    SysTick_Handler                          0x08004add   Thumb Code     4  stm32f4xx_it.o(.text.SysTick_Handler)
    SystemInit                               0x08004ae1   Thumb Code    86  system_stm32f4xx.o(.text.SystemInit)
    TIM_Base_SetConfig                       0x08004b39   Thumb Code   316  stm32f4xx_hal_tim.o(.text.TIM_Base_SetConfig)
    USBD_CDC_GetDeviceQualifierDescriptor    0x08004dc1   Thumb Code    16  usbd_cdc.o(.text.USBD_CDC_GetDeviceQualifierDescriptor)
    USBD_CDC_ReceivePacket                   0x08004fa9   Thumb Code    52  usbd_cdc.o(.text.USBD_CDC_ReceivePacket)
    USBD_CDC_RegisterInterface               0x08004fdd   Thumb Code    24  usbd_cdc.o(.text.USBD_CDC_RegisterInterface)
    USBD_CDC_SetRxBuffer                     0x08004ff5   Thumb Code    26  usbd_cdc.o(.text.USBD_CDC_SetRxBuffer)
    USBD_CDC_SetTxBuffer                     0x08005011   Thumb Code    30  usbd_cdc.o(.text.USBD_CDC_SetTxBuffer)
    USBD_CDC_TransmitPacket                  0x0800512d   Thumb Code    62  usbd_cdc.o(.text.USBD_CDC_TransmitPacket)
    USBD_ClrClassConfig                      0x0800516d   Thumb Code    18  usbd_core.o(.text.USBD_ClrClassConfig)
    USBD_CoreFindEP                          0x08005181   Thumb Code     4  usbd_core.o(.text.USBD_CoreFindEP)
    USBD_CoreFindIF                          0x08005185   Thumb Code     4  usbd_core.o(.text.USBD_CoreFindIF)
    USBD_CtlContinueRx                       0x08005189   Thumb Code    16  usbd_ioreq.o(.text.USBD_CtlContinueRx)
    USBD_CtlContinueSendData                 0x08005199   Thumb Code    16  usbd_ioreq.o(.text.USBD_CtlContinueSendData)
    USBD_CtlError                            0x080051a9   Thumb Code    22  usbd_ctlreq.o(.text.USBD_CtlError)
    USBD_CtlPrepareRx                        0x080051c1   Thumb Code    26  usbd_ioreq.o(.text.USBD_CtlPrepareRx)
    USBD_CtlReceiveStatus                    0x080051dd   Thumb Code    22  usbd_ioreq.o(.text.USBD_CtlReceiveStatus)
    USBD_CtlSendData                         0x080051f5   Thumb Code    26  usbd_ioreq.o(.text.USBD_CtlSendData)
    USBD_CtlSendStatus                       0x08005211   Thumb Code    22  usbd_ioreq.o(.text.USBD_CtlSendStatus)
    USBD_FS_ConfigStrDescriptor              0x08005229   Thumb Code    24  usbd_desc.o(.text.USBD_FS_ConfigStrDescriptor)
    USBD_FS_DeviceDescriptor                 0x0800524d   Thumb Code    14  usbd_desc.o(.text.USBD_FS_DeviceDescriptor)
    USBD_FS_InterfaceStrDescriptor           0x0800525d   Thumb Code    24  usbd_desc.o(.text.USBD_FS_InterfaceStrDescriptor)
    USBD_FS_LangIDStrDescriptor              0x08005285   Thumb Code    14  usbd_desc.o(.text.USBD_FS_LangIDStrDescriptor)
    USBD_FS_ManufacturerStrDescriptor        0x08005295   Thumb Code    24  usbd_desc.o(.text.USBD_FS_ManufacturerStrDescriptor)
    USBD_FS_ProductStrDescriptor             0x080052c1   Thumb Code    24  usbd_desc.o(.text.USBD_FS_ProductStrDescriptor)
    USBD_FS_SerialStrDescriptor              0x080052f1   Thumb Code   364  usbd_desc.o(.text.USBD_FS_SerialStrDescriptor)
    USBD_GetEpDesc                           0x0800545d   Thumb Code    64  usbd_core.o(.text.USBD_GetEpDesc)
    USBD_GetString                           0x0800549d   Thumb Code   218  usbd_ctlreq.o(.text.USBD_GetString)
    USBD_Init                                0x08005579   Thumb Code    42  usbd_core.o(.text.USBD_Init)
    USBD_LL_ClearStallEP                     0x080055a5   Thumb Code    34  usbd_conf.o(.text.USBD_LL_ClearStallEP)
    USBD_LL_CloseEP                          0x080055c9   Thumb Code    34  usbd_conf.o(.text.USBD_LL_CloseEP)
    USBD_LL_DataInStage                      0x080055ed   Thumb Code   182  usbd_core.o(.text.USBD_LL_DataInStage)
    USBD_LL_DataOutStage                     0x080056a5   Thumb Code   120  usbd_core.o(.text.USBD_LL_DataOutStage)
    USBD_LL_DevConnected                     0x0800571d   Thumb Code     4  usbd_core.o(.text.USBD_LL_DevConnected)
    USBD_LL_DevDisconnected                  0x08005721   Thumb Code    32  usbd_core.o(.text.USBD_LL_DevDisconnected)
    USBD_LL_GetRxDataSize                    0x08005741   Thumb Code     8  usbd_conf.o(.text.USBD_LL_GetRxDataSize)
    USBD_LL_Init                             0x08005749   Thumb Code   112  usbd_conf.o(.text.USBD_LL_Init)
    USBD_LL_IsStallEP                        0x080057b9   Thumb Code    32  usbd_conf.o(.text.USBD_LL_IsStallEP)
    USBD_LL_IsoINIncomplete                  0x080057d9   Thumb Code    40  usbd_core.o(.text.USBD_LL_IsoINIncomplete)
    USBD_LL_IsoOUTIncomplete                 0x08005801   Thumb Code    40  usbd_core.o(.text.USBD_LL_IsoOUTIncomplete)
    USBD_LL_OpenEP                           0x08005829   Thumb Code    40  usbd_conf.o(.text.USBD_LL_OpenEP)
    USBD_LL_PrepareReceive                   0x08005851   Thumb Code    34  usbd_conf.o(.text.USBD_LL_PrepareReceive)
    USBD_LL_Reset                            0x08005875   Thumb Code   102  usbd_core.o(.text.USBD_LL_Reset)
    USBD_LL_Resume                           0x080058dd   Thumb Code    20  usbd_core.o(.text.USBD_LL_Resume)
    USBD_LL_SOF                              0x080058f1   Thumb Code    28  usbd_core.o(.text.USBD_LL_SOF)
    USBD_LL_SetSpeed                         0x0800590d   Thumb Code     8  usbd_core.o(.text.USBD_LL_SetSpeed)
    USBD_LL_SetUSBAddress                    0x08005915   Thumb Code    34  usbd_conf.o(.text.USBD_LL_SetUSBAddress)
    USBD_LL_SetupStage                       0x08005939   Thumb Code    98  usbd_core.o(.text.USBD_LL_SetupStage)
    USBD_LL_StallEP                          0x0800599d   Thumb Code    34  usbd_conf.o(.text.USBD_LL_StallEP)
    USBD_LL_Start                            0x080059c1   Thumb Code    34  usbd_conf.o(.text.USBD_LL_Start)
    USBD_LL_Suspend                          0x080059e5   Thumb Code    20  usbd_core.o(.text.USBD_LL_Suspend)
    USBD_LL_Transmit                         0x080059f9   Thumb Code    34  usbd_conf.o(.text.USBD_LL_Transmit)
    USBD_ParseSetupRequest                   0x08005a1d   Thumb Code    22  usbd_ctlreq.o(.text.USBD_ParseSetupRequest)
    USBD_RegisterClass                       0x08005a35   Thumb Code    66  usbd_core.o(.text.USBD_RegisterClass)
    USBD_SetClassConfig                      0x08005a79   Thumb Code    16  usbd_core.o(.text.USBD_SetClassConfig)
    USBD_Start                               0x08005a89   Thumb Code     4  usbd_core.o(.text.USBD_Start)
    USBD_StdDevReq                           0x08005a8d   Thumb Code   884  usbd_ctlreq.o(.text.USBD_StdDevReq)
    USBD_StdEPReq                            0x08005e01   Thumb Code   374  usbd_ctlreq.o(.text.USBD_StdEPReq)
    USBD_StdItfReq                           0x08005f79   Thumb Code   148  usbd_ctlreq.o(.text.USBD_StdItfReq)
    USBD_static_free                         0x0800600d   Thumb Code     2  usbd_conf.o(.text.USBD_static_free)
    USBD_static_malloc                       0x08006011   Thumb Code    10  usbd_conf.o(.text.USBD_static_malloc)
    USB_ActivateEndpoint                     0x0800601d   Thumb Code   138  stm32f4xx_ll_usb.o(.text.USB_ActivateEndpoint)
    USB_ActivateSetup                        0x080060a9   Thumb Code    32  stm32f4xx_ll_usb.o(.text.USB_ActivateSetup)
    USB_CoreInit                             0x080060c9   Thumb Code   478  stm32f4xx_ll_usb.o(.text.USB_CoreInit)
    USB_DeactivateEndpoint                   0x080062a9   Thumb Code   132  stm32f4xx_ll_usb.o(.text.USB_DeactivateEndpoint)
    USB_DevConnect                           0x0800632d   Thumb Code    30  stm32f4xx_ll_usb.o(.text.USB_DevConnect)
    USB_DevDisconnect                        0x0800634d   Thumb Code    30  stm32f4xx_ll_usb.o(.text.USB_DevDisconnect)
    USB_DevInit                              0x0800636d   Thumb Code  1154  stm32f4xx_ll_usb.o(.text.USB_DevInit)
    USB_DisableGlobalInt                     0x080067f1   Thumb Code    14  stm32f4xx_ll_usb.o(.text.USB_DisableGlobalInt)
    USB_EP0StartXfer                         0x08006801   Thumb Code   252  stm32f4xx_ll_usb.o(.text.USB_EP0StartXfer)
    USB_EP0_OutStart                         0x080068fd   Thumb Code    90  stm32f4xx_ll_usb.o(.text.USB_EP0_OutStart)
    USB_EPClearStall                         0x08006959   Thumb Code    78  stm32f4xx_ll_usb.o(.text.USB_EPClearStall)
    USB_EPSetStall                           0x080069a9   Thumb Code    62  stm32f4xx_ll_usb.o(.text.USB_EPSetStall)
    USB_EPStartXfer                          0x080069e9   Thumb Code   512  stm32f4xx_ll_usb.o(.text.USB_EPStartXfer)
    USB_EPStopXfer                           0x08006be9   Thumb Code   270  stm32f4xx_ll_usb.o(.text.USB_EPStopXfer)
    USB_EnableGlobalInt                      0x08006cf9   Thumb Code    14  stm32f4xx_ll_usb.o(.text.USB_EnableGlobalInt)
    USB_FlushTxFifo                          0x08006d09   Thumb Code   182  stm32f4xx_ll_usb.o(.text.USB_FlushTxFifo)
    USB_GetDevSpeed                          0x08006dc1   Thumb Code    26  stm32f4xx_ll_usb.o(.text.USB_GetDevSpeed)
    USB_GetMode                              0x08006ddd   Thumb Code     8  stm32f4xx_ll_usb.o(.text.USB_GetMode)
    USB_ReadDevAllInEpInterrupt              0x08006de5   Thumb Code    14  stm32f4xx_ll_usb.o(.text.USB_ReadDevAllInEpInterrupt)
    USB_ReadDevAllOutEpInterrupt             0x08006df5   Thumb Code    14  stm32f4xx_ll_usb.o(.text.USB_ReadDevAllOutEpInterrupt)
    USB_ReadDevInEPInterrupt                 0x08006e05   Thumb Code    36  stm32f4xx_ll_usb.o(.text.USB_ReadDevInEPInterrupt)
    USB_ReadDevOutEPInterrupt                0x08006e29   Thumb Code    16  stm32f4xx_ll_usb.o(.text.USB_ReadDevOutEPInterrupt)
    USB_ReadInterrupts                       0x08006e39   Thumb Code     8  stm32f4xx_ll_usb.o(.text.USB_ReadInterrupts)
    USB_ReadPacket                           0x08006e41   Thumb Code   170  stm32f4xx_ll_usb.o(.text.USB_ReadPacket)
    USB_SetCurrentMode                       0x08006eed   Thumb Code   100  stm32f4xx_ll_usb.o(.text.USB_SetCurrentMode)
    USB_SetDevAddress                        0x08006f51   Thumb Code    34  stm32f4xx_ll_usb.o(.text.USB_SetDevAddress)
    USB_SetTurnaroundTime                    0x08006f75   Thumb Code   288  stm32f4xx_ll_usb.o(.text.USB_SetTurnaroundTime)
    USB_WritePacket                          0x08007095   Thumb Code   114  stm32f4xx_ll_usb.o(.text.USB_WritePacket)
    UsageFault_Handler                       0x08007109   Thumb Code     2  stm32f4xx_it.o(.text.UsageFault_Handler)
    can_filter_init                          0x0800710d   Thumb Code    60  bsp_can.o(.text.can_filter_init)
    get_motor_measure_point                  0x08007149   Thumb Code    10  can_receive.o(.text.get_motor_measure_point)
    main                                     0x08007159   Thumb Code  1588  main.o(.text.main)
    pid_init                                 0x080078bd   Thumb Code    30  pid.o(.text.pid_init)
    __aeabi_d2iz                             0x08007941   Thumb Code     0  dfix.o(x$fpl$dfix)
    _dfix                                    0x08007941   Thumb Code    94  dfix.o(x$fpl$dfix)
    __aeabi_i2d                              0x0800799f   Thumb Code     0  dflt_clz.o(x$fpl$dflt)
    _dflt                                    0x0800799f   Thumb Code    46  dflt_clz.o(x$fpl$dflt)
    __aeabi_dmul                             0x080079cd   Thumb Code     0  dmul.o(x$fpl$dmul)
    _dmul                                    0x080079cd   Thumb Code   332  dmul.o(x$fpl$dmul)
    __fpl_dnaninf                            0x08007b21   Thumb Code   156  dnaninf.o(x$fpl$dnaninf)
    __fpl_dretinf                            0x08007bbd   Thumb Code    12  dretinf.o(x$fpl$dretinf)
    _fp_init                                 0x08007bc9   Thumb Code    26  fpinit.o(x$fpl$fpinit)
    __fplib_config_fpu_vfp                   0x08007be1   Thumb Code     0  fpinit.o(x$fpl$fpinit)
    __fplib_config_pureend_doubles           0x08007be1   Thumb Code     0  fpinit.o(x$fpl$fpinit)
    AHBPrescTable                            0x08007be2   Data          16  system_stm32f4xx.o(.rodata.AHBPrescTable)
    __I$use$fp                               0x08007be2   Number         0  usenofp.o(x$fpl$usenofp)
    APBPrescTable                            0x08007bf2   Data           8  system_stm32f4xx.o(.rodata.APBPrescTable)
    Region$$Table$$Base                      0x08007bfc   Number         0  anon$$obj.o(Region$$Table)
    Region$$Table$$Limit                     0x08007c1c   Number         0  anon$$obj.o(Region$$Table)
    status                                   0x20000004   Data           1  main.o(.data..L_MergedGlobals)
    err_type                                 0x20000005   Data           1  main.o(.data..L_MergedGlobals)
    print_freq                               0x20000008   Data           4  main.o(.data..L_MergedGlobals)
    minimum_impact_rpm                       0x2000000c   Data           4  main.o(.data..L_MergedGlobals)
    uwTickFreq                               0x20000010   Data           1  stm32f4xx_hal.o(.data..L_MergedGlobals)
    uwTickPrio                               0x20000014   Data           4  stm32f4xx_hal.o(.data..L_MergedGlobals)
    FS_Desc                                  0x20000018   Data          28  usbd_desc.o(.data.FS_Desc)
    SystemCoreClock                          0x20000034   Data           4  system_stm32f4xx.o(.data.SystemCoreClock)
    USBD_CDC                                 0x20000038   Data          56  usbd_cdc.o(.data.USBD_CDC)
    USBD_FS_DeviceDesc                       0x200000c0   Data          18  usbd_desc.o(.data.USBD_FS_DeviceDesc)
    USBD_Interface_fops_FS                   0x200000d4   Data          20  usbd_cdc_if.o(.data.USBD_Interface_fops_FS)
    USBD_LangIDDesc                          0x200000e8   Data           4  usbd_desc.o(.data.USBD_LangIDDesc)
    USBD_StringSerial                        0x200000ec   Data          26  usbd_desc.o(.data.USBD_StringSerial)
    __libspace_start                         0x20000108   Data          96  libspace.o(.bss)
    __temporary_stack_top$libspace           0x20000168   Data           0  libspace.o(.bss)
    impact_phases                            0x20000188   Data           1  main.o(.bss..L_MergedGlobals.1)
    angle_err_counter                        0x20000189   Data           1  main.o(.bss..L_MergedGlobals.1)
    impact_direction                         0x2000018a   Data           1  main.o(.bss..L_MergedGlobals.1)
    target_rpm                               0x20000190   Data           2  main.o(.bss..L_MergedGlobals.1)
    accelerate_current                       0x20000192   Data           2  main.o(.bss..L_MergedGlobals.1)
    shift_angle                              0x20000194   Data           2  main.o(.bss..L_MergedGlobals.1)
    command_queue                            0x2000019c   Data           4  main.o(.bss..L_MergedGlobals.1)
    USBD_StrDesc                             0x200001b0   Data         512  usbd_desc.o(.bss.USBD_StrDesc)
    UserRxBufferFS                           0x200005d0   Data        2048  usbd_cdc_if.o(.bss.UserRxBufferFS)
    UserTxBufferFS                           0x20000dd0   Data        2048  usbd_cdc_if.o(.bss.UserTxBufferFS)
    hUsbDeviceFS                             0x200015d0   Data         732  usb_device.o(.bss.hUsbDeviceFS)
    hcan1                                    0x200018ac   Data          40  can.o(.bss.hcan1)
    hi2c2                                    0x200018d4   Data          84  i2c.o(.bss.hi2c2)
    hpcd_USB_OTG_FS                          0x20001928   Data        1292  usbd_conf.o(.bss.hpcd_USB_OTG_FS)
    htim1                                    0x20001e34   Data          72  tim.o(.bss.htim1)
    htim8                                    0x20001e7c   Data          72  tim.o(.bss.htim8)
    motor_pid                                0x20001ed0   Data         100  main.o(.bss.motor_pid)
    uwTick                                   0x20001f34   Data           4  stm32f4xx_hal.o(.bss.uwTick)



==============================================================================

Memory Map of the image

  Image Entry point : 0x08000189

  Load Region LR_IROM1 (Base: 0x08000000, Size: 0x00007d28, Max: 0x00100000, ABSOLUTE)

    Execution Region ER_IROM1 (Exec base: 0x08000000, Load base: 0x08000000, Size: 0x00007c1c, Max: 0x00100000, ABSOLUTE)

    Exec Addr    Load Addr    Size         Type   Attr      Idx    E Section Name        Object

    0x08000000   0x08000000   0x00000188   Data   RO            3    RESET               startup_stm32f407xx.o
    0x08000188   0x08000188   0x00000008   Code   RO         1686  * !!!main             c_w.l(__main.o)
    0x08000190   0x08000190   0x00000034   Code   RO         1930    !!!scatter          c_w.l(__scatter.o)
    0x080001c4   0x080001c4   0x0000001a   Code   RO         1932    !!handler_copy      c_w.l(__scatter_copy.o)
    0x080001de   0x080001de   0x00000002   PAD
    0x080001e0   0x080001e0   0x0000001c   Code   RO         1934    !!handler_zi        c_w.l(__scatter_zi.o)
    0x080001fc   0x080001fc   0x00000002   Code   RO         1865    .ARM.Collect$$libinit$$00000000  c_w.l(libinit.o)
    0x080001fe   0x080001fe   0x00000004   Code   RO         1738    .ARM.Collect$$libinit$$00000001  c_w.l(libinit2.o)
    0x08000202   0x08000202   0x00000000   Code   RO         1741    .ARM.Collect$$libinit$$00000004  c_w.l(libinit2.o)
    0x08000202   0x08000202   0x00000000   Code   RO         1743    .ARM.Collect$$libinit$$00000006  c_w.l(libinit2.o)
    0x08000202   0x08000202   0x00000008   Code   RO         1744    .ARM.Collect$$libinit$$00000007  c_w.l(libinit2.o)
    0x0800020a   0x0800020a   0x00000000   Code   RO         1746    .ARM.Collect$$libinit$$0000000C  c_w.l(libinit2.o)
    0x0800020a   0x0800020a   0x00000000   Code   RO         1748    .ARM.Collect$$libinit$$0000000E  c_w.l(libinit2.o)
    0x0800020a   0x0800020a   0x00000000   Code   RO         1750    .ARM.Collect$$libinit$$00000010  c_w.l(libinit2.o)
    0x0800020a   0x0800020a   0x00000000   Code   RO         1753    .ARM.Collect$$libinit$$00000013  c_w.l(libinit2.o)
    0x0800020a   0x0800020a   0x00000000   Code   RO         1755    .ARM.Collect$$libinit$$00000015  c_w.l(libinit2.o)
    0x0800020a   0x0800020a   0x00000000   Code   RO         1757    .ARM.Collect$$libinit$$00000017  c_w.l(libinit2.o)
    0x0800020a   0x0800020a   0x00000000   Code   RO         1759    .ARM.Collect$$libinit$$00000019  c_w.l(libinit2.o)
    0x0800020a   0x0800020a   0x00000000   Code   RO         1761    .ARM.Collect$$libinit$$0000001B  c_w.l(libinit2.o)
    0x0800020a   0x0800020a   0x00000000   Code   RO         1763    .ARM.Collect$$libinit$$0000001D  c_w.l(libinit2.o)
    0x0800020a   0x0800020a   0x00000000   Code   RO         1765    .ARM.Collect$$libinit$$0000001F  c_w.l(libinit2.o)
    0x0800020a   0x0800020a   0x00000000   Code   RO         1767    .ARM.Collect$$libinit$$00000021  c_w.l(libinit2.o)
    0x0800020a   0x0800020a   0x00000000   Code   RO         1769    .ARM.Collect$$libinit$$00000023  c_w.l(libinit2.o)
    0x0800020a   0x0800020a   0x00000000   Code   RO         1771    .ARM.Collect$$libinit$$00000025  c_w.l(libinit2.o)
    0x0800020a   0x0800020a   0x00000000   Code   RO         1773    .ARM.Collect$$libinit$$00000027  c_w.l(libinit2.o)
    0x0800020a   0x0800020a   0x00000000   Code   RO         1777    .ARM.Collect$$libinit$$0000002E  c_w.l(libinit2.o)
    0x0800020a   0x0800020a   0x00000000   Code   RO         1779    .ARM.Collect$$libinit$$00000030  c_w.l(libinit2.o)
    0x0800020a   0x0800020a   0x00000000   Code   RO         1781    .ARM.Collect$$libinit$$00000032  c_w.l(libinit2.o)
    0x0800020a   0x0800020a   0x00000000   Code   RO         1783    .ARM.Collect$$libinit$$00000034  c_w.l(libinit2.o)
    0x0800020a   0x0800020a   0x00000002   Code   RO         1784    .ARM.Collect$$libinit$$00000035  c_w.l(libinit2.o)
    0x0800020c   0x0800020c   0x00000002   Code   RO         1927    .ARM.Collect$$libshutdown$$00000000  c_w.l(libshutdown.o)
    0x0800020e   0x0800020e   0x00000000   Code   RO         1883    .ARM.Collect$$libshutdown$$00000002  c_w.l(libshutdown2.o)
    0x0800020e   0x0800020e   0x00000000   Code   RO         1885    .ARM.Collect$$libshutdown$$00000004  c_w.l(libshutdown2.o)
    0x0800020e   0x0800020e   0x00000000   Code   RO         1888    .ARM.Collect$$libshutdown$$00000007  c_w.l(libshutdown2.o)
    0x0800020e   0x0800020e   0x00000000   Code   RO         1891    .ARM.Collect$$libshutdown$$0000000A  c_w.l(libshutdown2.o)
    0x0800020e   0x0800020e   0x00000000   Code   RO         1893    .ARM.Collect$$libshutdown$$0000000C  c_w.l(libshutdown2.o)
    0x0800020e   0x0800020e   0x00000000   Code   RO         1896    .ARM.Collect$$libshutdown$$0000000F  c_w.l(libshutdown2.o)
    0x0800020e   0x0800020e   0x00000002   Code   RO         1897    .ARM.Collect$$libshutdown$$00000010  c_w.l(libshutdown2.o)
    0x08000210   0x08000210   0x00000000   Code   RO         1702    .ARM.Collect$$rtentry$$00000000  c_w.l(__rtentry.o)
    0x08000210   0x08000210   0x00000000   Code   RO         1798    .ARM.Collect$$rtentry$$00000002  c_w.l(__rtentry2.o)
    0x08000210   0x08000210   0x00000006   Code   RO         1810    .ARM.Collect$$rtentry$$00000004  c_w.l(__rtentry4.o)
    0x08000216   0x08000216   0x00000000   Code   RO         1800    .ARM.Collect$$rtentry$$00000009  c_w.l(__rtentry2.o)
    0x08000216   0x08000216   0x00000004   Code   RO         1801    .ARM.Collect$$rtentry$$0000000A  c_w.l(__rtentry2.o)
    0x0800021a   0x0800021a   0x00000000   Code   RO         1803    .ARM.Collect$$rtentry$$0000000C  c_w.l(__rtentry2.o)
    0x0800021a   0x0800021a   0x00000008   Code   RO         1804    .ARM.Collect$$rtentry$$0000000D  c_w.l(__rtentry2.o)
    0x08000222   0x08000222   0x00000002   Code   RO         1870    .ARM.Collect$$rtexit$$00000000  c_w.l(rtexit.o)
    0x08000224   0x08000224   0x00000000   Code   RO         1903    .ARM.Collect$$rtexit$$00000002  c_w.l(rtexit2.o)
    0x08000224   0x08000224   0x00000004   Code   RO         1904    .ARM.Collect$$rtexit$$00000003  c_w.l(rtexit2.o)
    0x08000228   0x08000228   0x00000006   Code   RO         1905    .ARM.Collect$$rtexit$$00000004  c_w.l(rtexit2.o)
    0x0800022e   0x0800022e   0x00000002   PAD
    0x08000230   0x08000230   0x00000040   Code   RO            4    .text               startup_stm32f407xx.o
    0x08000270   0x08000270   0x0000005e   Code   RO         1613    .text               c_w.l(h1_alloc.o)
    0x080002ce   0x080002ce   0x0000004e   Code   RO         1615    .text               c_w.l(h1_free.o)
    0x0800031c   0x0800031c   0x000000f0   Code   RO         1671    .text               c_w.l(lludivv7m.o)
    0x0800040c   0x0800040c   0x0000000c   Code   RO         1673    .text               c_w.l(strtok.o)
    0x08000418   0x08000418   0x0000008a   Code   RO         1676    .text               c_w.l(rt_memcpy_v6.o)
    0x080004a2   0x080004a2   0x00000010   Code   RO         1678    .text               c_w.l(aeabi_memset.o)
    0x080004b2   0x080004b2   0x0000004e   Code   RO         1680    .text               c_w.l(rt_memclr_w.o)
    0x08000500   0x08000500   0x0000007c   Code   RO         1682    .text               c_w.l(strcmpv7em.o)
    0x0800057c   0x0800057c   0x00000006   Code   RO         1684    .text               c_w.l(heapauxi.o)
    0x08000582   0x08000582   0x00000002   PAD
    0x08000584   0x08000584   0x00000008   Code   RO         1710    .text               c_w.l(rt_heap_descriptor_intlibspace.o)
    0x0800058c   0x0800058c   0x00000004   Code   RO         1712    .text               c_w.l(hguard.o)
    0x08000590   0x08000590   0x0000008a   Code   RO         1714    .text               c_w.l(init_alloc.o)
    0x0800061a   0x0800061a   0x0000000e   Code   RO         1718    .text               c_w.l(h1_init.o)
    0x08000628   0x08000628   0x00000044   Code   RO         1730    .text               c_w.l(strtok_int.o)
    0x0800066c   0x0800066c   0x00000064   Code   RO         1732    .text               c_w.l(rt_memcpy_w.o)
    0x080006d0   0x080006d0   0x00000044   Code   RO         1734    .text               c_w.l(rt_memclr.o)
    0x08000714   0x08000714   0x00000008   Code   RO         1794    .text               c_w.l(libspace.o)
    0x0800071c   0x0800071c   0x00000000   Code   RO         1816    .text               c_w.l(maybetermalloc1.o)
    0x0800071c   0x0800071c   0x00000034   Code   RO         1818    .text               c_w.l(h1_extend.o)
    0x08000750   0x08000750   0x0000000e   Code   RO         1822    .text               c_w.l(defsig_rtmem_outer.o)
    0x0800075e   0x0800075e   0x00000020   Code   RO         1826    .text               c_w.l(strcspn.o)
    0x0800077e   0x0800077e   0x0000001c   Code   RO         1828    .text               c_w.l(strspn.o)
    0x0800079a   0x0800079a   0x00000002   Code   RO         1837    .text               c_w.l(use_no_semi.o)
    0x0800079c   0x0800079c   0x00000000   Code   RO         1839    .text               c_w.l(indicate_semi.o)
    0x0800079c   0x0800079c   0x0000004a   Code   RO         1840    .text               c_w.l(sys_stackheap_outer.o)
    0x080007e6   0x080007e6   0x00000012   Code   RO         1846    .text               c_w.l(exit.o)
    0x080007f8   0x080007f8   0x0000000a   Code   RO         1848    .text               c_w.l(defsig_exit.o)
    0x08000802   0x08000802   0x00000002   PAD
    0x08000804   0x08000804   0x00000050   Code   RO         1854    .text               c_w.l(defsig_rtmem_inner.o)
    0x08000854   0x08000854   0x0000000c   Code   RO         1866    .text               c_w.l(sys_exit.o)
    0x08000860   0x08000860   0x00000032   Code   RO         1878    .text               c_w.l(defsig_general.o)
    0x08000892   0x08000892   0x0000000e   Code   RO         1898    .text               c_w.l(sys_wrch.o)
    0x080008a0   0x080008a0   0x00000002   Code   RO          264    .text.BusFault_Handler  stm32f4xx_it.o
    0x080008a2   0x080008a2   0x00000002   PAD
    0x080008a4   0x080008a4   0x0000000c   Code   RO          276    .text.CAN1_RX0_IRQHandler  stm32f4xx_it.o
    0x080008b0   0x080008b0   0x00000046   Code   RO         1594    .text.CAN_cmd_current  can_receive.o
    0x080008f6   0x080008f6   0x00000002   PAD
    0x080008f8   0x080008f8   0x00000004   Code   RO          236    .text.CDC_Control_FS  usbd_cdc_if.o
    0x080008fc   0x080008fc   0x00000004   Code   RO          234    .text.CDC_DeInit_FS  usbd_cdc_if.o
    0x08000900   0x08000900   0x0000002c   Code   RO          232    .text.CDC_Init_FS   usbd_cdc_if.o
    0x0800092c   0x0800092c   0x000002dc   Code   RO          238    .text.CDC_Receive_FS  usbd_cdc_if.o
    0x08000c08   0x08000c08   0x00000004   Code   RO          240    .text.CDC_TransmitCplt_FS  usbd_cdc_if.o
    0x08000c0c   0x08000c0c   0x00000036   Code   RO          242    .text.CDC_Transmit_FS  usbd_cdc_if.o
    0x08000c42   0x08000c42   0x00000002   PAD
    0x08000c44   0x08000c44   0x0000000a   Code   RO           41    .text.Confirm_Enqueue  main.o
    0x08000c4e   0x08000c4e   0x00000002   PAD
    0x08000c50   0x08000c50   0x00000002   Code   RO          270    .text.DebugMon_Handler  stm32f4xx_it.o
    0x08000c52   0x08000c52   0x00000002   PAD
    0x08000c54   0x08000c54   0x0000005e   Code   RO           39    .text.Enqueue_Command  main.o
    0x08000cb2   0x08000cb2   0x00000002   PAD
    0x08000cb4   0x08000cb4   0x00000002   Code   RO           25    .text.Error_Handler  main.o
    0x08000cb6   0x08000cb6   0x00000002   PAD
    0x08000cb8   0x08000cb8   0x0000002e   Code   RO          906    .text.HAL_CAN_ActivateNotification  stm32f4xx_hal_can.o
    0x08000ce6   0x08000ce6   0x00000002   PAD
    0x08000ce8   0x08000ce8   0x000000bc   Code   RO          892    .text.HAL_CAN_AddTxMessage  stm32f4xx_hal_can.o
    0x08000da4   0x08000da4   0x000000de   Code   RO          882    .text.HAL_CAN_ConfigFilter  stm32f4xx_hal_can.o
    0x08000e82   0x08000e82   0x00000002   PAD
    0x08000e84   0x08000e84   0x00000002   Code   RO          936    .text.HAL_CAN_ErrorCallback  stm32f4xx_hal_can.o
    0x08000e86   0x08000e86   0x00000002   PAD
    0x08000e88   0x08000e88   0x0000011e   Code   RO          902    .text.HAL_CAN_GetRxMessage  stm32f4xx_hal_can.o
    0x08000fa6   0x08000fa6   0x00000002   PAD
    0x08000fa8   0x08000fa8   0x0000025e   Code   RO          910    .text.HAL_CAN_IRQHandler  stm32f4xx_hal_can.o
    0x08001206   0x08001206   0x00000002   PAD
    0x08001208   0x08001208   0x000000f4   Code   RO          872    .text.HAL_CAN_Init  stm32f4xx_hal_can.o
    0x080012fc   0x080012fc   0x00000078   Code   RO           76    .text.HAL_CAN_MspInit  can.o
    0x08001374   0x08001374   0x00000002   Code   RO          924    .text.HAL_CAN_RxFifo0FullCallback  stm32f4xx_hal_can.o
    0x08001376   0x08001376   0x00000002   PAD
    0x08001378   0x08001378   0x0000004c   Code   RO         1590    .text.HAL_CAN_RxFifo0MsgPendingCallback  can_receive.o
    0x080013c4   0x080013c4   0x00000002   Code   RO          928    .text.HAL_CAN_RxFifo1FullCallback  stm32f4xx_hal_can.o
    0x080013c6   0x080013c6   0x00000002   PAD
    0x080013c8   0x080013c8   0x00000002   Code   RO          930    .text.HAL_CAN_RxFifo1MsgPendingCallback  stm32f4xx_hal_can.o
    0x080013ca   0x080013ca   0x00000002   PAD
    0x080013cc   0x080013cc   0x00000002   Code   RO          932    .text.HAL_CAN_SleepCallback  stm32f4xx_hal_can.o
    0x080013ce   0x080013ce   0x00000002   PAD
    0x080013d0   0x080013d0   0x0000005a   Code   RO          884    .text.HAL_CAN_Start  stm32f4xx_hal_can.o
    0x0800142a   0x0800142a   0x00000002   PAD
    0x0800142c   0x0800142c   0x00000002   Code   RO          914    .text.HAL_CAN_TxMailbox0AbortCallback  stm32f4xx_hal_can.o
    0x0800142e   0x0800142e   0x00000002   PAD
    0x08001430   0x08001430   0x00000002   Code   RO          912    .text.HAL_CAN_TxMailbox0CompleteCallback  stm32f4xx_hal_can.o
    0x08001432   0x08001432   0x00000002   PAD
    0x08001434   0x08001434   0x00000002   Code   RO          918    .text.HAL_CAN_TxMailbox1AbortCallback  stm32f4xx_hal_can.o
    0x08001436   0x08001436   0x00000002   PAD
    0x08001438   0x08001438   0x00000002   Code   RO          916    .text.HAL_CAN_TxMailbox1CompleteCallback  stm32f4xx_hal_can.o
    0x0800143a   0x0800143a   0x00000002   PAD
    0x0800143c   0x0800143c   0x00000002   Code   RO          922    .text.HAL_CAN_TxMailbox2AbortCallback  stm32f4xx_hal_can.o
    0x0800143e   0x0800143e   0x00000002   PAD
    0x08001440   0x08001440   0x00000002   Code   RO          920    .text.HAL_CAN_TxMailbox2CompleteCallback  stm32f4xx_hal_can.o
    0x08001442   0x08001442   0x00000002   PAD
    0x08001444   0x08001444   0x00000002   Code   RO          934    .text.HAL_CAN_WakeUpFromRxMsgCallback  stm32f4xx_hal_can.o
    0x08001446   0x08001446   0x00000002   PAD
    0x08001448   0x08001448   0x00000028   Code   RO          802    .text.HAL_Delay     stm32f4xx_hal.o
    0x08001470   0x08001470   0x000001ba   Code   RO          603    .text.HAL_GPIO_Init  stm32f4xx_hal_gpio.o
    0x0800162a   0x0800162a   0x00000002   PAD
    0x0800162c   0x0800162c   0x0000000c   Code   RO          794    .text.HAL_GetTick   stm32f4xx_hal.o
    0x08001638   0x08001638   0x00000176   Code   RO          952    .text.HAL_I2C_Init  stm32f4xx_hal_i2c.o
    0x080017ae   0x080017ae   0x00000002   PAD
    0x080017b0   0x080017b0   0x00000602   Code   RO          966    .text.HAL_I2C_Master_Receive  stm32f4xx_hal_i2c.o
    0x08001db2   0x08001db2   0x00000002   PAD
    0x08001db4   0x08001db4   0x00000478   Code   RO          960    .text.HAL_I2C_Master_Transmit  stm32f4xx_hal_i2c.o
    0x0800222c   0x0800222c   0x00000068   Code   RO           91    .text.HAL_I2C_MspInit  i2c.o
    0x08002294   0x08002294   0x0000001a   Code   RO          792    .text.HAL_IncTick   stm32f4xx_hal.o
    0x080022ae   0x080022ae   0x00000002   PAD
    0x080022b0   0x080022b0   0x00000036   Code   RO          782    .text.HAL_Init      stm32f4xx_hal.o
    0x080022e6   0x080022e6   0x00000002   PAD
    0x080022e8   0x080022e8   0x00000048   Code   RO          784    .text.HAL_InitTick  stm32f4xx_hal.o
    0x08002330   0x08002330   0x00000038   Code   RO          287    .text.HAL_MspInit   stm32f4xx_hal_msp.o
    0x08002368   0x08002368   0x00000020   Code   RO          740    .text.HAL_NVIC_EnableIRQ  stm32f4xx_hal_cortex.o
    0x08002388   0x08002388   0x00000056   Code   RO          738    .text.HAL_NVIC_SetPriority  stm32f4xx_hal_cortex.o
    0x080023de   0x080023de   0x00000002   PAD
    0x080023e0   0x080023e0   0x00000020   Code   RO          736    .text.HAL_NVIC_SetPriorityGrouping  stm32f4xx_hal_cortex.o
    0x08002400   0x08002400   0x00000002   Code   RO          377    .text.HAL_PCDEx_LPM_Callback  stm32f4xx_hal_pcd_ex.o
    0x08002402   0x08002402   0x00000002   PAD
    0x08002404   0x08002404   0x00000008   Code   RO          375    .text.HAL_PCDEx_SetRxFiFo  stm32f4xx_hal_pcd_ex.o
    0x0800240c   0x0800240c   0x000000ea   Code   RO          373    .text.HAL_PCDEx_SetTxFiFo  stm32f4xx_hal_pcd_ex.o
    0x080024f6   0x080024f6   0x00000002   PAD
    0x080024f8   0x080024f8   0x00000008   Code   RO          155    .text.HAL_PCD_ConnectCallback  usbd_conf.o
    0x08002500   0x08002500   0x00000014   Code   RO          141    .text.HAL_PCD_DataInStageCallback  usbd_conf.o
    0x08002514   0x08002514   0x00000016   Code   RO          139    .text.HAL_PCD_DataOutStageCallback  usbd_conf.o
    0x0800252a   0x0800252a   0x00000002   PAD
    0x0800252c   0x0800252c   0x00000008   Code   RO          157    .text.HAL_PCD_DisconnectCallback  usbd_conf.o
    0x08002534   0x08002534   0x0000004c   Code   RO          343    .text.HAL_PCD_EP_Close  stm32f4xx_hal_pcd.o
    0x08002580   0x08002580   0x00000064   Code   RO          353    .text.HAL_PCD_EP_ClrStall  stm32f4xx_hal_pcd.o
    0x080025e4   0x080025e4   0x00000012   Code   RO          347    .text.HAL_PCD_EP_GetRxCount  stm32f4xx_hal_pcd.o
    0x080025f6   0x080025f6   0x00000002   PAD
    0x080025f8   0x080025f8   0x00000060   Code   RO          341    .text.HAL_PCD_EP_Open  stm32f4xx_hal_pcd.o
    0x08002658   0x08002658   0x0000004c   Code   RO          345    .text.HAL_PCD_EP_Receive  stm32f4xx_hal_pcd.o
    0x080026a4   0x080026a4   0x00000078   Code   RO          351    .text.HAL_PCD_EP_SetStall  stm32f4xx_hal_pcd.o
    0x0800271c   0x0800271c   0x00000044   Code   RO          349    .text.HAL_PCD_EP_Transmit  stm32f4xx_hal_pcd.o
    0x08002760   0x08002760   0x0000092e   Code   RO          307    .text.HAL_PCD_IRQHandler  stm32f4xx_hal_pcd.o
    0x0800308e   0x0800308e   0x00000002   PAD
    0x08003090   0x08003090   0x00000008   Code   RO          153    .text.HAL_PCD_ISOINIncompleteCallback  usbd_conf.o
    0x08003098   0x08003098   0x00000008   Code   RO          151    .text.HAL_PCD_ISOOUTIncompleteCallback  usbd_conf.o
    0x080030a0   0x080030a0   0x0000013e   Code   RO          295    .text.HAL_PCD_Init  stm32f4xx_hal_pcd.o
    0x080031de   0x080031de   0x00000002   PAD
    0x080031e0   0x080031e0   0x0000007e   Code   RO          133    .text.HAL_PCD_MspInit  usbd_conf.o
    0x0800325e   0x0800325e   0x00000002   PAD
    0x08003260   0x08003260   0x0000002a   Code   RO          145    .text.HAL_PCD_ResetCallback  usbd_conf.o
    0x0800328a   0x0800328a   0x00000002   PAD
    0x0800328c   0x0800328c   0x00000008   Code   RO          149    .text.HAL_PCD_ResumeCallback  usbd_conf.o
    0x08003294   0x08003294   0x00000008   Code   RO          143    .text.HAL_PCD_SOFCallback  usbd_conf.o
    0x0800329c   0x0800329c   0x00000028   Code   RO          339    .text.HAL_PCD_SetAddress  stm32f4xx_hal_pcd.o
    0x080032c4   0x080032c4   0x0000000e   Code   RO          137    .text.HAL_PCD_SetupStageCallback  usbd_conf.o
    0x080032d2   0x080032d2   0x00000002   PAD
    0x080032d4   0x080032d4   0x0000003e   Code   RO          303    .text.HAL_PCD_Start  stm32f4xx_hal_pcd.o
    0x08003312   0x08003312   0x00000002   PAD
    0x08003314   0x08003314   0x00000034   Code   RO          147    .text.HAL_PCD_SuspendCallback  usbd_conf.o
    0x08003348   0x08003348   0x00000160   Code   RO          497    .text.HAL_RCC_ClockConfig  stm32f4xx_hal_rcc.o
    0x080034a8   0x080034a8   0x0000000c   Code   RO          507    .text.HAL_RCC_GetHCLKFreq  stm32f4xx_hal_rcc.o
    0x080034b4   0x080034b4   0x00000026   Code   RO          509    .text.HAL_RCC_GetPCLK1Freq  stm32f4xx_hal_rcc.o
    0x080034da   0x080034da   0x00000002   PAD
    0x080034dc   0x080034dc   0x0000006a   Code   RO          499    .text.HAL_RCC_GetSysClockFreq  stm32f4xx_hal_rcc.o
    0x08003546   0x08003546   0x00000002   PAD
    0x08003548   0x08003548   0x00000378   Code   RO          495    .text.HAL_RCC_OscConfig  stm32f4xx_hal_rcc.o
    0x080038c0   0x080038c0   0x0000002c   Code   RO          748    .text.HAL_SYSTICK_Config  stm32f4xx_hal_cortex.o
    0x080038ec   0x080038ec   0x0000004c   Code   RO         1384    .text.HAL_TIMEx_ConfigBreakDeadTime  stm32f4xx_hal_tim_ex.o
    0x08003938   0x08003938   0x000000b6   Code   RO         1382    .text.HAL_TIMEx_MasterConfigSynchronization  stm32f4xx_hal_tim_ex.o
    0x080039ee   0x080039ee   0x00000002   PAD
    0x080039f0   0x080039f0   0x0000005a   Code   RO         1087    .text.HAL_TIM_Base_Init  stm32f4xx_hal_tim.o
    0x08003a4a   0x08003a4a   0x00000002   PAD
    0x08003a4c   0x08003a4c   0x0000005e   Code   RO          110    .text.HAL_TIM_Base_MspInit  tim.o
    0x08003aaa   0x08003aaa   0x00000002   PAD
    0x08003aac   0x08003aac   0x000000a2   Code   RO         1097    .text.HAL_TIM_Base_Start  stm32f4xx_hal_tim.o
    0x08003b4e   0x08003b4e   0x00000002   PAD
    0x08003b50   0x08003b50   0x0000019c   Code   RO         1267    .text.HAL_TIM_ConfigClockSource  stm32f4xx_hal_tim.o
    0x08003cec   0x08003cec   0x000000d2   Code   RO          106    .text.HAL_TIM_MspPostInit  tim.o
    0x08003dbe   0x08003dbe   0x00000002   PAD
    0x08003dc0   0x08003dc0   0x00000222   Code   RO         1241    .text.HAL_TIM_PWM_ConfigChannel  stm32f4xx_hal_tim.o
    0x08003fe2   0x08003fe2   0x00000002   PAD
    0x08003fe4   0x08003fe4   0x0000005a   Code   RO         1141    .text.HAL_TIM_PWM_Init  stm32f4xx_hal_tim.o
    0x0800403e   0x0800403e   0x00000002   PAD
    0x08004040   0x08004040   0x00000002   Code   RO         1143    .text.HAL_TIM_PWM_MspInit  stm32f4xx_hal_tim.o
    0x08004042   0x08004042   0x00000002   PAD
    0x08004044   0x08004044   0x00000112   Code   RO         1149    .text.HAL_TIM_PWM_Start  stm32f4xx_hal_tim.o
    0x08004156   0x08004156   0x00000002   PAD
    0x08004158   0x08004158   0x00000002   Code   RO          260    .text.HardFault_Handler  stm32f4xx_it.o
    0x0800415a   0x0800415a   0x00000002   PAD
    0x0800415c   0x0800415c   0x00000044   Code   RO           74    .text.MX_CAN1_Init  can.o
    0x080041a0   0x080041a0   0x0000009c   Code   RO           66    .text.MX_GPIO_Init  gpio.o
    0x0800423c   0x0800423c   0x00000042   Code   RO           89    .text.MX_I2C2_Init  i2c.o
    0x0800427e   0x0800427e   0x00000002   PAD
    0x08004280   0x08004280   0x00000156   Code   RO          104    .text.MX_TIM1_Init  tim.o
    0x080043d6   0x080043d6   0x00000002   PAD
    0x080043d8   0x080043d8   0x00000140   Code   RO          108    .text.MX_TIM8_Init  tim.o
    0x08004518   0x08004518   0x00000072   Code   RO          124    .text.MX_USB_DEVICE_Init  usb_device.o
    0x0800458a   0x0800458a   0x00000002   PAD
    0x0800458c   0x0800458c   0x00000002   Code   RO          262    .text.MemManage_Handler  stm32f4xx_it.o
    0x0800458e   0x0800458e   0x00000002   PAD
    0x08004590   0x08004590   0x00000002   Code   RO          258    .text.NMI_Handler   stm32f4xx_it.o
    0x08004592   0x08004592   0x00000002   PAD
    0x08004594   0x08004594   0x0000000c   Code   RO          278    .text.OTG_FS_IRQHandler  stm32f4xx_it.o
    0x080045a0   0x080045a0   0x00000002   Code   RO          272    .text.PendSV_Handler  stm32f4xx_it.o
    0x080045a2   0x080045a2   0x00000002   PAD
    0x080045a4   0x080045a4   0x0000034c   Code   RO           23    .text.Print         main.o
    0x080048f0   0x080048f0   0x000001dc   Code   RO           17    .text.Process_Commend  main.o
    0x08004acc   0x08004acc   0x0000000a   Code   RO           43    .text.Rollback_Enqueue  main.o
    0x08004ad6   0x08004ad6   0x00000002   PAD
    0x08004ad8   0x08004ad8   0x00000002   Code   RO          268    .text.SVC_Handler   stm32f4xx_it.o
    0x08004ada   0x08004ada   0x00000002   PAD
    0x08004adc   0x08004adc   0x00000004   Code   RO          274    .text.SysTick_Handler  stm32f4xx_it.o
    0x08004ae0   0x08004ae0   0x00000056   Code   RO         1406    .text.SystemInit    system_stm32f4xx.o
    0x08004b36   0x08004b36   0x00000002   PAD
    0x08004b38   0x08004b38   0x0000013c   Code   RO         1091    .text.TIM_Base_SetConfig  stm32f4xx_hal_tim.o
    0x08004c74   0x08004c74   0x00000076   Code   RO         1528    .text.USBD_CDC_DataIn  usbd_cdc.o
    0x08004cea   0x08004cea   0x00000002   PAD
    0x08004cec   0x08004cec   0x0000003c   Code   RO         1530    .text.USBD_CDC_DataOut  usbd_cdc.o
    0x08004d28   0x08004d28   0x0000005a   Code   RO         1522    .text.USBD_CDC_DeInit  usbd_cdc.o
    0x08004d82   0x08004d82   0x00000002   PAD
    0x08004d84   0x08004d84   0x0000003c   Code   RO         1526    .text.USBD_CDC_EP0_RxReady  usbd_cdc.o
    0x08004dc0   0x08004dc0   0x00000010   Code   RO         1538    .text.USBD_CDC_GetDeviceQualifierDescriptor  usbd_cdc.o
    0x08004dd0   0x08004dd0   0x00000052   Code   RO         1534    .text.USBD_CDC_GetFSCfgDesc  usbd_cdc.o
    0x08004e22   0x08004e22   0x00000002   PAD
    0x08004e24   0x08004e24   0x00000056   Code   RO         1532    .text.USBD_CDC_GetHSCfgDesc  usbd_cdc.o
    0x08004e7a   0x08004e7a   0x00000002   PAD
    0x08004e7c   0x08004e7c   0x00000052   Code   RO         1536    .text.USBD_CDC_GetOtherSpeedCfgDesc  usbd_cdc.o
    0x08004ece   0x08004ece   0x00000002   PAD
    0x08004ed0   0x08004ed0   0x000000d6   Code   RO         1520    .text.USBD_CDC_Init  usbd_cdc.o
    0x08004fa6   0x08004fa6   0x00000002   PAD
    0x08004fa8   0x08004fa8   0x00000034   Code   RO         1548    .text.USBD_CDC_ReceivePacket  usbd_cdc.o
    0x08004fdc   0x08004fdc   0x00000018   Code   RO         1540    .text.USBD_CDC_RegisterInterface  usbd_cdc.o
    0x08004ff4   0x08004ff4   0x0000001a   Code   RO         1544    .text.USBD_CDC_SetRxBuffer  usbd_cdc.o
    0x0800500e   0x0800500e   0x00000002   PAD
    0x08005010   0x08005010   0x0000001e   Code   RO         1542    .text.USBD_CDC_SetTxBuffer  usbd_cdc.o
    0x0800502e   0x0800502e   0x00000002   PAD
    0x08005030   0x08005030   0x000000fc   Code   RO         1524    .text.USBD_CDC_Setup  usbd_cdc.o
    0x0800512c   0x0800512c   0x0000003e   Code   RO         1546    .text.USBD_CDC_TransmitPacket  usbd_cdc.o
    0x0800516a   0x0800516a   0x00000002   PAD
    0x0800516c   0x0800516c   0x00000012   Code   RO         1435    .text.USBD_ClrClassConfig  usbd_core.o
    0x0800517e   0x0800517e   0x00000002   PAD
    0x08005180   0x08005180   0x00000004   Code   RO         1443    .text.USBD_CoreFindEP  usbd_core.o
    0x08005184   0x08005184   0x00000004   Code   RO         1441    .text.USBD_CoreFindIF  usbd_core.o
    0x08005188   0x08005188   0x00000010   Code   RO         1504    .text.USBD_CtlContinueRx  usbd_ioreq.o
    0x08005198   0x08005198   0x00000010   Code   RO         1500    .text.USBD_CtlContinueSendData  usbd_ioreq.o
    0x080051a8   0x080051a8   0x00000016   Code   RO         1479    .text.USBD_CtlError  usbd_ctlreq.o
    0x080051be   0x080051be   0x00000002   PAD
    0x080051c0   0x080051c0   0x0000001a   Code   RO         1502    .text.USBD_CtlPrepareRx  usbd_ioreq.o
    0x080051da   0x080051da   0x00000002   PAD
    0x080051dc   0x080051dc   0x00000016   Code   RO         1508    .text.USBD_CtlReceiveStatus  usbd_ioreq.o
    0x080051f2   0x080051f2   0x00000002   PAD
    0x080051f4   0x080051f4   0x0000001a   Code   RO         1498    .text.USBD_CtlSendData  usbd_ioreq.o
    0x0800520e   0x0800520e   0x00000002   PAD
    0x08005210   0x08005210   0x00000016   Code   RO         1506    .text.USBD_CtlSendStatus  usbd_ioreq.o
    0x08005226   0x08005226   0x00000002   PAD
    0x08005228   0x08005228   0x00000024   Code   RO          215    .text.USBD_FS_ConfigStrDescriptor  usbd_desc.o
    0x0800524c   0x0800524c   0x0000000e   Code   RO          205    .text.USBD_FS_DeviceDescriptor  usbd_desc.o
    0x0800525a   0x0800525a   0x00000002   PAD
    0x0800525c   0x0800525c   0x00000028   Code   RO          217    .text.USBD_FS_InterfaceStrDescriptor  usbd_desc.o
    0x08005284   0x08005284   0x0000000e   Code   RO          207    .text.USBD_FS_LangIDStrDescriptor  usbd_desc.o
    0x08005292   0x08005292   0x00000002   PAD
    0x08005294   0x08005294   0x0000002c   Code   RO          209    .text.USBD_FS_ManufacturerStrDescriptor  usbd_desc.o
    0x080052c0   0x080052c0   0x00000030   Code   RO          211    .text.USBD_FS_ProductStrDescriptor  usbd_desc.o
    0x080052f0   0x080052f0   0x0000016c   Code   RO          213    .text.USBD_FS_SerialStrDescriptor  usbd_desc.o
    0x0800545c   0x0800545c   0x00000040   Code   RO         1465    .text.USBD_GetEpDesc  usbd_core.o
    0x0800549c   0x0800549c   0x000000da   Code   RO         1487    .text.USBD_GetString  usbd_ctlreq.o
    0x08005576   0x08005576   0x00000002   PAD
    0x08005578   0x08005578   0x0000002a   Code   RO         1421    .text.USBD_Init     usbd_core.o
    0x080055a2   0x080055a2   0x00000002   PAD
    0x080055a4   0x080055a4   0x00000022   Code   RO          177    .text.USBD_LL_ClearStallEP  usbd_conf.o
    0x080055c6   0x080055c6   0x00000002   PAD
    0x080055c8   0x080055c8   0x00000022   Code   RO          171    .text.USBD_LL_CloseEP  usbd_conf.o
    0x080055ea   0x080055ea   0x00000002   PAD
    0x080055ec   0x080055ec   0x000000b6   Code   RO         1445    .text.USBD_LL_DataInStage  usbd_core.o
    0x080056a2   0x080056a2   0x00000002   PAD
    0x080056a4   0x080056a4   0x00000078   Code   RO         1439    .text.USBD_LL_DataOutStage  usbd_core.o
    0x0800571c   0x0800571c   0x00000004   Code   RO         1461    .text.USBD_LL_DevConnected  usbd_core.o
    0x08005720   0x08005720   0x00000020   Code   RO         1463    .text.USBD_LL_DevDisconnected  usbd_core.o
    0x08005740   0x08005740   0x00000008   Code   RO          187    .text.USBD_LL_GetRxDataSize  usbd_conf.o
    0x08005748   0x08005748   0x00000070   Code   RO          159    .text.USBD_LL_Init  usbd_conf.o
    0x080057b8   0x080057b8   0x00000020   Code   RO          179    .text.USBD_LL_IsStallEP  usbd_conf.o
    0x080057d8   0x080057d8   0x00000028   Code   RO         1457    .text.USBD_LL_IsoINIncomplete  usbd_core.o
    0x08005800   0x08005800   0x00000028   Code   RO         1459    .text.USBD_LL_IsoOUTIncomplete  usbd_core.o
    0x08005828   0x08005828   0x00000028   Code   RO          169    .text.USBD_LL_OpenEP  usbd_conf.o
    0x08005850   0x08005850   0x00000022   Code   RO          185    .text.USBD_LL_PrepareReceive  usbd_conf.o
    0x08005872   0x08005872   0x00000002   PAD
    0x08005874   0x08005874   0x00000066   Code   RO         1447    .text.USBD_LL_Reset  usbd_core.o
    0x080058da   0x080058da   0x00000002   PAD
    0x080058dc   0x080058dc   0x00000014   Code   RO         1453    .text.USBD_LL_Resume  usbd_core.o
    0x080058f0   0x080058f0   0x0000001c   Code   RO         1455    .text.USBD_LL_SOF   usbd_core.o
    0x0800590c   0x0800590c   0x00000008   Code   RO         1449    .text.USBD_LL_SetSpeed  usbd_core.o
    0x08005914   0x08005914   0x00000022   Code   RO          181    .text.USBD_LL_SetUSBAddress  usbd_conf.o
    0x08005936   0x08005936   0x00000002   PAD
    0x08005938   0x08005938   0x00000062   Code   RO         1437    .text.USBD_LL_SetupStage  usbd_core.o
    0x0800599a   0x0800599a   0x00000002   PAD
    0x0800599c   0x0800599c   0x00000022   Code   RO          175    .text.USBD_LL_StallEP  usbd_conf.o
    0x080059be   0x080059be   0x00000002   PAD
    0x080059c0   0x080059c0   0x00000022   Code   RO          165    .text.USBD_LL_Start  usbd_conf.o
    0x080059e2   0x080059e2   0x00000002   PAD
    0x080059e4   0x080059e4   0x00000014   Code   RO         1451    .text.USBD_LL_Suspend  usbd_core.o
    0x080059f8   0x080059f8   0x00000022   Code   RO          183    .text.USBD_LL_Transmit  usbd_conf.o
    0x08005a1a   0x08005a1a   0x00000002   PAD
    0x08005a1c   0x08005a1c   0x00000016   Code   RO         1485    .text.USBD_ParseSetupRequest  usbd_ctlreq.o
    0x08005a32   0x08005a32   0x00000002   PAD
    0x08005a34   0x08005a34   0x00000042   Code   RO         1425    .text.USBD_RegisterClass  usbd_core.o
    0x08005a76   0x08005a76   0x00000002   PAD
    0x08005a78   0x08005a78   0x00000010   Code   RO         1433    .text.USBD_SetClassConfig  usbd_core.o
    0x08005a88   0x08005a88   0x00000004   Code   RO         1427    .text.USBD_Start    usbd_core.o
    0x08005a8c   0x08005a8c   0x00000374   Code   RO         1477    .text.USBD_StdDevReq  usbd_ctlreq.o
    0x08005e00   0x08005e00   0x00000176   Code   RO         1483    .text.USBD_StdEPReq  usbd_ctlreq.o
    0x08005f76   0x08005f76   0x00000002   PAD
    0x08005f78   0x08005f78   0x00000094   Code   RO         1481    .text.USBD_StdItfReq  usbd_ctlreq.o
    0x0800600c   0x0800600c   0x00000002   Code   RO          191    .text.USBD_static_free  usbd_conf.o
    0x0800600e   0x0800600e   0x00000002   PAD
    0x08006010   0x08006010   0x0000000a   Code   RO          189    .text.USBD_static_malloc  usbd_conf.o
    0x0800601a   0x0800601a   0x00000002   PAD
    0x0800601c   0x0800601c   0x0000008a   Code   RO          411    .text.USB_ActivateEndpoint  stm32f4xx_ll_usb.o
    0x080060a6   0x080060a6   0x00000002   PAD
    0x080060a8   0x080060a8   0x00000020   Code   RO          453    .text.USB_ActivateSetup  stm32f4xx_ll_usb.o
    0x080060c8   0x080060c8   0x000001de   Code   RO          389    .text.USB_CoreInit  stm32f4xx_ll_usb.o
    0x080062a6   0x080062a6   0x00000002   PAD
    0x080062a8   0x080062a8   0x00000084   Code   RO          415    .text.USB_DeactivateEndpoint  stm32f4xx_ll_usb.o
    0x0800632c   0x0800632c   0x0000001e   Code   RO          437    .text.USB_DevConnect  stm32f4xx_ll_usb.o
    0x0800634a   0x0800634a   0x00000002   PAD
    0x0800634c   0x0800634c   0x0000001e   Code   RO          439    .text.USB_DevDisconnect  stm32f4xx_ll_usb.o
    0x0800636a   0x0800636a   0x00000002   PAD
    0x0800636c   0x0800636c   0x00000482   Code   RO          401    .text.USB_DevInit   stm32f4xx_ll_usb.o
    0x080067ee   0x080067ee   0x00000002   PAD
    0x080067f0   0x080067f0   0x0000000e   Code   RO          395    .text.USB_DisableGlobalInt  stm32f4xx_ll_usb.o
    0x080067fe   0x080067fe   0x00000002   PAD
    0x08006800   0x08006800   0x000000fc   Code   RO          423    .text.USB_EP0StartXfer  stm32f4xx_ll_usb.o
    0x080068fc   0x080068fc   0x0000005a   Code   RO          455    .text.USB_EP0_OutStart  stm32f4xx_ll_usb.o
    0x08006956   0x08006956   0x00000002   PAD
    0x08006958   0x08006958   0x0000004e   Code   RO          431    .text.USB_EPClearStall  stm32f4xx_ll_usb.o
    0x080069a6   0x080069a6   0x00000002   PAD
    0x080069a8   0x080069a8   0x0000003e   Code   RO          429    .text.USB_EPSetStall  stm32f4xx_ll_usb.o
    0x080069e6   0x080069e6   0x00000002   PAD
    0x080069e8   0x080069e8   0x00000200   Code   RO          419    .text.USB_EPStartXfer  stm32f4xx_ll_usb.o
    0x08006be8   0x08006be8   0x0000010e   Code   RO          425    .text.USB_EPStopXfer  stm32f4xx_ll_usb.o
    0x08006cf6   0x08006cf6   0x00000002   PAD
    0x08006cf8   0x08006cf8   0x0000000e   Code   RO          393    .text.USB_EnableGlobalInt  stm32f4xx_ll_usb.o
    0x08006d06   0x08006d06   0x00000002   PAD
    0x08006d08   0x08006d08   0x000000b6   Code   RO          405    .text.USB_FlushTxFifo  stm32f4xx_ll_usb.o
    0x08006dbe   0x08006dbe   0x00000002   PAD
    0x08006dc0   0x08006dc0   0x0000001a   Code   RO          409    .text.USB_GetDevSpeed  stm32f4xx_ll_usb.o
    0x08006dda   0x08006dda   0x00000002   PAD
    0x08006ddc   0x08006ddc   0x00000008   Code   RO          399    .text.USB_GetMode   stm32f4xx_ll_usb.o
    0x08006de4   0x08006de4   0x0000000e   Code   RO          445    .text.USB_ReadDevAllInEpInterrupt  stm32f4xx_ll_usb.o
    0x08006df2   0x08006df2   0x00000002   PAD
    0x08006df4   0x08006df4   0x0000000e   Code   RO          443    .text.USB_ReadDevAllOutEpInterrupt  stm32f4xx_ll_usb.o
    0x08006e02   0x08006e02   0x00000002   PAD
    0x08006e04   0x08006e04   0x00000024   Code   RO          449    .text.USB_ReadDevInEPInterrupt  stm32f4xx_ll_usb.o
    0x08006e28   0x08006e28   0x00000010   Code   RO          447    .text.USB_ReadDevOutEPInterrupt  stm32f4xx_ll_usb.o
    0x08006e38   0x08006e38   0x00000008   Code   RO          441    .text.USB_ReadInterrupts  stm32f4xx_ll_usb.o
    0x08006e40   0x08006e40   0x000000aa   Code   RO          427    .text.USB_ReadPacket  stm32f4xx_ll_usb.o
    0x08006eea   0x08006eea   0x00000002   PAD
    0x08006eec   0x08006eec   0x00000064   Code   RO          397    .text.USB_SetCurrentMode  stm32f4xx_ll_usb.o
    0x08006f50   0x08006f50   0x00000022   Code   RO          435    .text.USB_SetDevAddress  stm32f4xx_ll_usb.o
    0x08006f72   0x08006f72   0x00000002   PAD
    0x08006f74   0x08006f74   0x00000120   Code   RO          391    .text.USB_SetTurnaroundTime  stm32f4xx_ll_usb.o
    0x08007094   0x08007094   0x00000072   Code   RO          421    .text.USB_WritePacket  stm32f4xx_ll_usb.o
    0x08007106   0x08007106   0x00000002   PAD
    0x08007108   0x08007108   0x00000002   Code   RO          266    .text.UsageFault_Handler  stm32f4xx_it.o
    0x0800710a   0x0800710a   0x00000002   PAD
    0x0800710c   0x0800710c   0x0000003c   Code   RO         1561    .text.can_filter_init  bsp_can.o
    0x08007148   0x08007148   0x0000000a   Code   RO         1596    .text.get_motor_measure_point  can_receive.o
    0x08007152   0x08007152   0x00000006   PAD
    0x08007158   0x08007158   0x00000634   Code   RO           11    .text.main          main.o
    0x0800778c   0x0800778c   0x0000012e   Code   RO         1575    .text.pid_calculate  pid.o
    0x080078ba   0x080078ba   0x00000002   PAD
    0x080078bc   0x080078bc   0x0000001e   Code   RO         1569    .text.pid_init      pid.o
    0x080078da   0x080078da   0x00000002   PAD
    0x080078dc   0x080078dc   0x0000005a   Code   RO         1571    .text.pid_param_init  pid.o
    0x08007936   0x08007936   0x00000002   PAD
    0x08007938   0x08007938   0x00000008   Code   RO         1573    .text.pid_reset     pid.o
    0x08007940   0x08007940   0x0000005e   Code   RO         1688    x$fpl$dfix          fz_wm.l(dfix.o)
    0x0800799e   0x0800799e   0x0000002e   Code   RO         1693    x$fpl$dflt          fz_wm.l(dflt_clz.o)
    0x080079cc   0x080079cc   0x00000154   Code   RO         1698    x$fpl$dmul          fz_wm.l(dmul.o)
    0x08007b20   0x08007b20   0x0000009c   Code   RO         1785    x$fpl$dnaninf       fz_wm.l(dnaninf.o)
    0x08007bbc   0x08007bbc   0x0000000c   Code   RO         1787    x$fpl$dretinf       fz_wm.l(dretinf.o)
    0x08007bc8   0x08007bc8   0x0000001a   Code   RO         1835    x$fpl$fpinit        fz_wm.l(fpinit.o)
    0x08007be2   0x08007be2   0x00000000   Code   RO         1789    x$fpl$usenofp       fz_wm.l(usenofp.o)
    0x08007be2   0x08007be2   0x00000010   Data   RO         1411    .rodata.AHBPrescTable  system_stm32f4xx.o
    0x08007bf2   0x08007bf2   0x00000008   Data   RO         1412    .rodata.APBPrescTable  system_stm32f4xx.o
    0x08007bfa   0x08007bfa   0x00000002   Data   RO          249    .rodata.str1.1      usbd_cdc_if.o
    0x08007bfc   0x08007bfc   0x00000020   Data   RO         1929    Region$$Table       anon$$obj.o


    Execution Region RW_IRAM1 (Exec base: 0x20000000, Load base: 0x08007c20, Size: 0x00002538, Max: 0x0001c000, ABSOLUTE)

    Exec Addr    Load Addr    Size         Type   Attr      Idx    E Section Name        Object

    0x20000000   0x08007c20   0x00000004   Data   RW         1674    .data               c_w.l(strtok.o)
    0x20000004   0x08007c24   0x0000000c   Data   RW           56    .data..L_MergedGlobals  main.o
    0x20000010   0x08007c30   0x00000008   Data   RW          837    .data..L_MergedGlobals  stm32f4xx_hal.o
    0x20000018   0x08007c38   0x0000001c   Data   RW          219    .data.FS_Desc       usbd_desc.o
    0x20000034   0x08007c54   0x00000004   Data   RW         1410    .data.SystemCoreClock  system_stm32f4xx.o
    0x20000038   0x08007c58   0x00000038   Data   RW         1550    .data.USBD_CDC      usbd_cdc.o
    0x20000070   0x08007c90   0x00000043   Data   RW         1552    .data.USBD_CDC_CfgDesc  usbd_cdc.o
    0x200000b3   0x08007cd3   0x00000001   PAD
    0x200000b4   0x08007cd4   0x0000000a   Data   RW         1551    .data.USBD_CDC_DeviceQualifierDesc  usbd_cdc.o
    0x200000be   0x08007cde   0x00000002   PAD
    0x200000c0   0x08007ce0   0x00000012   Data   RW          220    .data.USBD_FS_DeviceDesc  usbd_desc.o
    0x200000d2   0x08007cf2   0x00000002   PAD
    0x200000d4   0x08007cf4   0x00000014   Data   RW          246    .data.USBD_Interface_fops_FS  usbd_cdc_if.o
    0x200000e8   0x08007d08   0x00000004   Data   RW          221    .data.USBD_LangIDDesc  usbd_desc.o
    0x200000ec   0x08007d0c   0x0000001a   Data   RW          222    .data.USBD_StringSerial  usbd_desc.o
    0x20000106   0x08007d26   0x00000002   PAD
    0x20000108        -       0x00000060   Zero   RW         1795    .bss                c_w.l(libspace.o)
    0x20000168        -       0x00000020   Zero   RW         1599    .bss..L_MergedGlobals  can_receive.o
    0x20000188        -       0x00000024   Zero   RW           57    .bss..L_MergedGlobals.1  main.o
    0x200001ac        -       0x00000001   Zero   RW         1489    .bss.USBD_SetConfig.cfgidx  usbd_ctlreq.o
    0x200001ad   0x08007d26   0x00000003   PAD
    0x200001b0        -       0x00000200   Zero   RW          223    .bss.USBD_StrDesc   usbd_desc.o
    0x200003b0        -       0x00000220   Zero   RW          196    .bss.USBD_static_malloc.mem  usbd_conf.o
    0x200005d0        -       0x00000800   Zero   RW          247    .bss.UserRxBufferFS  usbd_cdc_if.o
    0x20000dd0        -       0x00000800   Zero   RW          248    .bss.UserTxBufferFS  usbd_cdc_if.o
    0x200015d0        -       0x000002dc   Zero   RW          126    .bss.hUsbDeviceFS   usb_device.o
    0x200018ac        -       0x00000028   Zero   RW           80    .bss.hcan1          can.o
    0x200018d4        -       0x00000054   Zero   RW           95    .bss.hi2c2          i2c.o
    0x20001928        -       0x0000050c   Zero   RW          195    .bss.hpcd_USB_OTG_FS  usbd_conf.o
    0x20001e34        -       0x00000048   Zero   RW          114    .bss.htim1          tim.o
    0x20001e7c        -       0x00000048   Zero   RW          115    .bss.htim8          tim.o
    0x20001ec4        -       0x0000000a   Zero   RW         1598    .bss.motor_data_point  can_receive.o
    0x20001ece   0x08007d26   0x00000002   PAD
    0x20001ed0        -       0x00000064   Zero   RW           53    .bss.motor_pid      main.o
    0x20001f34        -       0x00000004   Zero   RW          836    .bss.uwTick         stm32f4xx_hal.o
    0x20001f38        -       0x00000200   Zero   RW            2    HEAP                startup_stm32f407xx.o
    0x20002138        -       0x00000400   Zero   RW            1    STACK               startup_stm32f407xx.o


    Execution Region RW_IRAM2 (Exec base: 0x2001c000, Load base: 0x08007d28, Size: 0x00000000, Max: 0x00004000, ABSOLUTE)

    **** No section assigned to this execution region ****


==============================================================================

Image component sizes


      Code (inc. data)   RO Data    RW Data    ZI Data      Debug   Object Name

        60          0          0          0          0       1379   bsp_can.o
       188          0          0          0         40       6274   can.o
       156          0          0          0         42       4113   can_receive.o
       156          0          0          0          0       1605   gpio.o
       170          0          0          0         84       5315   i2c.o
      3024         90          0         12        136      16808   main.o
       430          0          0          0          0       3028   pid.o
        64         26        392          0       1536        852   startup_stm32f407xx.o
       204          0          0          8          4       7298   stm32f4xx_hal.o
      1706          6          0          0          0      13751   stm32f4xx_hal_can.o
       194          0          0          0          0      10496   stm32f4xx_hal_cortex.o
       442          0          0          0          0       5290   stm32f4xx_hal_gpio.o
      3056          0          0          0          0      53675   stm32f4xx_hal_i2c.o
        56          0          0          0          0       1501   stm32f4xx_hal_msp.o
      3324          0          0          0          0      16825   stm32f4xx_hal_pcd.o
       244          0          0          0          0       4610   stm32f4xx_hal_pcd_ex.o
      1396          0          0          0          0       7355   stm32f4xx_hal_rcc.o
      1892          4          0          0          0      55017   stm32f4xx_hal_tim.o
       258          0          0          0          0      21244   stm32f4xx_hal_tim_ex.o
        44          0          0          0          0       5568   stm32f4xx_it.o
      4296          0          0          0          0      32675   stm32f4xx_ll_usb.o
        86          0         24          4          0       2648   system_stm32f4xx.o
       966          0          0          0        144       7060   tim.o
       114          0          0          0        732       3145   usb_device.o
      1254         12          0        133          0      11633   usbd_cdc.o
       842         68          2         20       4096       7506   usbd_cdc_if.o
       766          0          0          0       1836      18303   usbd_conf.o
       912          0          0          0          0      10583   usbd_core.o
      1668         34          0          0          1      10222   usbd_ctlreq.o
       560         72          0         76        512       4070   usbd_desc.o
       128          0          0          0          0       4685   usbd_ioreq.o

    ----------------------------------------------------------------------
     28896        312        450        260       9168     354534   Object Totals
         0          0         32          0          0          0   (incl. Generated)
       240          0          0          7          5          0   (incl. Padding)

    ----------------------------------------------------------------------

      Code (inc. data)   RO Data    RW Data    ZI Data      Debug   Library Member Name

         8          0          0          0          0         68   __main.o
         0          0          0          0          0          0   __rtentry.o
        12          0          0          0          0          0   __rtentry2.o
         6          0          0          0          0          0   __rtentry4.o
        52          8          0          0          0          0   __scatter.o
        26          0          0          0          0          0   __scatter_copy.o
        28          0          0          0          0          0   __scatter_zi.o
        16          0          0          0          0         68   aeabi_memset.o
        10          0          0          0          0         68   defsig_exit.o
        50          0          0          0          0         88   defsig_general.o
        80         58          0          0          0         76   defsig_rtmem_inner.o
        14          0          0          0          0         80   defsig_rtmem_outer.o
        18          0          0          0          0         80   exit.o
        94          0          0          0          0         80   h1_alloc.o
        52          0          0          0          0         68   h1_extend.o
        78          0          0          0          0         80   h1_free.o
        14          0          0          0          0         84   h1_init.o
         6          0          0          0          0        152   heapauxi.o
         4          0          0          0          0        136   hguard.o
         0          0          0          0          0          0   indicate_semi.o
       138          0          0          0          0        168   init_alloc.o
         2          0          0          0          0          0   libinit.o
        14          0          0          0          0          0   libinit2.o
         2          0          0          0          0          0   libshutdown.o
         2          0          0          0          0          0   libshutdown2.o
         8          4          0          0         96         68   libspace.o
       240          0          0          0          0        100   lludivv7m.o
         0          0          0          0          0          0   maybetermalloc1.o
         8          4          0          0          0         68   rt_heap_descriptor_intlibspace.o
        68          0          0          0          0         68   rt_memclr.o
        78          0          0          0          0         80   rt_memclr_w.o
       138          0          0          0          0         68   rt_memcpy_v6.o
       100          0          0          0          0         80   rt_memcpy_w.o
         2          0          0          0          0          0   rtexit.o
        10          0          0          0          0          0   rtexit2.o
       124          0          0          0          0         88   strcmpv7em.o
        32          0          0          0          0         80   strcspn.o
        28          0          0          0          0         80   strspn.o
        12          6          0          4          0         68   strtok.o
        68          4          0          0          0         84   strtok_int.o
        12          4          0          0          0         68   sys_exit.o
        74          0          0          0          0         80   sys_stackheap_outer.o
        14          0          0          0          0         76   sys_wrch.o
         2          0          0          0          0         68   use_no_semi.o
        94          4          0          0          0        140   dfix.o
        46          0          0          0          0        116   dflt_clz.o
       340         12          0          0          0        152   dmul.o
       156          4          0          0          0        140   dnaninf.o
        12          0          0          0          0        116   dretinf.o
        26          0          0          0          0        116   fpinit.o
         0          0          0          0          0          0   usenofp.o

    ----------------------------------------------------------------------
      2426        108          0          4         96       3300   Library Totals
         8          0          0          0          0          0   (incl. Padding)

    ----------------------------------------------------------------------

      Code (inc. data)   RO Data    RW Data    ZI Data      Debug   Library Name

      1744         88          0          4         96       2520   c_w.l
       674         20          0          0          0        780   fz_wm.l

    ----------------------------------------------------------------------
      2426        108          0          4         96       3300   Library Totals

    ----------------------------------------------------------------------

==============================================================================


      Code (inc. data)   RO Data    RW Data    ZI Data      Debug   

     31322        420        450        264       9264     355350   Grand Totals
     31322        420        450        264       9264     355350   ELF Image Totals
     31322        420        450        264          0          0   ROM Totals

==============================================================================

    Total RO  Size (Code + RO Data)                31772 (  31.03kB)
    Total RW  Size (RW Data + ZI Data)              9528 (   9.30kB)
    Total ROM Size (Code + RO Data + RW Data)      32036 (  31.29kB)

==============================================================================

