Component: Arm Compiler for Embedded 6.18 Tool: armlink [5e4cc100]

==============================================================================

Section Cross References

    startup_stm32f407xx.o(STACK) refers (Special) to heapauxi.o(.text) for __use_two_region_memory
    startup_stm32f407xx.o(HEAP) refers (Special) to heapauxi.o(.text) for __use_two_region_memory
    startup_stm32f407xx.o(RESET) refers (Special) to heapauxi.o(.text) for __use_two_region_memory
    startup_stm32f407xx.o(RESET) refers to startup_stm32f407xx.o(STACK) for __initial_sp
    startup_stm32f407xx.o(RESET) refers to startup_stm32f407xx.o(.text) for Reset_Handler
    startup_stm32f407xx.o(RESET) refers to stm32f4xx_it.o(.text.NMI_Handler) for NMI_Handler
    startup_stm32f407xx.o(RESET) refers to stm32f4xx_it.o(.text.HardFault_Handler) for HardFault_Handler
    startup_stm32f407xx.o(RESET) refers to stm32f4xx_it.o(.text.MemManage_Handler) for MemManage_Handler
    startup_stm32f407xx.o(RESET) refers to stm32f4xx_it.o(.text.BusFault_Handler) for BusFault_Handler
    startup_stm32f407xx.o(RESET) refers to stm32f4xx_it.o(.text.UsageFault_Handler) for UsageFault_Handler
    startup_stm32f407xx.o(RESET) refers to stm32f4xx_it.o(.text.SVC_Handler) for SVC_Handler
    startup_stm32f407xx.o(RESET) refers to stm32f4xx_it.o(.text.DebugMon_Handler) for DebugMon_Handler
    startup_stm32f407xx.o(RESET) refers to stm32f4xx_it.o(.text.PendSV_Handler) for PendSV_Handler
    startup_stm32f407xx.o(RESET) refers to stm32f4xx_it.o(.text.SysTick_Handler) for SysTick_Handler
    startup_stm32f407xx.o(RESET) refers to stm32f4xx_it.o(.text.CAN1_RX0_IRQHandler) for CAN1_RX0_IRQHandler
    startup_stm32f407xx.o(RESET) refers to stm32f4xx_it.o(.text.OTG_FS_IRQHandler) for OTG_FS_IRQHandler
    startup_stm32f407xx.o(.text) refers (Special) to heapauxi.o(.text) for __use_two_region_memory
    startup_stm32f407xx.o(.text) refers to system_stm32f4xx.o(.text.SystemInit) for SystemInit
    startup_stm32f407xx.o(.text) refers to __main.o(!!!main) for __main
    startup_stm32f407xx.o(.text) refers to startup_stm32f407xx.o(HEAP) for Heap_Mem
    startup_stm32f407xx.o(.text) refers to startup_stm32f407xx.o(STACK) for Stack_Mem
    main.o(.text) refers (Special) to _printf_percent.o(.ARM.Collect$$_printf_percent$$00000000) for _printf_percent
    main.o(.text) refers (Special) to _printf_d.o(.ARM.Collect$$_printf_percent$$00000009) for _printf_d
    main.o(.text) refers (Special) to _printf_dec.o(.text) for _printf_int_dec
    main.o(.text.main) refers (Special) to _printf_percent.o(.ARM.Collect$$_printf_percent$$00000000) for _printf_percent
    main.o(.text.main) refers (Special) to _printf_d.o(.ARM.Collect$$_printf_percent$$00000009) for _printf_d
    main.o(.text.main) refers (Special) to _printf_dec.o(.text) for _printf_int_dec
    main.o(.text.main) refers to eventrecorder.o(.text.EventRecorderInitialize) for EventRecorderInitialize
    main.o(.text.main) refers to eventrecorder.o(.text.EventRecorderStart) for EventRecorderStart
    main.o(.text.main) refers to stm32f4xx_hal.o(.text.HAL_Init) for HAL_Init
    main.o(.text.main) refers to rt_memclr_w.o(.text) for __aeabi_memclr4
    main.o(.text.main) refers to stm32f4xx_hal_rcc.o(.text.HAL_RCC_OscConfig) for HAL_RCC_OscConfig
    main.o(.text.main) refers to stm32f4xx_hal_rcc.o(.text.HAL_RCC_ClockConfig) for HAL_RCC_ClockConfig
    main.o(.text.main) refers to gpio.o(.text.MX_GPIO_Init) for MX_GPIO_Init
    main.o(.text.main) refers to can.o(.text.MX_CAN1_Init) for MX_CAN1_Init
    main.o(.text.main) refers to can.o(.text.MX_CAN2_Init) for MX_CAN2_Init
    main.o(.text.main) refers to usb_device.o(.text.MX_USB_DEVICE_Init) for MX_USB_DEVICE_Init
    main.o(.text.main) refers to bsp_can.o(.text.can_filter_init) for can_filter_init
    main.o(.text.main) refers to can_receive.o(.text.CAN_cmd_chassis) for CAN_cmd_chassis
    main.o(.text.main) refers to stm32f4xx_hal.o(.text.HAL_Delay) for HAL_Delay
    main.o(.text.main) refers to can_receive.o(.text.CAN_cmd_gimbal) for CAN_cmd_gimbal
    main.o(.text.main) refers to usbd_cdc_if.o(.text.CDC_Transmit_FS) for CDC_Transmit_FS
    main.o(.text.main) refers to can_receive.o(.text.get_chassis_motor_measure_point) for get_chassis_motor_measure_point
    main.o(.text.main) refers to noretval__2printf.o(.text) for __2printf
    main.o(.ARM.exidx.text.main) refers (Special) to _printf_percent.o(.ARM.Collect$$_printf_percent$$00000000) for _printf_percent
    main.o(.ARM.exidx.text.main) refers (Special) to _printf_d.o(.ARM.Collect$$_printf_percent$$00000009) for _printf_d
    main.o(.ARM.exidx.text.main) refers (Special) to _printf_dec.o(.text) for _printf_int_dec
    main.o(.ARM.exidx.text.main) refers to main.o(.text.main) for [Anonymous Symbol]
    main.o(.text.SystemClock_Config) refers (Special) to _printf_percent.o(.ARM.Collect$$_printf_percent$$00000000) for _printf_percent
[...]
    ADC_IRQHandler                           0x0800025b   Thumb Code     0  startup_stm32f407xx.o(.text)
    CAN1_RX1_IRQHandler                      0x0800025b   Thumb Code     0  startup_stm32f407xx.o(.text)
    CAN1_SCE_IRQHandler                      0x0800025b   Thumb Code     0  startup_stm32f407xx.o(.text)
    CAN1_TX_IRQHandler                       0x0800025b   Thumb Code     0  startup_stm32f407xx.o(.text)
    CAN2_RX0_IRQHandler                      0x0800025b   Thumb Code     0  startup_stm32f407xx.o(.text)
    CAN2_RX1_IRQHandler                      0x0800025b   Thumb Code     0  startup_stm32f407xx.o(.text)
    CAN2_SCE_IRQHandler                      0x0800025b   Thumb Code     0  startup_stm32f407xx.o(.text)
    CAN2_TX_IRQHandler                       0x0800025b   Thumb Code     0  startup_stm32f407xx.o(.text)
    DCMI_IRQHandler                          0x0800025b   Thumb Code     0  startup_stm32f407xx.o(.text)
    DMA1_Stream0_IRQHandler                  0x0800025b   Thumb Code     0  startup_stm32f407xx.o(.text)
    DMA1_Stream1_IRQHandler                  0x0800025b   Thumb Code     0  startup_stm32f407xx.o(.text)
    DMA1_Stream2_IRQHandler                  0x0800025b   Thumb Code     0  startup_stm32f407xx.o(.text)
    DMA1_Stream3_IRQHandler                  0x0800025b   Thumb Code     0  startup_stm32f407xx.o(.text)
    DMA1_Stream4_IRQHandler                  0x0800025b   Thumb Code     0  startup_stm32f407xx.o(.text)
    DMA1_Stream5_IRQHandler                  0x0800025b   Thumb Code     0  startup_stm32f407xx.o(.text)
    DMA1_Stream6_IRQHandler                  0x0800025b   Thumb Code     0  startup_stm32f407xx.o(.text)
    DMA1_Stream7_IRQHandler                  0x0800025b   Thumb Code     0  startup_stm32f407xx.o(.text)
    DMA2_Stream0_IRQHandler                  0x0800025b   Thumb Code     0  startup_stm32f407xx.o(.text)
    DMA2_Stream1_IRQHandler                  0x0800025b   Thumb Code     0  startup_stm32f407xx.o(.text)
    DMA2_Stream2_IRQHandler                  0x0800025b   Thumb Code     0  startup_stm32f407xx.o(.text)
    DMA2_Stream3_IRQHandler                  0x0800025b   Thumb Code     0  startup_stm32f407xx.o(.text)
    DMA2_Stream4_IRQHandler                  0x0800025b   Thumb Code     0  startup_stm32f407xx.o(.text)
    DMA2_Stream5_IRQHandler                  0x0800025b   Thumb Code     0  startup_stm32f407xx.o(.text)
    DMA2_Stream6_IRQHandler                  0x0800025b   Thumb Code     0  startup_stm32f407xx.o(.text)
    DMA2_Stream7_IRQHandler                  0x0800025b   Thumb Code     0  startup_stm32f407xx.o(.text)
    ETH_IRQHandler                           0x0800025b   Thumb Code     0  startup_stm32f407xx.o(.text)
    ETH_WKUP_IRQHandler                      0x0800025b   Thumb Code     0  startup_stm32f407xx.o(.text)
    EXTI0_IRQHandler                         0x0800025b   Thumb Code     0  startup_stm32f407xx.o(.text)
    EXTI15_10_IRQHandler                     0x0800025b   Thumb Code     0  startup_stm32f407xx.o(.text)
    EXTI1_IRQHandler                         0x0800025b   Thumb Code     0  startup_stm32f407xx.o(.text)
    EXTI2_IRQHandler                         0x0800025b   Thumb Code     0  startup_stm32f407xx.o(.text)
    EXTI3_IRQHandler                         0x0800025b   Thumb Code     0  startup_stm32f407xx.o(.text)
    EXTI4_IRQHandler                         0x0800025b   Thumb Code     0  startup_stm32f407xx.o(.text)
    EXTI9_5_IRQHandler                       0x0800025b   Thumb Code     0  startup_stm32f407xx.o(.text)
    FLASH_IRQHandler                         0x0800025b   Thumb Code     0  startup_stm32f407xx.o(.text)
    FMC_IRQHandler                           0x0800025b   Thumb Code     0  startup_stm32f407xx.o(.text)
    FPU_IRQHandler                           0x0800025b   Thumb Code     0  startup_stm32f407xx.o(.text)
    HASH_RNG_IRQHandler                      0x0800025b   Thumb Code     0  startup_stm32f407xx.o(.text)
    I2C1_ER_IRQHandler                       0x0800025b   Thumb Code     0  startup_stm32f407xx.o(.text)
    I2C1_EV_IRQHandler                       0x0800025b   Thumb Code     0  startup_stm32f407xx.o(.text)
    I2C2_ER_IRQHandler                       0x0800025b   Thumb Code     0  startup_stm32f407xx.o(.text)
    I2C2_EV_IRQHandler                       0x0800025b   Thumb Code     0  startup_stm32f407xx.o(.text)
    I2C3_ER_IRQHandler                       0x0800025b   Thumb Code     0  startup_stm32f407xx.o(.text)
    I2C3_EV_IRQHandler                       0x0800025b   Thumb Code     0  startup_stm32f407xx.o(.text)
    OTG_FS_WKUP_IRQHandler                   0x0800025b   Thumb Code     0  startup_stm32f407xx.o(.text)
    OTG_HS_EP1_IN_IRQHandler                 0x0800025b   Thumb Code     0  startup_stm32f407xx.o(.text)
    OTG_HS_EP1_OUT_IRQHandler                0x0800025b   Thumb Code     0  startup_stm32f407xx.o(.text)
    OTG_HS_IRQHandler                        0x0800025b   Thumb Code     0  startup_stm32f407xx.o(.text)
    OTG_HS_WKUP_IRQHandler                   0x0800025b   Thumb Code     0  startup_stm32f407xx.o(.text)
    PVD_IRQHandler                           0x0800025b   Thumb Code     0  startup_stm32f407xx.o(.text)
    RCC_IRQHandler                           0x0800025b   Thumb Code     0  startup_stm32f407xx.o(.text)
    RTC_Alarm_IRQHandler                     0x0800025b   Thumb Code     0  startup_stm32f407xx.o(.text)
    RTC_WKUP_IRQHandler                      0x0800025b   Thumb Code     0  startup_stm32f407xx.o(.text)
    SDIO_IRQHandler                          0x0800025b   Thumb Code     0  startup_stm32f407xx.o(.text)
    SPI1_IRQHandler                          0x0800025b   Thumb Code     0  startup_stm32f407xx.o(.text)
    SPI2_IRQHandler                          0x0800025b   Thumb Code     0  startup_stm32f407xx.o(.text)
    SPI3_IRQHandler                          0x0800025b   Thumb Code     0  startup_stm32f407xx.o(.text)
    TAMP_STAMP_IRQHandler                    0x0800025b   Thumb Code     0  startup_stm32f407xx.o(.text)
    TIM1_BRK_TIM9_IRQHandler                 0x0800025b   Thumb Code     0  startup_stm32f407xx.o(.text)
    TIM1_CC_IRQHandler                       0x0800025b   Thumb Code     0  startup_stm32f407xx.o(.text)
    TIM1_TRG_COM_TIM11_IRQHandler            0x0800025b   Thumb Code     0  startup_stm32f407xx.o(.text)
    TIM1_UP_TIM10_IRQHandler                 0x0800025b   Thumb Code     0  startup_stm32f407xx.o(.text)
    TIM2_IRQHandler                          0x0800025b   Thumb Code     0  startup_stm32f407xx.o(.text)
    TIM3_IRQHandler                          0x0800025b   Thumb Code     0  startup_stm32f407xx.o(.text)
    TIM4_IRQHandler                          0x0800025b   Thumb Code     0  startup_stm32f407xx.o(.text)
    TIM5_IRQHandler                          0x0800025b   Thumb Code     0  startup_stm32f407xx.o(.text)
    TIM6_DAC_IRQHandler                      0x0800025b   Thumb Code     0  startup_stm32f407xx.o(.text)
    TIM7_IRQHandler                          0x0800025b   Thumb Code     0  startup_stm32f407xx.o(.text)
    TIM8_BRK_TIM12_IRQHandler                0x0800025b   Thumb Code     0  startup_stm32f407xx.o(.text)
    TIM8_CC_IRQHandler                       0x0800025b   Thumb Code     0  startup_stm32f407xx.o(.text)
    TIM8_TRG_COM_TIM14_IRQHandler            0x0800025b   Thumb Code     0  startup_stm32f407xx.o(.text)
    TIM8_UP_TIM13_IRQHandler                 0x0800025b   Thumb Code     0  startup_stm32f407xx.o(.text)
    UART4_IRQHandler                         0x0800025b   Thumb Code     0  startup_stm32f407xx.o(.text)
    UART5_IRQHandler                         0x0800025b   Thumb Code     0  startup_stm32f407xx.o(.text)
    USART1_IRQHandler                        0x0800025b   Thumb Code     0  startup_stm32f407xx.o(.text)
    USART2_IRQHandler                        0x0800025b   Thumb Code     0  startup_stm32f407xx.o(.text)
    USART3_IRQHandler                        0x0800025b   Thumb Code     0  startup_stm32f407xx.o(.text)
    USART6_IRQHandler                        0x0800025b   Thumb Code     0  startup_stm32f407xx.o(.text)
    WWDG_IRQHandler                          0x0800025b   Thumb Code     0  startup_stm32f407xx.o(.text)
    __user_initial_stackheap                 0x0800025d   Thumb Code     0  startup_stm32f407xx.o(.text)
    __aeabi_uldivmod                         0x08000281   Thumb Code     0  lludivv7m.o(.text)
    _ll_udiv                                 0x08000281   Thumb Code   240  lludivv7m.o(.text)
    __2printf                                0x08000371   Thumb Code    20  noretval__2printf.o(.text)
    __printf                                 0x08000389   Thumb Code   104  __printf.o(.text)
    _printf_int_dec                          0x080003f1   Thumb Code   104  _printf_dec.o(.text)
    __aeabi_memcpy                           0x08000469   Thumb Code     0  rt_memcpy_v6.o(.text)
    __rt_memcpy                              0x08000469   Thumb Code   138  rt_memcpy_v6.o(.text)
    _memcpy_lastbytes                        0x080004cf   Thumb Code     0  rt_memcpy_v6.o(.text)
    __aeabi_memclr4                          0x080004f3   Thumb Code     0  rt_memclr_w.o(.text)
    __aeabi_memclr8                          0x080004f3   Thumb Code     0  rt_memclr_w.o(.text)
    __rt_memclr_w                            0x080004f3   Thumb Code     0  rt_memclr_w.o(.text)
    _memset_w                                0x080004f7   Thumb Code    74  rt_memclr_w.o(.text)
    strcmp                                   0x08000541   Thumb Code   124  strcmpv7em.o(.text)
    __use_two_region_memory                  0x080005bd   Thumb Code     2  heapauxi.o(.text)
    __rt_heap_escrow                         0x080005bf   Thumb Code     2  heapauxi.o(.text)
    __rt_heap_expand                         0x080005c1   Thumb Code     2  heapauxi.o(.text)
    _printf_int_common                       0x080005c3   Thumb Code   178  _printf_intcommon.o(.text)
    _printf_char_file                        0x08000675   Thumb Code    32  _printf_char_file.o(.text)
    __aeabi_memcpy4                          0x08000699   Thumb Code     0  rt_memcpy_w.o(.text)
    __aeabi_memcpy8                          0x08000699   Thumb Code     0  rt_memcpy_w.o(.text)
    __rt_memcpy_w                            0x08000699   Thumb Code   100  rt_memcpy_w.o(.text)
    _memcpy_lastbytes_aligned                0x080006e1   Thumb Code     0  rt_memcpy_w.o(.text)
    _printf_char_common                      0x08000707   Thumb Code    32  _printf_char_common.o(.text)
    ferror                                   0x0800072d   Thumb Code     8  ferror.o(.text)
    _initio                                  0x08000735   Thumb Code   210  initio.o(.text)
    _terminateio                             0x08000807   Thumb Code    56  initio.o(.text)
    __user_setup_stackheap                   0x0800086d   Thumb Code    74  sys_stackheap_outer.o(.text)
    free                                     0x080008b7   Thumb Code    78  h1_free.o(.text)
    __flsbuf                                 0x08000905   Thumb Code   482  flsbuf.o(.text)
    __flsbuf_byte                            0x08000905   Thumb Code     0  flsbuf.o(.text)
    __flsbuf_wide                            0x08000905   Thumb Code     0  flsbuf.o(.text)
    setvbuf                                  0x08000ae7   Thumb Code    70  setvbuf.o(.text)
    freopen                                  0x08000b2d   Thumb Code   160  fopen.o(.text)
    fopen                                    0x08000bcd   Thumb Code    74  fopen.o(.text)
    _fclose_internal                         0x08000c1d   Thumb Code    76  fclose.o(.text)
    fclose                                   0x08000c1d   Thumb Code     0  fclose.o(.text)
    exit                                     0x08000c69   Thumb Code    18  exit.o(.text)
    __rt_SIGRTRED                            0x08000c7b   Thumb Code    14  defsig_rtred_outer.o(.text)
    __user_libspace                          0x08000c89   Thumb Code     8  libspace.o(.text)
    __user_perproc_libspace                  0x08000c89   Thumb Code     0  libspace.o(.text)
    __user_perthread_libspace                0x08000c89   Thumb Code     0  libspace.o(.text)
    __rt_heap_descriptor                     0x08000c91   Thumb Code     8  rt_heap_descriptor_intlibspace.o(.text)
    __use_no_heap                            0x08000c99   Thumb Code     2  hguard.o(.text)
    __heap$guard                             0x08000c9b   Thumb Code     2  hguard.o(.text)
    _terminate_user_alloc                    0x08000c9d   Thumb Code     2  init_alloc.o(.text)
    _init_user_alloc                         0x08000c9f   Thumb Code     2  init_alloc.o(.text)
    __Heap_Full                              0x08000ca1   Thumb Code    34  init_alloc.o(.text)
    __Heap_Broken                            0x08000cc3   Thumb Code     6  init_alloc.o(.text)
    _init_alloc                              0x08000cc9   Thumb Code    94  init_alloc.o(.text)
    malloc                                   0x08000d27   Thumb Code    94  h1_alloc.o(.text)
    _fseek                                   0x08000d85   Thumb Code   242  fseek.o(.text)
    fseek                                    0x08000d85   Thumb Code     0  fseek.o(.text)
    _seterr                                  0x08000e7d   Thumb Code    20  stdio.o(.text)
    _writebuf                                0x08000e91   Thumb Code    84  stdio.o(.text)
    _fflush                                  0x08000ee5   Thumb Code    70  stdio.o(.text)
    _deferredlazyseek                        0x08000f2b   Thumb Code    60  stdio.o(.text)
    __sig_exit                               0x08000f6d   Thumb Code    10  defsig_exit.o(.text)
    __rt_SIGRTRED_inner                      0x08000f79   Thumb Code    14  defsig_rtred_inner.o(.text)
    _sys_exit                                0x08000fad   Thumb Code     8  sys_exit.o(.text)
    __Heap_Initialize                        0x08000fb9   Thumb Code    10  h1_init.o(.text)
    _maybe_terminate_alloc                   0x08000fb9   Thumb Code     0  maybetermalloc1.o(.text)
    __Heap_DescSize                          0x08000fc3   Thumb Code     4  h1_init.o(.text)
    __Heap_ProvideMemory                     0x08000fc7   Thumb Code    52  h1_extend.o(.text)
    _ftell_internal                          0x08000ffb   Thumb Code    66  ftell.o(.text)
    ftell                                    0x08000ffb   Thumb Code     0  ftell.o(.text)
    __default_signal_display                 0x0800103d   Thumb Code    50  defsig_general.o(.text)
    __rt_SIGRTMEM                            0x0800106f   Thumb Code    14  defsig_rtmem_outer.o(.text)
    _ttywrch                                 0x0800107d   Thumb Code    14  sys_wrch.o(.text)
    __I$use$semihosting                      0x0800108b   Thumb Code     0  use_no_semi.o(.text)
    __use_no_semihosting_swi                 0x0800108b   Thumb Code     2  use_no_semi.o(.text)
    __aeabi_errno_addr                       0x0800108d   Thumb Code     8  rt_errno_addr_intlibspace.o(.text)
    __errno$intlibspace                      0x0800108d   Thumb Code     0  rt_errno_addr_intlibspace.o(.text)
    __rt_errno_addr$intlibspace              0x0800108d   Thumb Code     0  rt_errno_addr_intlibspace.o(.text)
    __semihosting_library_function           0x0800108d   Thumb Code     0  indicate_semi.o(.text)
    __rt_SIGRTMEM_inner                      0x08001095   Thumb Code    22  defsig_rtmem_inner.o(.text)
    BusFault_Handler                         0x080010e5   Thumb Code     2  stm32f4xx_it.o(.text.BusFault_Handler)
    CAN1_RX0_IRQHandler                      0x080010e9   Thumb Code    16  stm32f4xx_it.o(.text.CAN1_RX0_IRQHandler)
    CAN_cmd_chassis                          0x080010f9   Thumb Code   104  can_receive.o(.text.CAN_cmd_chassis)
    CAN_cmd_gimbal                           0x08001161   Thumb Code   104  can_receive.o(.text.CAN_cmd_gimbal)
    CDC_Transmit_FS                          0x0800121d   Thumb Code    52  usbd_cdc_if.o(.text.CDC_Transmit_FS)
    DebugMon_Handler                         0x08001251   Thumb Code     2  stm32f4xx_it.o(.text.DebugMon_Handler)
    Error_Handler                            0x08001255   Thumb Code     2  main.o(.text.Error_Handler)
    EventRecordData                          0x08001259   Thumb Code  1530  eventrecorder.o(.text.EventRecordData)
    EventRecorderInitialize                  0x08001855   Thumb Code   730  eventrecorder.o(.text.EventRecorderInitialize)
    EventRecorderStart                       0x08001b31   Thumb Code   330  eventrecorder.o(.text.EventRecorderStart)
    EventRecorderTimerGetCount               0x08001c7d   Thumb Code    12  eventrecorder.o(.text.EventRecorderTimerGetCount)
    EventRecorderTimerGetFreq                0x08001c89   Thumb Code    12  eventrecorder.o(.text.EventRecorderTimerGetFreq)
    EventRecorderTimerSetup                  0x08001c95   Thumb Code    36  eventrecorder.o(.text.EventRecorderTimerSetup)
    HAL_CAN_ActivateNotification             0x08001cb9   Thumb Code    38  stm32f4xx_hal_can.o(.text.HAL_CAN_ActivateNotification)
    HAL_CAN_AddTxMessage                     0x08001ce1   Thumb Code   164  stm32f4xx_hal_can.o(.text.HAL_CAN_AddTxMessage)
    HAL_CAN_ConfigFilter                     0x08001d85   Thumb Code   222  stm32f4xx_hal_can.o(.text.HAL_CAN_ConfigFilter)
    HAL_CAN_ErrorCallback                    0x08001e65   Thumb Code     2  stm32f4xx_hal_can.o(.text.HAL_CAN_ErrorCallback)
    HAL_CAN_GetRxMessage                     0x08001e69   Thumb Code   284  stm32f4xx_hal_can.o(.text.HAL_CAN_GetRxMessage)
    HAL_CAN_IRQHandler                       0x08001f85   Thumb Code   570  stm32f4xx_hal_can.o(.text.HAL_CAN_IRQHandler)
    HAL_CAN_Init                             0x080021c1   Thumb Code   244  stm32f4xx_hal_can.o(.text.HAL_CAN_Init)
    HAL_CAN_MspInit                          0x080022b5   Thumb Code   300  can.o(.text.HAL_CAN_MspInit)
    HAL_CAN_RxFifo0FullCallback              0x080023e1   Thumb Code     2  stm32f4xx_hal_can.o(.text.HAL_CAN_RxFifo0FullCallback)
    HAL_CAN_RxFifo0MsgPendingCallback        0x080023e5   Thumb Code    94  can_receive.o(.text.HAL_CAN_RxFifo0MsgPendingCallback)
    HAL_CAN_RxFifo1FullCallback              0x08002445   Thumb Code     2  stm32f4xx_hal_can.o(.text.HAL_CAN_RxFifo1FullCallback)
    HAL_CAN_RxFifo1MsgPendingCallback        0x08002449   Thumb Code     2  stm32f4xx_hal_can.o(.text.HAL_CAN_RxFifo1MsgPendingCallback)
    HAL_CAN_SleepCallback                    0x0800244d   Thumb Code     2  stm32f4xx_hal_can.o(.text.HAL_CAN_SleepCallback)
    HAL_CAN_Start                            0x08002451   Thumb Code    90  stm32f4xx_hal_can.o(.text.HAL_CAN_Start)
    HAL_CAN_TxMailbox0AbortCallback          0x080024ad   Thumb Code     2  stm32f4xx_hal_can.o(.text.HAL_CAN_TxMailbox0AbortCallback)
    HAL_CAN_TxMailbox0CompleteCallback       0x080024b1   Thumb Code     2  stm32f4xx_hal_can.o(.text.HAL_CAN_TxMailbox0CompleteCallback)
    HAL_CAN_TxMailbox1AbortCallback          0x080024b5   Thumb Code     2  stm32f4xx_hal_can.o(.text.HAL_CAN_TxMailbox1AbortCallback)
    HAL_CAN_TxMailbox1CompleteCallback       0x080024b9   Thumb Code     2  stm32f4xx_hal_can.o(.text.HAL_CAN_TxMailbox1CompleteCallback)
    HAL_CAN_TxMailbox2AbortCallback          0x080024bd   Thumb Code     2  stm32f4xx_hal_can.o(.text.HAL_CAN_TxMailbox2AbortCallback)
    HAL_CAN_TxMailbox2CompleteCallback       0x080024c1   Thumb Code     2  stm32f4xx_hal_can.o(.text.HAL_CAN_TxMailbox2CompleteCallback)
    HAL_CAN_WakeUpFromRxMsgCallback          0x080024c5   Thumb Code     2  stm32f4xx_hal_can.o(.text.HAL_CAN_WakeUpFromRxMsgCallback)
    HAL_Delay                                0x080024c9   Thumb Code    40  stm32f4xx_hal.o(.text.HAL_Delay)
    HAL_GPIO_Init                            0x080024f1   Thumb Code   416  stm32f4xx_hal_gpio.o(.text.HAL_GPIO_Init)
    HAL_GetTick                              0x08002691   Thumb Code    12  stm32f4xx_hal.o(.text.HAL_GetTick)
    HAL_IncTick                              0x0800269d   Thumb Code    26  stm32f4xx_hal.o(.text.HAL_IncTick)
    HAL_Init                                 0x080026b9   Thumb Code    54  stm32f4xx_hal.o(.text.HAL_Init)
    HAL_InitTick                             0x080026f1   Thumb Code    80  stm32f4xx_hal.o(.text.HAL_InitTick)
    HAL_MspInit                              0x08002741   Thumb Code    56  stm32f4xx_hal_msp.o(.text.HAL_MspInit)
    HAL_NVIC_EnableIRQ                       0x08002779   Thumb Code    32  stm32f4xx_hal_cortex.o(.text.HAL_NVIC_EnableIRQ)
    HAL_NVIC_SetPriority                     0x08002799   Thumb Code    86  stm32f4xx_hal_cortex.o(.text.HAL_NVIC_SetPriority)
    HAL_NVIC_SetPriorityGrouping             0x080027f1   Thumb Code    32  stm32f4xx_hal_cortex.o(.text.HAL_NVIC_SetPriorityGrouping)
    HAL_PCDEx_LPM_Callback                   0x08002811   Thumb Code     2  stm32f4xx_hal_pcd_ex.o(.text.HAL_PCDEx_LPM_Callback)
    HAL_PCDEx_SetRxFiFo                      0x08002815   Thumb Code     8  stm32f4xx_hal_pcd_ex.o(.text.HAL_PCDEx_SetRxFiFo)
    HAL_PCDEx_SetTxFiFo                      0x0800281d   Thumb Code    80  stm32f4xx_hal_pcd_ex.o(.text.HAL_PCDEx_SetTxFiFo)
    HAL_PCD_ConnectCallback                  0x0800286d   Thumb Code    12  usbd_conf.o(.text.HAL_PCD_ConnectCallback)
    HAL_PCD_DataInStageCallback              0x08002879   Thumb Code    24  usbd_conf.o(.text.HAL_PCD_DataInStageCallback)
    HAL_PCD_DataOutStageCallback             0x08002891   Thumb Code    26  usbd_conf.o(.text.HAL_PCD_DataOutStageCallback)
    HAL_PCD_DisconnectCallback               0x080028ad   Thumb Code    12  usbd_conf.o(.text.HAL_PCD_DisconnectCallback)
    HAL_PCD_EP_Close                         0x080028b9   Thumb Code    76  stm32f4xx_hal_pcd.o(.text.HAL_PCD_EP_Close)
    HAL_PCD_EP_ClrStall                      0x08002905   Thumb Code    98  stm32f4xx_hal_pcd.o(.text.HAL_PCD_EP_ClrStall)
    HAL_PCD_EP_GetRxCount                    0x08002969   Thumb Code    18  stm32f4xx_hal_pcd.o(.text.HAL_PCD_EP_GetRxCount)
    HAL_PCD_EP_Open                          0x0800297d   Thumb Code    96  stm32f4xx_hal_pcd.o(.text.HAL_PCD_EP_Open)
    HAL_PCD_EP_Receive                       0x080029dd   Thumb Code    76  stm32f4xx_hal_pcd.o(.text.HAL_PCD_EP_Receive)
    HAL_PCD_EP_SetStall                      0x08002a29   Thumb Code   110  stm32f4xx_hal_pcd.o(.text.HAL_PCD_EP_SetStall)
    HAL_PCD_EP_Transmit                      0x08002a99   Thumb Code    68  stm32f4xx_hal_pcd.o(.text.HAL_PCD_EP_Transmit)
    HAL_PCD_IRQHandler                       0x08002add   Thumb Code  1914  stm32f4xx_hal_pcd.o(.text.HAL_PCD_IRQHandler)
    HAL_PCD_ISOINIncompleteCallback          0x08003259   Thumb Code    12  usbd_conf.o(.text.HAL_PCD_ISOINIncompleteCallback)
    HAL_PCD_ISOOUTIncompleteCallback         0x08003265   Thumb Code    12  usbd_conf.o(.text.HAL_PCD_ISOOUTIncompleteCallback)
    HAL_PCD_Init                             0x08003271   Thumb Code   318  stm32f4xx_hal_pcd.o(.text.HAL_PCD_Init)
    HAL_PCD_MspInit                          0x080033b1   Thumb Code   136  usbd_conf.o(.text.HAL_PCD_MspInit)
    HAL_PCD_ResetCallback                    0x08003439   Thumb Code    40  usbd_conf.o(.text.HAL_PCD_ResetCallback)
    HAL_PCD_ResumeCallback                   0x08003461   Thumb Code    12  usbd_conf.o(.text.HAL_PCD_ResumeCallback)
    HAL_PCD_SOFCallback                      0x0800346d   Thumb Code    12  usbd_conf.o(.text.HAL_PCD_SOFCallback)
    HAL_PCD_SetAddress                       0x08003479   Thumb Code    40  stm32f4xx_hal_pcd.o(.text.HAL_PCD_SetAddress)
    HAL_PCD_SetupStageCallback               0x080034a1   Thumb Code    18  usbd_conf.o(.text.HAL_PCD_SetupStageCallback)
    HAL_PCD_Start                            0x080034b5   Thumb Code    62  stm32f4xx_hal_pcd.o(.text.HAL_PCD_Start)
    HAL_PCD_SuspendCallback                  0x080034f5   Thumb Code    52  usbd_conf.o(.text.HAL_PCD_SuspendCallback)
    HAL_RCC_ClockConfig                      0x08003529   Thumb Code   352  stm32f4xx_hal_rcc.o(.text.HAL_RCC_ClockConfig)
    HAL_RCC_GetHCLKFreq                      0x08003689   Thumb Code    12  stm32f4xx_hal_rcc.o(.text.HAL_RCC_GetHCLKFreq)
    HAL_RCC_GetSysClockFreq                  0x08003695   Thumb Code   104  stm32f4xx_hal_rcc.o(.text.HAL_RCC_GetSysClockFreq)
    HAL_RCC_OscConfig                        0x080036fd   Thumb Code   840  stm32f4xx_hal_rcc.o(.text.HAL_RCC_OscConfig)
    HAL_SYSTICK_Config                       0x08003a45   Thumb Code    44  stm32f4xx_hal_cortex.o(.text.HAL_SYSTICK_Config)
    HardFault_Handler                        0x08003a71   Thumb Code     2  stm32f4xx_it.o(.text.HardFault_Handler)
    MX_CAN1_Init                             0x08003a75   Thumb Code    60  can.o(.text.MX_CAN1_Init)
    MX_CAN2_Init                             0x08003ab1   Thumb Code    50  can.o(.text.MX_CAN2_Init)
    MX_GPIO_Init                             0x08003ae5   Thumb Code    96  gpio.o(.text.MX_GPIO_Init)
    MX_USB_DEVICE_Init                       0x08003b45   Thumb Code   110  usb_device.o(.text.MX_USB_DEVICE_Init)
    MemManage_Handler                        0x08003bb5   Thumb Code     2  stm32f4xx_it.o(.text.MemManage_Handler)
    NMI_Handler                              0x08003bb9   Thumb Code     2  stm32f4xx_it.o(.text.NMI_Handler)
    OTG_FS_IRQHandler                        0x08003bbd   Thumb Code    16  stm32f4xx_it.o(.text.OTG_FS_IRQHandler)
    PendSV_Handler                           0x08003bcd   Thumb Code     2  stm32f4xx_it.o(.text.PendSV_Handler)
    SVC_Handler                              0x08003bd1   Thumb Code     2  stm32f4xx_it.o(.text.SVC_Handler)
    SysTick_Handler                          0x08003bd5   Thumb Code     8  stm32f4xx_it.o(.text.SysTick_Handler)
    SystemInit                               0x08003bdd   Thumb Code    86  system_stm32f4xx.o(.text.SystemInit)
    USBD_CDC_GetDeviceQualifierDescriptor    0x08003d7d   Thumb Code    16  usbd_cdc.o(.text.USBD_CDC_GetDeviceQualifierDescriptor)
    USBD_CDC_ReceivePacket                   0x08003f61   Thumb Code    50  usbd_cdc.o(.text.USBD_CDC_ReceivePacket)
    USBD_CDC_RegisterInterface               0x08003f95   Thumb Code    24  usbd_cdc.o(.text.USBD_CDC_RegisterInterface)
    USBD_CDC_SetRxBuffer                     0x08003fad   Thumb Code    26  usbd_cdc.o(.text.USBD_CDC_SetRxBuffer)
    USBD_CDC_SetTxBuffer                     0x08003fc9   Thumb Code    30  usbd_cdc.o(.text.USBD_CDC_SetTxBuffer)
    USBD_CDC_TransmitPacket                  0x08004105   Thumb Code    62  usbd_cdc.o(.text.USBD_CDC_TransmitPacket)
    USBD_ClrClassConfig                      0x08004145   Thumb Code    18  usbd_core.o(.text.USBD_ClrClassConfig)
    USBD_CoreFindEP                          0x08004159   Thumb Code     4  usbd_core.o(.text.USBD_CoreFindEP)
    USBD_CoreFindIF                          0x0800415d   Thumb Code     4  usbd_core.o(.text.USBD_CoreFindIF)
    USBD_CtlContinueRx                       0x08004161   Thumb Code    16  usbd_ioreq.o(.text.USBD_CtlContinueRx)
    USBD_CtlContinueSendData                 0x08004171   Thumb Code    16  usbd_ioreq.o(.text.USBD_CtlContinueSendData)
    USBD_CtlError                            0x08004181   Thumb Code    20  usbd_ctlreq.o(.text.USBD_CtlError)
    USBD_CtlPrepareRx                        0x08004195   Thumb Code    26  usbd_ioreq.o(.text.USBD_CtlPrepareRx)
    USBD_CtlReceiveStatus                    0x080041b1   Thumb Code    22  usbd_ioreq.o(.text.USBD_CtlReceiveStatus)
    USBD_CtlSendData                         0x080041c9   Thumb Code    26  usbd_ioreq.o(.text.USBD_CtlSendData)
    USBD_CtlSendStatus                       0x080041e5   Thumb Code    22  usbd_ioreq.o(.text.USBD_CtlSendStatus)
    USBD_FS_ConfigStrDescriptor              0x080041fd   Thumb Code    24  usbd_desc.o(.text.USBD_FS_ConfigStrDescriptor)
    USBD_FS_DeviceDescriptor                 0x08004221   Thumb Code    14  usbd_desc.o(.text.USBD_FS_DeviceDescriptor)
    USBD_FS_InterfaceStrDescriptor           0x08004231   Thumb Code    24  usbd_desc.o(.text.USBD_FS_InterfaceStrDescriptor)
    USBD_FS_LangIDStrDescriptor              0x08004259   Thumb Code    14  usbd_desc.o(.text.USBD_FS_LangIDStrDescriptor)
    USBD_FS_ManufacturerStrDescriptor        0x08004269   Thumb Code    24  usbd_desc.o(.text.USBD_FS_ManufacturerStrDescriptor)
    USBD_FS_ProductStrDescriptor             0x08004295   Thumb Code    24  usbd_desc.o(.text.USBD_FS_ProductStrDescriptor)
    USBD_FS_SerialStrDescriptor              0x080042c5   Thumb Code   132  usbd_desc.o(.text.USBD_FS_SerialStrDescriptor)
    USBD_GetEpDesc                           0x08004349   Thumb Code    48  usbd_core.o(.text.USBD_GetEpDesc)
    USBD_GetString                           0x08004379   Thumb Code   112  usbd_ctlreq.o(.text.USBD_GetString)
    USBD_Init                                0x080043e9   Thumb Code    46  usbd_core.o(.text.USBD_Init)
    USBD_LL_ClearStallEP                     0x08004419   Thumb Code    34  usbd_conf.o(.text.USBD_LL_ClearStallEP)
    USBD_LL_CloseEP                          0x0800443d   Thumb Code    34  usbd_conf.o(.text.USBD_LL_CloseEP)
    USBD_LL_DataInStage                      0x08004461   Thumb Code   178  usbd_core.o(.text.USBD_LL_DataInStage)
    USBD_LL_DataOutStage                     0x08004515   Thumb Code   120  usbd_core.o(.text.USBD_LL_DataOutStage)
    USBD_LL_DevConnected                     0x0800458d   Thumb Code     4  usbd_core.o(.text.USBD_LL_DevConnected)
    USBD_LL_DevDisconnected                  0x08004591   Thumb Code    32  usbd_core.o(.text.USBD_LL_DevDisconnected)
    USBD_LL_GetRxDataSize                    0x080045b1   Thumb Code    12  usbd_conf.o(.text.USBD_LL_GetRxDataSize)
    USBD_LL_Init                             0x080045bd   Thumb Code   110  usbd_conf.o(.text.USBD_LL_Init)
    USBD_LL_IsStallEP                        0x0800462d   Thumb Code    32  usbd_conf.o(.text.USBD_LL_IsStallEP)
    USBD_LL_IsoINIncomplete                  0x0800464d   Thumb Code    38  usbd_core.o(.text.USBD_LL_IsoINIncomplete)
    USBD_LL_IsoOUTIncomplete                 0x08004675   Thumb Code    38  usbd_core.o(.text.USBD_LL_IsoOUTIncomplete)
    USBD_LL_OpenEP                           0x0800469d   Thumb Code    40  usbd_conf.o(.text.USBD_LL_OpenEP)
    USBD_LL_PrepareReceive                   0x080046c5   Thumb Code    34  usbd_conf.o(.text.USBD_LL_PrepareReceive)
    USBD_LL_Reset                            0x080046e9   Thumb Code   100  usbd_core.o(.text.USBD_LL_Reset)
    USBD_LL_Resume                           0x0800474d   Thumb Code    20  usbd_core.o(.text.USBD_LL_Resume)
    USBD_LL_SOF                              0x08004761   Thumb Code    28  usbd_core.o(.text.USBD_LL_SOF)
    USBD_LL_SetSpeed                         0x0800477d   Thumb Code     8  usbd_core.o(.text.USBD_LL_SetSpeed)
    USBD_LL_SetUSBAddress                    0x08004785   Thumb Code    34  usbd_conf.o(.text.USBD_LL_SetUSBAddress)
    USBD_LL_SetupStage                       0x080047a9   Thumb Code    88  usbd_core.o(.text.USBD_LL_SetupStage)
    USBD_LL_StallEP                          0x08004801   Thumb Code    34  usbd_conf.o(.text.USBD_LL_StallEP)
    USBD_LL_Start                            0x08004825   Thumb Code    34  usbd_conf.o(.text.USBD_LL_Start)
    USBD_LL_Suspend                          0x08004849   Thumb Code    20  usbd_core.o(.text.USBD_LL_Suspend)
    USBD_LL_Transmit                         0x0800485d   Thumb Code    34  usbd_conf.o(.text.USBD_LL_Transmit)
    USBD_ParseSetupRequest                   0x08004881   Thumb Code    22  usbd_ctlreq.o(.text.USBD_ParseSetupRequest)
    USBD_RegisterClass                       0x08004899   Thumb Code    66  usbd_core.o(.text.USBD_RegisterClass)
    USBD_SetClassConfig                      0x080048dd   Thumb Code    18  usbd_core.o(.text.USBD_SetClassConfig)
    USBD_Start                               0x080048f1   Thumb Code     8  usbd_core.o(.text.USBD_Start)
    USBD_StdDevReq                           0x080048f9   Thumb Code  1070  usbd_ctlreq.o(.text.USBD_StdDevReq)
    USBD_StdEPReq                            0x08004d29   Thumb Code   394  usbd_ctlreq.o(.text.USBD_StdEPReq)
    USBD_StdItfReq                           0x08004eb5   Thumb Code   144  usbd_ctlreq.o(.text.USBD_StdItfReq)
    USBD_static_free                         0x08004f45   Thumb Code     2  usbd_conf.o(.text.USBD_static_free)
    USBD_static_malloc                       0x08004f49   Thumb Code    10  usbd_conf.o(.text.USBD_static_malloc)
    USB_ActivateEndpoint                     0x08004f55   Thumb Code   138  stm32f4xx_ll_usb.o(.text.USB_ActivateEndpoint)
    USB_ActivateSetup                        0x08004fe1   Thumb Code    32  stm32f4xx_ll_usb.o(.text.USB_ActivateSetup)
    USB_CoreInit                             0x08005001   Thumb Code   254  stm32f4xx_ll_usb.o(.text.USB_CoreInit)
    USB_DeactivateEndpoint                   0x08005101   Thumb Code   132  stm32f4xx_ll_usb.o(.text.USB_DeactivateEndpoint)
    USB_DevConnect                           0x08005185   Thumb Code    30  stm32f4xx_ll_usb.o(.text.USB_DevConnect)
    USB_DevDisconnect                        0x080051a5   Thumb Code    30  stm32f4xx_ll_usb.o(.text.USB_DevDisconnect)
    USB_DevInit                              0x080051c5   Thumb Code   488  stm32f4xx_ll_usb.o(.text.USB_DevInit)
    USB_DisableGlobalInt                     0x080053ad   Thumb Code    14  stm32f4xx_ll_usb.o(.text.USB_DisableGlobalInt)
    USB_EP0StartXfer                         0x080053bd   Thumb Code   252  stm32f4xx_ll_usb.o(.text.USB_EP0StartXfer)
    USB_EP0_OutStart                         0x080054b9   Thumb Code    90  stm32f4xx_ll_usb.o(.text.USB_EP0_OutStart)
    USB_EPClearStall                         0x08005515   Thumb Code    78  stm32f4xx_ll_usb.o(.text.USB_EPClearStall)
    USB_EPSetStall                           0x08005565   Thumb Code    60  stm32f4xx_ll_usb.o(.text.USB_EPSetStall)
    USB_EPStartXfer                          0x080055a1   Thumb Code   464  stm32f4xx_ll_usb.o(.text.USB_EPStartXfer)
    USB_EPStopXfer                           0x08005771   Thumb Code   134  stm32f4xx_ll_usb.o(.text.USB_EPStopXfer)
    USB_EnableGlobalInt                      0x080057f9   Thumb Code    14  stm32f4xx_ll_usb.o(.text.USB_EnableGlobalInt)
    USB_FlushTxFifo                          0x08005809   Thumb Code    78  stm32f4xx_ll_usb.o(.text.USB_FlushTxFifo)
    USB_GetDevSpeed                          0x08005859   Thumb Code    26  stm32f4xx_ll_usb.o(.text.USB_GetDevSpeed)
    USB_GetMode                              0x08005875   Thumb Code     8  stm32f4xx_ll_usb.o(.text.USB_GetMode)
    USB_ReadDevAllInEpInterrupt              0x0800587d   Thumb Code    14  stm32f4xx_ll_usb.o(.text.USB_ReadDevAllInEpInterrupt)
    USB_ReadDevAllOutEpInterrupt             0x0800588d   Thumb Code    14  stm32f4xx_ll_usb.o(.text.USB_ReadDevAllOutEpInterrupt)
    USB_ReadDevInEPInterrupt                 0x0800589d   Thumb Code    36  stm32f4xx_ll_usb.o(.text.USB_ReadDevInEPInterrupt)
    USB_ReadDevOutEPInterrupt                0x080058c1   Thumb Code    16  stm32f4xx_ll_usb.o(.text.USB_ReadDevOutEPInterrupt)
    USB_ReadInterrupts                       0x080058d1   Thumb Code     8  stm32f4xx_ll_usb.o(.text.USB_ReadInterrupts)
    USB_ReadPacket                           0x080058d9   Thumb Code    74  stm32f4xx_ll_usb.o(.text.USB_ReadPacket)
    USB_SetCurrentMode                       0x08005925   Thumb Code   100  stm32f4xx_ll_usb.o(.text.USB_SetCurrentMode)
    USB_SetDevAddress                        0x08005989   Thumb Code    34  stm32f4xx_ll_usb.o(.text.USB_SetDevAddress)
    USB_SetTurnaroundTime                    0x080059ad   Thumb Code   278  stm32f4xx_ll_usb.o(.text.USB_SetTurnaroundTime)
    USB_WritePacket                          0x08005ac5   Thumb Code    58  stm32f4xx_ll_usb.o(.text.USB_WritePacket)
    UsageFault_Handler                       0x08005b01   Thumb Code     2  stm32f4xx_it.o(.text.UsageFault_Handler)
    _sys_close                               0x08005b05   Thumb Code    20  retarget_io.o(.text._sys_close)
    _sys_flen                                0x08005b19   Thumb Code     4  retarget_io.o(.text._sys_flen)
    _sys_istty                               0x08005b1d   Thumb Code    16  retarget_io.o(.text._sys_istty)
    _sys_open                                0x08005b2d   Thumb Code    92  retarget_io.o(.text._sys_open)
    _sys_seek                                0x08005b89   Thumb Code     6  retarget_io.o(.text._sys_seek)
    _sys_write                               0x08005b91   Thumb Code   122  retarget_io.o(.text._sys_write)
    can_filter_init                          0x08005c0d   Thumb Code    98  bsp_can.o(.text.can_filter_init)
    get_chassis_motor_measure_point          0x08005c71   Thumb Code    22  can_receive.o(.text.get_chassis_motor_measure_point)
    main                                     0x08005c89   Thumb Code   276  main.o(.text.main)
    fputc                                    0x08005da1   Thumb Code    28  fputc.o(i.fputc)
    _fp_init                                 0x08005dbd   Thumb Code    26  fpinit.o(x$fpl$fpinit)
    __fplib_config_fpu_vfp                   0x08005dd5   Thumb Code     0  fpinit.o(x$fpl$fpinit)
    __fplib_config_pureend_doubles           0x08005dd5   Thumb Code     0  fpinit.o(x$fpl$fpinit)
    AHBPrescTable                            0x08005dd6   Data          16  system_stm32f4xx.o(.rodata.AHBPrescTable)
    EventRecorderInfo                        0x08005de8   Data          24  eventrecorder.o(.rodata.EventRecorderInfo)
    __stderr_name                            0x08005e00   Data           8  retarget_io.o(.rodata.__stderr_name)
    __stdin_name                             0x08005e08   Data           7  retarget_io.o(.rodata.__stdin_name)
    __stdout_name                            0x08005e0f   Data           8  retarget_io.o(.rodata.__stdout_name)
    Region$$Table$$Base                      0x08005e18   Number         0  anon$$obj.o(Region$$Table)
    Region$$Table$$Limit                     0x08005e38   Number         0  anon$$obj.o(Region$$Table)
    __aeabi_stdin                            0x20000000   Data           4  stdio_streams.o(.data)
    __aeabi_stdout                           0x20000004   Data           4  stdio_streams.o(.data)
    __aeabi_stderr                           0x20000008   Data           4  stdio_streams.o(.data)
    FS_Desc                                  0x2000000c   Data          28  usbd_desc.o(.data.FS_Desc)
    SystemCoreClock                          0x20000028   Data           4  system_stm32f4xx.o(.data.SystemCoreClock)
    USBD_CDC                                 0x2000002c   Data          56  usbd_cdc.o(.data.USBD_CDC)
    USBD_FS_DeviceDesc                       0x200000b4   Data          18  usbd_desc.o(.data.USBD_FS_DeviceDesc)
    USBD_Interface_fops_FS                   0x200000c8   Data          20  usbd_cdc_if.o(.data.USBD_Interface_fops_FS)
    USBD_LangIDDesc                          0x200000dc   Data           4  usbd_desc.o(.data.USBD_LangIDDesc)
    USBD_StringSerial                        0x200000e0   Data          26  usbd_desc.o(.data.USBD_StringSerial)
    uwTickFreq                               0x200000fa   Data           1  stm32f4xx_hal.o(.data.uwTickFreq)
    uwTickPrio                               0x200000fc   Data           4  stm32f4xx_hal.o(.data.uwTickPrio)
    __stdin                                  0x20000100   Data          84  stdio_streams.o(.bss)
    __stdout                                 0x20000154   Data          84  stdio_streams.o(.bss)
    __stderr                                 0x200001a8   Data          84  stdio_streams.o(.bss)
    __libspace_start                         0x200001fc   Data          96  libspace.o(.bss)
    __temporary_stack_top$libspace           0x2000025c   Data           0  libspace.o(.bss)
    USBD_StrDesc                             0x20000264   Data         512  usbd_desc.o(.bss.USBD_StrDesc)
    UserRxBufferFS                           0x20000684   Data        2048  usbd_cdc_if.o(.bss.UserRxBufferFS)
    UserTxBufferFS                           0x20000e84   Data        2048  usbd_cdc_if.o(.bss.UserTxBufferFS)
    hUsbDeviceFS                             0x200016c8   Data         732  usb_device.o(.bss.hUsbDeviceFS)
    hcan1                                    0x200019a4   Data          40  can.o(.bss.hcan1)
    hcan2                                    0x200019cc   Data          40  can.o(.bss.hcan2)
    hpcd_USB_OTG_FS                          0x200019f4   Data        1292  usbd_conf.o(.bss.hpcd_USB_OTG_FS)
    uwTick                                   0x20002430   Data           4  stm32f4xx_hal.o(.bss.uwTick)



==============================================================================

Memory Map of the image

  Image Entry point : 0x08000189

  Load Region LR_IROM1 (Base: 0x08000000, Size: 0x00005f40, Max: 0x00100000, ABSOLUTE)

    Execution Region ER_IROM1 (Exec base: 0x08000000, Load base: 0x08000000, Size: 0x00005e38, Max: 0x00100000, ABSOLUTE)

    Exec Addr    Load Addr    Size         Type   Attr      Idx    E Section Name        Object

    0x08000000   0x08000000   0x00000188   Data   RO            3    RESET               startup_stm32f407xx.o
    0x08000188   0x08000188   0x00000008   Code   RO         1176  * !!!main             c_w.l(__main.o)
    0x08000190   0x08000190   0x00000034   Code   RO         1532    !!!scatter          c_w.l(__scatter.o)
    0x080001c4   0x080001c4   0x0000001a   Code   RO         1534    !!handler_copy      c_w.l(__scatter_copy.o)
    0x080001de   0x080001de   0x00000002   PAD
    0x080001e0   0x080001e0   0x0000001c   Code   RO         1536    !!handler_zi        c_w.l(__scatter_zi.o)
    0x080001fc   0x080001fc   0x00000000   Code   RO         1167    .ARM.Collect$$_printf_percent$$00000000  c_w.l(_printf_percent.o)
    0x080001fc   0x080001fc   0x00000006   Code   RO         1166    .ARM.Collect$$_printf_percent$$00000009  c_w.l(_printf_d.o)
    0x08000202   0x08000202   0x00000004   Code   RO         1187    .ARM.Collect$$_printf_percent$$00000017  c_w.l(_printf_percent_end.o)
    0x08000206   0x08000206   0x00000002   Code   RO         1319    .ARM.Collect$$libinit$$00000000  c_w.l(libinit.o)
    0x08000208   0x08000208   0x00000004   Code   RO         1320    .ARM.Collect$$libinit$$00000001  c_w.l(libinit2.o)
    0x0800020c   0x0800020c   0x00000000   Code   RO         1323    .ARM.Collect$$libinit$$00000004  c_w.l(libinit2.o)
    0x0800020c   0x0800020c   0x00000000   Code   RO         1325    .ARM.Collect$$libinit$$00000006  c_w.l(libinit2.o)
    0x0800020c   0x0800020c   0x00000008   Code   RO         1326    .ARM.Collect$$libinit$$00000007  c_w.l(libinit2.o)
    0x08000214   0x08000214   0x00000000   Code   RO         1328    .ARM.Collect$$libinit$$0000000C  c_w.l(libinit2.o)
    0x08000214   0x08000214   0x00000000   Code   RO         1330    .ARM.Collect$$libinit$$0000000E  c_w.l(libinit2.o)
    0x08000214   0x08000214   0x00000000   Code   RO         1332    .ARM.Collect$$libinit$$00000010  c_w.l(libinit2.o)
    0x08000214   0x08000214   0x00000000   Code   RO         1335    .ARM.Collect$$libinit$$00000013  c_w.l(libinit2.o)
    0x08000214   0x08000214   0x00000000   Code   RO         1337    .ARM.Collect$$libinit$$00000015  c_w.l(libinit2.o)
    0x08000214   0x08000214   0x00000000   Code   RO         1339    .ARM.Collect$$libinit$$00000017  c_w.l(libinit2.o)
    0x08000214   0x08000214   0x00000000   Code   RO         1341    .ARM.Collect$$libinit$$00000019  c_w.l(libinit2.o)
    0x08000214   0x08000214   0x00000000   Code   RO         1343    .ARM.Collect$$libinit$$0000001B  c_w.l(libinit2.o)
    0x08000214   0x08000214   0x00000000   Code   RO         1345    .ARM.Collect$$libinit$$0000001D  c_w.l(libinit2.o)
    0x08000214   0x08000214   0x00000000   Code   RO         1347    .ARM.Collect$$libinit$$0000001F  c_w.l(libinit2.o)
    0x08000214   0x08000214   0x00000000   Code   RO         1349    .ARM.Collect$$libinit$$00000021  c_w.l(libinit2.o)
    0x08000214   0x08000214   0x00000000   Code   RO         1351    .ARM.Collect$$libinit$$00000023  c_w.l(libinit2.o)
    0x08000214   0x08000214   0x00000000   Code   RO         1353    .ARM.Collect$$libinit$$00000025  c_w.l(libinit2.o)
    0x08000214   0x08000214   0x00000004   Code   RO         1354    .ARM.Collect$$libinit$$00000026  c_w.l(libinit2.o)
    0x08000218   0x08000218   0x00000000   Code   RO         1355    .ARM.Collect$$libinit$$00000027  c_w.l(libinit2.o)
    0x08000218   0x08000218   0x00000000   Code   RO         1359    .ARM.Collect$$libinit$$0000002E  c_w.l(libinit2.o)
    0x08000218   0x08000218   0x00000000   Code   RO         1361    .ARM.Collect$$libinit$$00000030  c_w.l(libinit2.o)
    0x08000218   0x08000218   0x00000000   Code   RO         1363    .ARM.Collect$$libinit$$00000032  c_w.l(libinit2.o)
    0x08000218   0x08000218   0x00000000   Code   RO         1365    .ARM.Collect$$libinit$$00000034  c_w.l(libinit2.o)
    0x08000218   0x08000218   0x00000002   Code   RO         1366    .ARM.Collect$$libinit$$00000035  c_w.l(libinit2.o)
    0x0800021a   0x0800021a   0x00000002   Code   RO         1513    .ARM.Collect$$libshutdown$$00000000  c_w.l(libshutdown.o)
    0x0800021c   0x0800021c   0x00000000   Code   RO         1368    .ARM.Collect$$libshutdown$$00000002  c_w.l(libshutdown2.o)
    0x0800021c   0x0800021c   0x00000004   Code   RO         1369    .ARM.Collect$$libshutdown$$00000003  c_w.l(libshutdown2.o)
    0x08000220   0x08000220   0x00000000   Code   RO         1370    .ARM.Collect$$libshutdown$$00000004  c_w.l(libshutdown2.o)
    0x08000220   0x08000220   0x00000000   Code   RO         1373    .ARM.Collect$$libshutdown$$00000007  c_w.l(libshutdown2.o)
    0x08000220   0x08000220   0x00000000   Code   RO         1376    .ARM.Collect$$libshutdown$$0000000A  c_w.l(libshutdown2.o)
    0x08000220   0x08000220   0x00000000   Code   RO         1378    .ARM.Collect$$libshutdown$$0000000C  c_w.l(libshutdown2.o)
    0x08000220   0x08000220   0x00000000   Code   RO         1381    .ARM.Collect$$libshutdown$$0000000F  c_w.l(libshutdown2.o)
    0x08000220   0x08000220   0x00000002   Code   RO         1382    .ARM.Collect$$libshutdown$$00000010  c_w.l(libshutdown2.o)
    0x08000222   0x08000222   0x00000000   Code   RO         1178    .ARM.Collect$$rtentry$$00000000  c_w.l(__rtentry.o)
    0x08000222   0x08000222   0x00000000   Code   RO         1197    .ARM.Collect$$rtentry$$00000002  c_w.l(__rtentry2.o)
    0x08000222   0x08000222   0x00000006   Code   RO         1209    .ARM.Collect$$rtentry$$00000004  c_w.l(__rtentry4.o)
    0x08000228   0x08000228   0x00000000   Code   RO         1199    .ARM.Collect$$rtentry$$00000009  c_w.l(__rtentry2.o)
    0x08000228   0x08000228   0x00000004   Code   RO         1200    .ARM.Collect$$rtentry$$0000000A  c_w.l(__rtentry2.o)
    0x0800022c   0x0800022c   0x00000000   Code   RO         1202    .ARM.Collect$$rtentry$$0000000C  c_w.l(__rtentry2.o)
    0x0800022c   0x0800022c   0x00000008   Code   RO         1203    .ARM.Collect$$rtentry$$0000000D  c_w.l(__rtentry2.o)
    0x08000234   0x08000234   0x00000002   Code   RO         1388    .ARM.Collect$$rtexit$$00000000  c_w.l(rtexit.o)
    0x08000236   0x08000236   0x00000000   Code   RO         1444    .ARM.Collect$$rtexit$$00000002  c_w.l(rtexit2.o)
    0x08000236   0x08000236   0x00000004   Code   RO         1445    .ARM.Collect$$rtexit$$00000003  c_w.l(rtexit2.o)
    0x0800023a   0x0800023a   0x00000006   Code   RO         1446    .ARM.Collect$$rtexit$$00000004  c_w.l(rtexit2.o)
    0x08000240   0x08000240   0x00000040   Code   RO            4    .text               startup_stm32f407xx.o
    0x08000280   0x08000280   0x000000f0   Code   RO         1136    .text               c_w.l(lludivv7m.o)
    0x08000370   0x08000370   0x00000018   Code   RO         1140    .text               c_w.l(noretval__2printf.o)
    0x08000388   0x08000388   0x00000068   Code   RO         1142    .text               c_w.l(__printf.o)
    0x080003f0   0x080003f0   0x00000078   Code   RO         1144    .text               c_w.l(_printf_dec.o)
    0x08000468   0x08000468   0x0000008a   Code   RO         1168    .text               c_w.l(rt_memcpy_v6.o)
    0x080004f2   0x080004f2   0x0000004e   Code   RO         1170    .text               c_w.l(rt_memclr_w.o)
    0x08000540   0x08000540   0x0000007c   Code   RO         1172    .text               c_w.l(strcmpv7em.o)
    0x080005bc   0x080005bc   0x00000006   Code   RO         1174    .text               c_w.l(heapauxi.o)
    0x080005c2   0x080005c2   0x000000b2   Code   RO         1183    .text               c_w.l(_printf_intcommon.o)
    0x08000674   0x08000674   0x00000024   Code   RO         1185    .text               c_w.l(_printf_char_file.o)
    0x08000698   0x08000698   0x00000064   Code   RO         1194    .text               c_w.l(rt_memcpy_w.o)
    0x080006fc   0x080006fc   0x00000030   Code   RO         1213    .text               c_w.l(_printf_char_common.o)
    0x0800072c   0x0800072c   0x00000008   Code   RO         1215    .text               c_w.l(ferror.o)
    0x08000734   0x08000734   0x00000138   Code   RO         1221    .text               c_w.l(initio.o)
    0x0800086c   0x0800086c   0x0000004a   Code   RO         1231    .text               c_w.l(sys_stackheap_outer.o)
    0x080008b6   0x080008b6   0x0000004e   Code   RO         1235    .text               c_w.l(h1_free.o)
    0x08000904   0x08000904   0x000001e2   Code   RO         1291    .text               c_w.l(flsbuf.o)
    0x08000ae6   0x08000ae6   0x00000046   Code   RO         1293    .text               c_w.l(setvbuf.o)
    0x08000b2c   0x08000b2c   0x000000f0   Code   RO         1296    .text               c_w.l(fopen.o)
    0x08000c1c   0x08000c1c   0x0000004c   Code   RO         1298    .text               c_w.l(fclose.o)
    0x08000c68   0x08000c68   0x00000012   Code   RO         1304    .text               c_w.l(exit.o)
    0x08000c7a   0x08000c7a   0x0000000e   Code   RO         1310    .text               c_w.l(defsig_rtred_outer.o)
    0x08000c88   0x08000c88   0x00000008   Code   RO         1385    .text               c_w.l(libspace.o)
    0x08000c90   0x08000c90   0x00000008   Code   RO         1395    .text               c_w.l(rt_heap_descriptor_intlibspace.o)
    0x08000c98   0x08000c98   0x00000004   Code   RO         1397    .text               c_w.l(hguard.o)
    0x08000c9c   0x08000c9c   0x0000008a   Code   RO         1399    .text               c_w.l(init_alloc.o)
    0x08000d26   0x08000d26   0x0000005e   Code   RO         1405    .text               c_w.l(h1_alloc.o)
    0x08000d84   0x08000d84   0x000000f8   Code   RO         1419    .text               c_w.l(fseek.o)
    0x08000e7c   0x08000e7c   0x000000f0   Code   RO         1421    .text               c_w.l(stdio.o)
    0x08000f6c   0x08000f6c   0x0000000a   Code   RO         1427    .text               c_w.l(defsig_exit.o)
    0x08000f76   0x08000f76   0x00000002   PAD
    0x08000f78   0x08000f78   0x00000034   Code   RO         1431    .text               c_w.l(defsig_rtred_inner.o)
    0x08000fac   0x08000fac   0x0000000c   Code   RO         1439    .text               c_w.l(sys_exit.o)
    0x08000fb8   0x08000fb8   0x00000000   Code   RO         1450    .text               c_w.l(maybetermalloc1.o)
    0x08000fb8   0x08000fb8   0x0000000e   Code   RO         1452    .text               c_w.l(h1_init.o)
    0x08000fc6   0x08000fc6   0x00000034   Code   RO         1454    .text               c_w.l(h1_extend.o)
    0x08000ffa   0x08000ffa   0x00000042   Code   RO         1464    .text               c_w.l(ftell.o)
    0x0800103c   0x0800103c   0x00000032   Code   RO         1472    .text               c_w.l(defsig_general.o)
    0x0800106e   0x0800106e   0x0000000e   Code   RO         1474    .text               c_w.l(defsig_rtmem_outer.o)
    0x0800107c   0x0800107c   0x0000000e   Code   RO         1487    .text               c_w.l(sys_wrch.o)
    0x0800108a   0x0800108a   0x00000002   Code   RO         1495    .text               c_w.l(use_no_semi.o)
    0x0800108c   0x0800108c   0x00000000   Code   RO         1497    .text               c_w.l(indicate_semi.o)
    0x0800108c   0x0800108c   0x00000008   Code   RO         1501    .text               c_w.l(rt_errno_addr_intlibspace.o)
    0x08001094   0x08001094   0x00000050   Code   RO         1507    .text               c_w.l(defsig_rtmem_inner.o)
    0x080010e4   0x080010e4   0x00000002   Code   RO          190    .text.BusFault_Handler  stm32f4xx_it.o
    0x080010e6   0x080010e6   0x00000002   PAD
    0x080010e8   0x080010e8   0x00000010   Code   RO          202    .text.CAN1_RX0_IRQHandler  stm32f4xx_it.o
    0x080010f8   0x080010f8   0x00000068   Code   RO          250    .text.CAN_cmd_chassis  can_receive.o
    0x08001160   0x08001160   0x00000068   Code   RO          246    .text.CAN_cmd_gimbal  can_receive.o
    0x080011c8   0x080011c8   0x00000004   Code   RO          165    .text.CDC_Control_FS  usbd_cdc_if.o
    0x080011cc   0x080011cc   0x00000004   Code   RO          163    .text.CDC_DeInit_FS  usbd_cdc_if.o
    0x080011d0   0x080011d0   0x0000002c   Code   RO          161    .text.CDC_Init_FS   usbd_cdc_if.o
    0x080011fc   0x080011fc   0x0000001c   Code   RO          167    .text.CDC_Receive_FS  usbd_cdc_if.o
    0x08001218   0x08001218   0x00000004   Code   RO          169    .text.CDC_TransmitCplt_FS  usbd_cdc_if.o
    0x0800121c   0x0800121c   0x00000034   Code   RO          171    .text.CDC_Transmit_FS  usbd_cdc_if.o
    0x08001250   0x08001250   0x00000002   Code   RO          196    .text.DebugMon_Handler  stm32f4xx_it.o
    0x08001252   0x08001252   0x00000002   PAD
    0x08001254   0x08001254   0x00000002   Code   RO           15    .text.Error_Handler  main.o
    0x08001256   0x08001256   0x00000002   PAD
    0x08001258   0x08001258   0x000005fa   Code   RO         1091    .text.EventRecordData  eventrecorder.o
    0x08001852   0x08001852   0x00000002   PAD
    0x08001854   0x08001854   0x000002da   Code   RO         1079    .text.EventRecorderInitialize  eventrecorder.o
    0x08001b2e   0x08001b2e   0x00000002   PAD
    0x08001b30   0x08001b30   0x0000014a   Code   RO         1083    .text.EventRecorderStart  eventrecorder.o
    0x08001c7a   0x08001c7a   0x00000002   PAD
    0x08001c7c   0x08001c7c   0x0000000c   Code   RO         1077    .text.EventRecorderTimerGetCount  eventrecorder.o
    0x08001c88   0x08001c88   0x0000000c   Code   RO         1075    .text.EventRecorderTimerGetFreq  eventrecorder.o
    0x08001c94   0x08001c94   0x00000024   Code   RO         1073    .text.EventRecorderTimerSetup  eventrecorder.o
    0x08001cb8   0x08001cb8   0x00000026   Code   RO          885    .text.HAL_CAN_ActivateNotification  stm32f4xx_hal_can.o
    0x08001cde   0x08001cde   0x00000002   PAD
    0x08001ce0   0x08001ce0   0x000000a4   Code   RO          871    .text.HAL_CAN_AddTxMessage  stm32f4xx_hal_can.o
    0x08001d84   0x08001d84   0x000000de   Code   RO          861    .text.HAL_CAN_ConfigFilter  stm32f4xx_hal_can.o
    0x08001e62   0x08001e62   0x00000002   PAD
    0x08001e64   0x08001e64   0x00000002   Code   RO          915    .text.HAL_CAN_ErrorCallback  stm32f4xx_hal_can.o
    0x08001e66   0x08001e66   0x00000002   PAD
    0x08001e68   0x08001e68   0x0000011c   Code   RO          881    .text.HAL_CAN_GetRxMessage  stm32f4xx_hal_can.o
    0x08001f84   0x08001f84   0x0000023a   Code   RO          889    .text.HAL_CAN_IRQHandler  stm32f4xx_hal_can.o
    0x080021be   0x080021be   0x00000002   PAD
    0x080021c0   0x080021c0   0x000000f4   Code   RO          851    .text.HAL_CAN_Init  stm32f4xx_hal_can.o
    0x080022b4   0x080022b4   0x0000012c   Code   RO           38    .text.HAL_CAN_MspInit  can.o
    0x080023e0   0x080023e0   0x00000002   Code   RO          903    .text.HAL_CAN_RxFifo0FullCallback  stm32f4xx_hal_can.o
    0x080023e2   0x080023e2   0x00000002   PAD
    0x080023e4   0x080023e4   0x0000005e   Code   RO          244    .text.HAL_CAN_RxFifo0MsgPendingCallback  can_receive.o
    0x08002442   0x08002442   0x00000002   PAD
    0x08002444   0x08002444   0x00000002   Code   RO          907    .text.HAL_CAN_RxFifo1FullCallback  stm32f4xx_hal_can.o
    0x08002446   0x08002446   0x00000002   PAD
    0x08002448   0x08002448   0x00000002   Code   RO          909    .text.HAL_CAN_RxFifo1MsgPendingCallback  stm32f4xx_hal_can.o
    0x0800244a   0x0800244a   0x00000002   PAD
    0x0800244c   0x0800244c   0x00000002   Code   RO          911    .text.HAL_CAN_SleepCallback  stm32f4xx_hal_can.o
    0x0800244e   0x0800244e   0x00000002   PAD
    0x08002450   0x08002450   0x0000005a   Code   RO          863    .text.HAL_CAN_Start  stm32f4xx_hal_can.o
    0x080024aa   0x080024aa   0x00000002   PAD
    0x080024ac   0x080024ac   0x00000002   Code   RO          893    .text.HAL_CAN_TxMailbox0AbortCallback  stm32f4xx_hal_can.o
    0x080024ae   0x080024ae   0x00000002   PAD
    0x080024b0   0x080024b0   0x00000002   Code   RO          891    .text.HAL_CAN_TxMailbox0CompleteCallback  stm32f4xx_hal_can.o
    0x080024b2   0x080024b2   0x00000002   PAD
    0x080024b4   0x080024b4   0x00000002   Code   RO          897    .text.HAL_CAN_TxMailbox1AbortCallback  stm32f4xx_hal_can.o
    0x080024b6   0x080024b6   0x00000002   PAD
    0x080024b8   0x080024b8   0x00000002   Code   RO          895    .text.HAL_CAN_TxMailbox1CompleteCallback  stm32f4xx_hal_can.o
    0x080024ba   0x080024ba   0x00000002   PAD
    0x080024bc   0x080024bc   0x00000002   Code   RO          901    .text.HAL_CAN_TxMailbox2AbortCallback  stm32f4xx_hal_can.o
    0x080024be   0x080024be   0x00000002   PAD
    0x080024c0   0x080024c0   0x00000002   Code   RO          899    .text.HAL_CAN_TxMailbox2CompleteCallback  stm32f4xx_hal_can.o
    0x080024c2   0x080024c2   0x00000002   PAD
    0x080024c4   0x080024c4   0x00000002   Code   RO          913    .text.HAL_CAN_WakeUpFromRxMsgCallback  stm32f4xx_hal_can.o
    0x080024c6   0x080024c6   0x00000002   PAD
    0x080024c8   0x080024c8   0x00000028   Code   RO          780    .text.HAL_Delay     stm32f4xx_hal.o
    0x080024f0   0x080024f0   0x000001a0   Code   RO          581    .text.HAL_GPIO_Init  stm32f4xx_hal_gpio.o
    0x08002690   0x08002690   0x0000000c   Code   RO          772    .text.HAL_GetTick   stm32f4xx_hal.o
    0x0800269c   0x0800269c   0x0000001a   Code   RO          770    .text.HAL_IncTick   stm32f4xx_hal.o
    0x080026b6   0x080026b6   0x00000002   PAD
    0x080026b8   0x080026b8   0x00000036   Code   RO          760    .text.HAL_Init      stm32f4xx_hal.o
    0x080026ee   0x080026ee   0x00000002   PAD
    0x080026f0   0x080026f0   0x00000050   Code   RO          762    .text.HAL_InitTick  stm32f4xx_hal.o
    0x08002740   0x08002740   0x00000038   Code   RO          213    .text.HAL_MspInit   stm32f4xx_hal_msp.o
    0x08002778   0x08002778   0x00000020   Code   RO          718    .text.HAL_NVIC_EnableIRQ  stm32f4xx_hal_cortex.o
    0x08002798   0x08002798   0x00000056   Code   RO          716    .text.HAL_NVIC_SetPriority  stm32f4xx_hal_cortex.o
    0x080027ee   0x080027ee   0x00000002   PAD
    0x080027f0   0x080027f0   0x00000020   Code   RO          714    .text.HAL_NVIC_SetPriorityGrouping  stm32f4xx_hal_cortex.o
    0x08002810   0x08002810   0x00000002   Code   RO          355    .text.HAL_PCDEx_LPM_Callback  stm32f4xx_hal_pcd_ex.o
    0x08002812   0x08002812   0x00000002   PAD
    0x08002814   0x08002814   0x00000008   Code   RO          353    .text.HAL_PCDEx_SetRxFiFo  stm32f4xx_hal_pcd_ex.o
    0x0800281c   0x0800281c   0x00000050   Code   RO          351    .text.HAL_PCDEx_SetTxFiFo  stm32f4xx_hal_pcd_ex.o
    0x0800286c   0x0800286c   0x0000000c   Code   RO           84    .text.HAL_PCD_ConnectCallback  usbd_conf.o
    0x08002878   0x08002878   0x00000018   Code   RO           70    .text.HAL_PCD_DataInStageCallback  usbd_conf.o
    0x08002890   0x08002890   0x0000001a   Code   RO           68    .text.HAL_PCD_DataOutStageCallback  usbd_conf.o
    0x080028aa   0x080028aa   0x00000002   PAD
    0x080028ac   0x080028ac   0x0000000c   Code   RO           86    .text.HAL_PCD_DisconnectCallback  usbd_conf.o
    0x080028b8   0x080028b8   0x0000004c   Code   RO          321    .text.HAL_PCD_EP_Close  stm32f4xx_hal_pcd.o
    0x08002904   0x08002904   0x00000062   Code   RO          331    .text.HAL_PCD_EP_ClrStall  stm32f4xx_hal_pcd.o
    0x08002966   0x08002966   0x00000002   PAD
    0x08002968   0x08002968   0x00000012   Code   RO          325    .text.HAL_PCD_EP_GetRxCount  stm32f4xx_hal_pcd.o
    0x0800297a   0x0800297a   0x00000002   PAD
    0x0800297c   0x0800297c   0x00000060   Code   RO          319    .text.HAL_PCD_EP_Open  stm32f4xx_hal_pcd.o
    0x080029dc   0x080029dc   0x0000004c   Code   RO          323    .text.HAL_PCD_EP_Receive  stm32f4xx_hal_pcd.o
    0x08002a28   0x08002a28   0x0000006e   Code   RO          329    .text.HAL_PCD_EP_SetStall  stm32f4xx_hal_pcd.o
    0x08002a96   0x08002a96   0x00000002   PAD
    0x08002a98   0x08002a98   0x00000044   Code   RO          327    .text.HAL_PCD_EP_Transmit  stm32f4xx_hal_pcd.o
    0x08002adc   0x08002adc   0x0000077a   Code   RO          285    .text.HAL_PCD_IRQHandler  stm32f4xx_hal_pcd.o
    0x08003256   0x08003256   0x00000002   PAD
    0x08003258   0x08003258   0x0000000c   Code   RO           82    .text.HAL_PCD_ISOINIncompleteCallback  usbd_conf.o
    0x08003264   0x08003264   0x0000000c   Code   RO           80    .text.HAL_PCD_ISOOUTIncompleteCallback  usbd_conf.o
    0x08003270   0x08003270   0x0000013e   Code   RO          273    .text.HAL_PCD_Init  stm32f4xx_hal_pcd.o
    0x080033ae   0x080033ae   0x00000002   PAD
    0x080033b0   0x080033b0   0x00000088   Code   RO           62    .text.HAL_PCD_MspInit  usbd_conf.o
    0x08003438   0x08003438   0x00000028   Code   RO           74    .text.HAL_PCD_ResetCallback  usbd_conf.o
    0x08003460   0x08003460   0x0000000c   Code   RO           78    .text.HAL_PCD_ResumeCallback  usbd_conf.o
    0x0800346c   0x0800346c   0x0000000c   Code   RO           72    .text.HAL_PCD_SOFCallback  usbd_conf.o
    0x08003478   0x08003478   0x00000028   Code   RO          317    .text.HAL_PCD_SetAddress  stm32f4xx_hal_pcd.o
    0x080034a0   0x080034a0   0x00000012   Code   RO           66    .text.HAL_PCD_SetupStageCallback  usbd_conf.o
    0x080034b2   0x080034b2   0x00000002   PAD
    0x080034b4   0x080034b4   0x0000003e   Code   RO          281    .text.HAL_PCD_Start  stm32f4xx_hal_pcd.o
    0x080034f2   0x080034f2   0x00000002   PAD
    0x080034f4   0x080034f4   0x00000034   Code   RO           76    .text.HAL_PCD_SuspendCallback  usbd_conf.o
    0x08003528   0x08003528   0x00000160   Code   RO          475    .text.HAL_RCC_ClockConfig  stm32f4xx_hal_rcc.o
    0x08003688   0x08003688   0x0000000c   Code   RO          485    .text.HAL_RCC_GetHCLKFreq  stm32f4xx_hal_rcc.o
    0x08003694   0x08003694   0x00000068   Code   RO          477    .text.HAL_RCC_GetSysClockFreq  stm32f4xx_hal_rcc.o
    0x080036fc   0x080036fc   0x00000348   Code   RO          473    .text.HAL_RCC_OscConfig  stm32f4xx_hal_rcc.o
    0x08003a44   0x08003a44   0x0000002c   Code   RO          726    .text.HAL_SYSTICK_Config  stm32f4xx_hal_cortex.o
    0x08003a70   0x08003a70   0x00000002   Code   RO          186    .text.HardFault_Handler  stm32f4xx_it.o
    0x08003a72   0x08003a72   0x00000002   PAD
    0x08003a74   0x08003a74   0x0000003c   Code   RO           34    .text.MX_CAN1_Init  can.o
    0x08003ab0   0x08003ab0   0x00000032   Code   RO           36    .text.MX_CAN2_Init  can.o
    0x08003ae2   0x08003ae2   0x00000002   PAD
    0x08003ae4   0x08003ae4   0x00000060   Code   RO           26    .text.MX_GPIO_Init  gpio.o
    0x08003b44   0x08003b44   0x0000006e   Code   RO           53    .text.MX_USB_DEVICE_Init  usb_device.o
    0x08003bb2   0x08003bb2   0x00000002   PAD
    0x08003bb4   0x08003bb4   0x00000002   Code   RO          188    .text.MemManage_Handler  stm32f4xx_it.o
    0x08003bb6   0x08003bb6   0x00000002   PAD
    0x08003bb8   0x08003bb8   0x00000002   Code   RO          184    .text.NMI_Handler   stm32f4xx_it.o
    0x08003bba   0x08003bba   0x00000002   PAD
    0x08003bbc   0x08003bbc   0x00000010   Code   RO          204    .text.OTG_FS_IRQHandler  stm32f4xx_it.o
    0x08003bcc   0x08003bcc   0x00000002   Code   RO          198    .text.PendSV_Handler  stm32f4xx_it.o
    0x08003bce   0x08003bce   0x00000002   PAD
    0x08003bd0   0x08003bd0   0x00000002   Code   RO          194    .text.SVC_Handler   stm32f4xx_it.o
    0x08003bd2   0x08003bd2   0x00000002   PAD
    0x08003bd4   0x08003bd4   0x00000008   Code   RO          200    .text.SysTick_Handler  stm32f4xx_it.o
    0x08003bdc   0x08003bdc   0x00000056   Code   RO          221    .text.SystemInit    system_stm32f4xx.o
    0x08003c32   0x08003c32   0x00000002   PAD
    0x08003c34   0x08003c34   0x00000074   Code   RO         1040    .text.USBD_CDC_DataIn  usbd_cdc.o
    0x08003ca8   0x08003ca8   0x0000003c   Code   RO         1042    .text.USBD_CDC_DataOut  usbd_cdc.o
    0x08003ce4   0x08003ce4   0x0000005a   Code   RO         1034    .text.USBD_CDC_DeInit  usbd_cdc.o
    0x08003d3e   0x08003d3e   0x00000002   PAD
    0x08003d40   0x08003d40   0x0000003a   Code   RO         1038    .text.USBD_CDC_EP0_RxReady  usbd_cdc.o
    0x08003d7a   0x08003d7a   0x00000002   PAD
    0x08003d7c   0x08003d7c   0x00000010   Code   RO         1050    .text.USBD_CDC_GetDeviceQualifierDescriptor  usbd_cdc.o
    0x08003d8c   0x08003d8c   0x00000052   Code   RO         1046    .text.USBD_CDC_GetFSCfgDesc  usbd_cdc.o
    0x08003dde   0x08003dde   0x00000002   PAD
    0x08003de0   0x08003de0   0x00000056   Code   RO         1044    .text.USBD_CDC_GetHSCfgDesc  usbd_cdc.o
    0x08003e36   0x08003e36   0x00000002   PAD
    0x08003e38   0x08003e38   0x00000052   Code   RO         1048    .text.USBD_CDC_GetOtherSpeedCfgDesc  usbd_cdc.o
    0x08003e8a   0x08003e8a   0x00000002   PAD
    0x08003e8c   0x08003e8c   0x000000d4   Code   RO         1032    .text.USBD_CDC_Init  usbd_cdc.o
    0x08003f60   0x08003f60   0x00000032   Code   RO         1060    .text.USBD_CDC_ReceivePacket  usbd_cdc.o
    0x08003f92   0x08003f92   0x00000002   PAD
    0x08003f94   0x08003f94   0x00000018   Code   RO         1052    .text.USBD_CDC_RegisterInterface  usbd_cdc.o
    0x08003fac   0x08003fac   0x0000001a   Code   RO         1056    .text.USBD_CDC_SetRxBuffer  usbd_cdc.o
    0x08003fc6   0x08003fc6   0x00000002   PAD
    0x08003fc8   0x08003fc8   0x0000001e   Code   RO         1054    .text.USBD_CDC_SetTxBuffer  usbd_cdc.o
    0x08003fe6   0x08003fe6   0x00000002   PAD
    0x08003fe8   0x08003fe8   0x0000011a   Code   RO         1036    .text.USBD_CDC_Setup  usbd_cdc.o
    0x08004102   0x08004102   0x00000002   PAD
    0x08004104   0x08004104   0x0000003e   Code   RO         1058    .text.USBD_CDC_TransmitPacket  usbd_cdc.o
    0x08004142   0x08004142   0x00000002   PAD
    0x08004144   0x08004144   0x00000012   Code   RO          947    .text.USBD_ClrClassConfig  usbd_core.o
    0x08004156   0x08004156   0x00000002   PAD
    0x08004158   0x08004158   0x00000004   Code   RO          955    .text.USBD_CoreFindEP  usbd_core.o
    0x0800415c   0x0800415c   0x00000004   Code   RO          953    .text.USBD_CoreFindIF  usbd_core.o
    0x08004160   0x08004160   0x00000010   Code   RO         1016    .text.USBD_CtlContinueRx  usbd_ioreq.o
    0x08004170   0x08004170   0x00000010   Code   RO         1012    .text.USBD_CtlContinueSendData  usbd_ioreq.o
    0x08004180   0x08004180   0x00000014   Code   RO          991    .text.USBD_CtlError  usbd_ctlreq.o
    0x08004194   0x08004194   0x0000001a   Code   RO         1014    .text.USBD_CtlPrepareRx  usbd_ioreq.o
    0x080041ae   0x080041ae   0x00000002   PAD
    0x080041b0   0x080041b0   0x00000016   Code   RO         1020    .text.USBD_CtlReceiveStatus  usbd_ioreq.o
    0x080041c6   0x080041c6   0x00000002   PAD
    0x080041c8   0x080041c8   0x0000001a   Code   RO         1010    .text.USBD_CtlSendData  usbd_ioreq.o
    0x080041e2   0x080041e2   0x00000002   PAD
    0x080041e4   0x080041e4   0x00000016   Code   RO         1018    .text.USBD_CtlSendStatus  usbd_ioreq.o
    0x080041fa   0x080041fa   0x00000002   PAD
    0x080041fc   0x080041fc   0x00000024   Code   RO          144    .text.USBD_FS_ConfigStrDescriptor  usbd_desc.o
    0x08004220   0x08004220   0x0000000e   Code   RO          134    .text.USBD_FS_DeviceDescriptor  usbd_desc.o
    0x0800422e   0x0800422e   0x00000002   PAD
    0x08004230   0x08004230   0x00000028   Code   RO          146    .text.USBD_FS_InterfaceStrDescriptor  usbd_desc.o
    0x08004258   0x08004258   0x0000000e   Code   RO          136    .text.USBD_FS_LangIDStrDescriptor  usbd_desc.o
    0x08004266   0x08004266   0x00000002   PAD
    0x08004268   0x08004268   0x0000002c   Code   RO          138    .text.USBD_FS_ManufacturerStrDescriptor  usbd_desc.o
    0x08004294   0x08004294   0x00000030   Code   RO          140    .text.USBD_FS_ProductStrDescriptor  usbd_desc.o
    0x080042c4   0x080042c4   0x00000084   Code   RO          142    .text.USBD_FS_SerialStrDescriptor  usbd_desc.o
    0x08004348   0x08004348   0x00000030   Code   RO          977    .text.USBD_GetEpDesc  usbd_core.o
    0x08004378   0x08004378   0x00000070   Code   RO          999    .text.USBD_GetString  usbd_ctlreq.o
    0x080043e8   0x080043e8   0x0000002e   Code   RO          933    .text.USBD_Init     usbd_core.o
    0x08004416   0x08004416   0x00000002   PAD
    0x08004418   0x08004418   0x00000022   Code   RO          106    .text.USBD_LL_ClearStallEP  usbd_conf.o
    0x0800443a   0x0800443a   0x00000002   PAD
    0x0800443c   0x0800443c   0x00000022   Code   RO          100    .text.USBD_LL_CloseEP  usbd_conf.o
    0x0800445e   0x0800445e   0x00000002   PAD
    0x08004460   0x08004460   0x000000b2   Code   RO          957    .text.USBD_LL_DataInStage  usbd_core.o
    0x08004512   0x08004512   0x00000002   PAD
    0x08004514   0x08004514   0x00000078   Code   RO          951    .text.USBD_LL_DataOutStage  usbd_core.o
    0x0800458c   0x0800458c   0x00000004   Code   RO          973    .text.USBD_LL_DevConnected  usbd_core.o
    0x08004590   0x08004590   0x00000020   Code   RO          975    .text.USBD_LL_DevDisconnected  usbd_core.o
    0x080045b0   0x080045b0   0x0000000c   Code   RO          116    .text.USBD_LL_GetRxDataSize  usbd_conf.o
    0x080045bc   0x080045bc   0x0000006e   Code   RO           88    .text.USBD_LL_Init  usbd_conf.o
    0x0800462a   0x0800462a   0x00000002   PAD
    0x0800462c   0x0800462c   0x00000020   Code   RO          108    .text.USBD_LL_IsStallEP  usbd_conf.o
    0x0800464c   0x0800464c   0x00000026   Code   RO          969    .text.USBD_LL_IsoINIncomplete  usbd_core.o
    0x08004672   0x08004672   0x00000002   PAD
    0x08004674   0x08004674   0x00000026   Code   RO          971    .text.USBD_LL_IsoOUTIncomplete  usbd_core.o
    0x0800469a   0x0800469a   0x00000002   PAD
    0x0800469c   0x0800469c   0x00000028   Code   RO           98    .text.USBD_LL_OpenEP  usbd_conf.o
    0x080046c4   0x080046c4   0x00000022   Code   RO          114    .text.USBD_LL_PrepareReceive  usbd_conf.o
    0x080046e6   0x080046e6   0x00000002   PAD
    0x080046e8   0x080046e8   0x00000064   Code   RO          959    .text.USBD_LL_Reset  usbd_core.o
    0x0800474c   0x0800474c   0x00000014   Code   RO          965    .text.USBD_LL_Resume  usbd_core.o
    0x08004760   0x08004760   0x0000001c   Code   RO          967    .text.USBD_LL_SOF   usbd_core.o
    0x0800477c   0x0800477c   0x00000008   Code   RO          961    .text.USBD_LL_SetSpeed  usbd_core.o
    0x08004784   0x08004784   0x00000022   Code   RO          110    .text.USBD_LL_SetUSBAddress  usbd_conf.o
    0x080047a6   0x080047a6   0x00000002   PAD
    0x080047a8   0x080047a8   0x00000058   Code   RO          949    .text.USBD_LL_SetupStage  usbd_core.o
    0x08004800   0x08004800   0x00000022   Code   RO          104    .text.USBD_LL_StallEP  usbd_conf.o
    0x08004822   0x08004822   0x00000002   PAD
    0x08004824   0x08004824   0x00000022   Code   RO           94    .text.USBD_LL_Start  usbd_conf.o
    0x08004846   0x08004846   0x00000002   PAD
    0x08004848   0x08004848   0x00000014   Code   RO          963    .text.USBD_LL_Suspend  usbd_core.o
    0x0800485c   0x0800485c   0x00000022   Code   RO          112    .text.USBD_LL_Transmit  usbd_conf.o
    0x0800487e   0x0800487e   0x00000002   PAD
    0x08004880   0x08004880   0x00000016   Code   RO          997    .text.USBD_ParseSetupRequest  usbd_ctlreq.o
    0x08004896   0x08004896   0x00000002   PAD
    0x08004898   0x08004898   0x00000042   Code   RO          937    .text.USBD_RegisterClass  usbd_core.o
    0x080048da   0x080048da   0x00000002   PAD
    0x080048dc   0x080048dc   0x00000012   Code   RO          945    .text.USBD_SetClassConfig  usbd_core.o
    0x080048ee   0x080048ee   0x00000002   PAD
    0x080048f0   0x080048f0   0x00000008   Code   RO          939    .text.USBD_Start    usbd_core.o
    0x080048f8   0x080048f8   0x0000042e   Code   RO          989    .text.USBD_StdDevReq  usbd_ctlreq.o
    0x08004d26   0x08004d26   0x00000002   PAD
    0x08004d28   0x08004d28   0x0000018a   Code   RO          995    .text.USBD_StdEPReq  usbd_ctlreq.o
    0x08004eb2   0x08004eb2   0x00000002   PAD
    0x08004eb4   0x08004eb4   0x00000090   Code   RO          993    .text.USBD_StdItfReq  usbd_ctlreq.o
    0x08004f44   0x08004f44   0x00000002   Code   RO          120    .text.USBD_static_free  usbd_conf.o
    0x08004f46   0x08004f46   0x00000002   PAD
    0x08004f48   0x08004f48   0x0000000a   Code   RO          118    .text.USBD_static_malloc  usbd_conf.o
    0x08004f52   0x08004f52   0x00000002   PAD
    0x08004f54   0x08004f54   0x0000008a   Code   RO          389    .text.USB_ActivateEndpoint  stm32f4xx_ll_usb.o
    0x08004fde   0x08004fde   0x00000002   PAD
    0x08004fe0   0x08004fe0   0x00000020   Code   RO          431    .text.USB_ActivateSetup  stm32f4xx_ll_usb.o
    0x08005000   0x08005000   0x000000fe   Code   RO          367    .text.USB_CoreInit  stm32f4xx_ll_usb.o
    0x080050fe   0x080050fe   0x00000002   PAD
    0x08005100   0x08005100   0x00000084   Code   RO          393    .text.USB_DeactivateEndpoint  stm32f4xx_ll_usb.o
    0x08005184   0x08005184   0x0000001e   Code   RO          415    .text.USB_DevConnect  stm32f4xx_ll_usb.o
    0x080051a2   0x080051a2   0x00000002   PAD
    0x080051a4   0x080051a4   0x0000001e   Code   RO          417    .text.USB_DevDisconnect  stm32f4xx_ll_usb.o
    0x080051c2   0x080051c2   0x00000002   PAD
    0x080051c4   0x080051c4   0x000001e8   Code   RO          379    .text.USB_DevInit   stm32f4xx_ll_usb.o
    0x080053ac   0x080053ac   0x0000000e   Code   RO          373    .text.USB_DisableGlobalInt  stm32f4xx_ll_usb.o
    0x080053ba   0x080053ba   0x00000002   PAD
    0x080053bc   0x080053bc   0x000000fc   Code   RO          401    .text.USB_EP0StartXfer  stm32f4xx_ll_usb.o
    0x080054b8   0x080054b8   0x0000005a   Code   RO          433    .text.USB_EP0_OutStart  stm32f4xx_ll_usb.o
    0x08005512   0x08005512   0x00000002   PAD
    0x08005514   0x08005514   0x0000004e   Code   RO          409    .text.USB_EPClearStall  stm32f4xx_ll_usb.o
    0x08005562   0x08005562   0x00000002   PAD
    0x08005564   0x08005564   0x0000003c   Code   RO          407    .text.USB_EPSetStall  stm32f4xx_ll_usb.o
    0x080055a0   0x080055a0   0x000001d0   Code   RO          397    .text.USB_EPStartXfer  stm32f4xx_ll_usb.o
    0x08005770   0x08005770   0x00000086   Code   RO          403    .text.USB_EPStopXfer  stm32f4xx_ll_usb.o
    0x080057f6   0x080057f6   0x00000002   PAD
    0x080057f8   0x080057f8   0x0000000e   Code   RO          371    .text.USB_EnableGlobalInt  stm32f4xx_ll_usb.o
    0x08005806   0x08005806   0x00000002   PAD
    0x08005808   0x08005808   0x0000004e   Code   RO          383    .text.USB_FlushTxFifo  stm32f4xx_ll_usb.o
    0x08005856   0x08005856   0x00000002   PAD
    0x08005858   0x08005858   0x0000001a   Code   RO          387    .text.USB_GetDevSpeed  stm32f4xx_ll_usb.o
    0x08005872   0x08005872   0x00000002   PAD
    0x08005874   0x08005874   0x00000008   Code   RO          377    .text.USB_GetMode   stm32f4xx_ll_usb.o
    0x0800587c   0x0800587c   0x0000000e   Code   RO          423    .text.USB_ReadDevAllInEpInterrupt  stm32f4xx_ll_usb.o
    0x0800588a   0x0800588a   0x00000002   PAD
    0x0800588c   0x0800588c   0x0000000e   Code   RO          421    .text.USB_ReadDevAllOutEpInterrupt  stm32f4xx_ll_usb.o
    0x0800589a   0x0800589a   0x00000002   PAD
    0x0800589c   0x0800589c   0x00000024   Code   RO          427    .text.USB_ReadDevInEPInterrupt  stm32f4xx_ll_usb.o
    0x080058c0   0x080058c0   0x00000010   Code   RO          425    .text.USB_ReadDevOutEPInterrupt  stm32f4xx_ll_usb.o
    0x080058d0   0x080058d0   0x00000008   Code   RO          419    .text.USB_ReadInterrupts  stm32f4xx_ll_usb.o
    0x080058d8   0x080058d8   0x0000004a   Code   RO          405    .text.USB_ReadPacket  stm32f4xx_ll_usb.o
    0x08005922   0x08005922   0x00000002   PAD
    0x08005924   0x08005924   0x00000064   Code   RO          375    .text.USB_SetCurrentMode  stm32f4xx_ll_usb.o
    0x08005988   0x08005988   0x00000022   Code   RO          413    .text.USB_SetDevAddress  stm32f4xx_ll_usb.o
    0x080059aa   0x080059aa   0x00000002   PAD
    0x080059ac   0x080059ac   0x00000116   Code   RO          369    .text.USB_SetTurnaroundTime  stm32f4xx_ll_usb.o
    0x08005ac2   0x08005ac2   0x00000002   PAD
    0x08005ac4   0x08005ac4   0x0000003a   Code   RO          399    .text.USB_WritePacket  stm32f4xx_ll_usb.o
    0x08005afe   0x08005afe   0x00000002   PAD
    0x08005b00   0x08005b00   0x00000002   Code   RO          192    .text.UsageFault_Handler  stm32f4xx_it.o
    0x08005b02   0x08005b02   0x00000002   PAD
    0x08005b04   0x08005b04   0x00000014   Code   RO         1110    .text._sys_close    retarget_io.o
    0x08005b18   0x08005b18   0x00000004   Code   RO         1120    .text._sys_flen     retarget_io.o
    0x08005b1c   0x08005b1c   0x00000010   Code   RO         1116    .text._sys_istty    retarget_io.o
    0x08005b2c   0x08005b2c   0x0000005c   Code   RO         1108    .text._sys_open     retarget_io.o
    0x08005b88   0x08005b88   0x00000006   Code   RO         1118    .text._sys_seek     retarget_io.o
    0x08005b8e   0x08005b8e   0x00000002   PAD
    0x08005b90   0x08005b90   0x0000007a   Code   RO         1112    .text._sys_write    retarget_io.o
    0x08005c0a   0x08005c0a   0x00000002   PAD
    0x08005c0c   0x08005c0c   0x00000062   Code   RO          236    .text.can_filter_init  bsp_can.o
    0x08005c6e   0x08005c6e   0x00000002   PAD
    0x08005c70   0x08005c70   0x00000016   Code   RO          258    .text.get_chassis_motor_measure_point  can_receive.o
    0x08005c86   0x08005c86   0x00000002   PAD
    0x08005c88   0x08005c88   0x00000118   Code   RO           11    .text.main          main.o
    0x08005da0   0x08005da0   0x0000001c   Code   RO         1218    i.fputc             c_w.l(fputc.o)
    0x08005dbc   0x08005dbc   0x0000001a   Code   RO         1437    x$fpl$fpinit        fz_wm.l(fpinit.o)
    0x08005dd6   0x08005dd6   0x00000010   Data   RO          226    .rodata.AHBPrescTable  system_stm32f4xx.o
    0x08005de6   0x08005de6   0x00000002   PAD
    0x08005de8   0x08005de8   0x00000018   Data   RO         1098    .rodata.EventRecorderInfo  eventrecorder.o
    0x08005e00   0x08005e00   0x00000008   Data   RO         1124    .rodata.__stderr_name  retarget_io.o
    0x08005e08   0x08005e08   0x00000007   Data   RO         1122    .rodata.__stdin_name  retarget_io.o
    0x08005e0f   0x08005e0f   0x00000008   Data   RO         1123    .rodata.__stdout_name  retarget_io.o
    0x08005e17   0x08005e17   0x00000001   PAD
    0x08005e18   0x08005e18   0x00000020   Data   RO         1531    Region$$Table       anon$$obj.o


    Execution Region RW_IRAM1 (Exec base: 0x20000000, Load base: 0x08005e40, Size: 0x00002a38, Max: 0x00020000, ABSOLUTE)

    Exec Addr    Load Addr    Size         Type   Attr      Idx    E Section Name        Object

    0x20000000   0x08005e40   0x00000004   Data   RW         1191    .data               c_w.l(stdio_streams.o)
    0x20000004   0x08005e44   0x00000004   Data   RW         1192    .data               c_w.l(stdio_streams.o)
    0x20000008   0x08005e48   0x00000004   Data   RW         1193    .data               c_w.l(stdio_streams.o)
    0x2000000c   0x08005e4c   0x0000001c   Data   RW          148    .data.FS_Desc       usbd_desc.o
    0x20000028   0x08005e68   0x00000004   Data   RW          225    .data.SystemCoreClock  system_stm32f4xx.o
    0x2000002c   0x08005e6c   0x00000038   Data   RW         1062    .data.USBD_CDC      usbd_cdc.o
    0x20000064   0x08005ea4   0x00000043   Data   RW         1064    .data.USBD_CDC_CfgDesc  usbd_cdc.o
    0x200000a7   0x08005ee7   0x00000001   PAD
    0x200000a8   0x08005ee8   0x0000000a   Data   RW         1063    .data.USBD_CDC_DeviceQualifierDesc  usbd_cdc.o
    0x200000b2   0x08005ef2   0x00000002   PAD
    0x200000b4   0x08005ef4   0x00000012   Data   RW          149    .data.USBD_FS_DeviceDesc  usbd_desc.o
    0x200000c6   0x08005f06   0x00000002   PAD
    0x200000c8   0x08005f08   0x00000014   Data   RW          173    .data.USBD_Interface_fops_FS  usbd_cdc_if.o
    0x200000dc   0x08005f1c   0x00000004   Data   RW          150    .data.USBD_LangIDDesc  usbd_desc.o
    0x200000e0   0x08005f20   0x0000001a   Data   RW          151    .data.USBD_StringSerial  usbd_desc.o
    0x200000fa   0x08005f3a   0x00000001   Data   RW          815    .data.uwTickFreq    stm32f4xx_hal.o
    0x200000fb   0x08005f3b   0x00000001   PAD
    0x200000fc   0x08005f3c   0x00000004   Data   RW          814    .data.uwTickPrio    stm32f4xx_hal.o
    0x20000100        -       0x00000054   Zero   RW         1188    .bss                c_w.l(stdio_streams.o)
    0x20000154        -       0x00000054   Zero   RW         1189    .bss                c_w.l(stdio_streams.o)
    0x200001a8        -       0x00000054   Zero   RW         1190    .bss                c_w.l(stdio_streams.o)
    0x200001fc        -       0x00000060   Zero   RW         1386    .bss                c_w.l(libspace.o)
    0x2000025c        -       0x00000004   Zero   RW           44    .bss.HAL_RCC_CAN1_CLK_ENABLED  can.o
    0x20000260        -       0x00000001   Zero   RW         1099    .bss.TS_OverflowLock  eventrecorder.o
    0x20000261        -       0x00000001   Zero   RW         1001    .bss.USBD_SetConfig.cfgidx  usbd_ctlreq.o
    0x20000262   0x08005f40   0x00000002   PAD
    0x20000264        -       0x00000200   Zero   RW          152    .bss.USBD_StrDesc   usbd_desc.o
    0x20000464        -       0x00000220   Zero   RW          125    .bss.USBD_static_malloc.mem  usbd_conf.o
    0x20000684        -       0x00000800   Zero   RW          174    .bss.UserRxBufferFS  usbd_cdc_if.o
    0x20000e84        -       0x00000800   Zero   RW          175    .bss.UserTxBufferFS  usbd_cdc_if.o
    0x20001684   0x08005f40   0x00000004   PAD
    0x20001688        -       0x00000008   Zero   RW          264    .bss.chassis_can_send_data  can_receive.o
    0x20001690        -       0x00000018   Zero   RW          263    .bss.chassis_tx_message  can_receive.o
    0x200016a8        -       0x00000008   Zero   RW          262    .bss.gimbal_can_send_data  can_receive.o
    0x200016b0        -       0x00000018   Zero   RW          261    .bss.gimbal_tx_message  can_receive.o
    0x200016c8        -       0x000002dc   Zero   RW           55    .bss.hUsbDeviceFS   usb_device.o
    0x200019a4        -       0x00000028   Zero   RW           42    .bss.hcan1          can.o
    0x200019cc        -       0x00000028   Zero   RW           43    .bss.hcan2          can.o
    0x200019f4        -       0x0000050c   Zero   RW          124    .bss.hpcd_USB_OTG_FS  usbd_conf.o
    0x20001f00        -       0x00000046   Zero   RW          260    .bss.motor_chassis  can_receive.o
    0x20001f46   0x08005f40   0x0000003a   PAD
    0x20001f80        -       0x000004a4   Zero   RW         1097    .bss.noinit         eventrecorder.o
    0x20002424        -       0x00000008   Zero   RW         1126    .bss.stdout_putchar.buffer  retarget_io.o
    0x2000242c        -       0x00000004   Zero   RW         1125    .bss.stdout_putchar.index  retarget_io.o
    0x20002430        -       0x00000004   Zero   RW          816    .bss.uwTick         stm32f4xx_hal.o
    0x20002434   0x08005f40   0x00000004   PAD
    0x20002438        -       0x00000200   Zero   RW            2    HEAP                startup_stm32f407xx.o
    0x20002638        -       0x00000400   Zero   RW            1    STACK               startup_stm32f407xx.o


==============================================================================

Image component sizes


      Code (inc. data)   RO Data    RW Data    ZI Data      Debug   Object Name

        98          0          0          0          0       1416   bsp_can.o
       410          0          0          0         84       6456   can.o
       324          0          0          0        134       5455   can_receive.o
      2650          0         24          0       1189      20520   eventrecorder.o
        96          0          0          0          0       1499   gpio.o
       282          4          0          0          0       3146   main.o
       260          0         23          0         12       2897   retarget_io.o
        64         26        392          0       1536        872   startup_stm32f407xx.o
       212          0          0          5          4       7315   stm32f4xx_hal.o
      1636          6          0          0          0      13487   stm32f4xx_hal_can.o
       194          0          0          0          0      10571   stm32f4xx_hal_cortex.o
       416          0          0          0          0       5199   stm32f4xx_hal_gpio.o
        56          0          0          0          0       1473   stm32f4xx_hal_msp.o
      2876          0          0          0          0      16516   stm32f4xx_hal_pcd.o
        90          0          0          0          0       4389   stm32f4xx_hal_pcd_ex.o
      1308          0          0          0          0       7350   stm32f4xx_hal_rcc.o
        56          0          0          0          0       1930   stm32f4xx_it.o
      2954          0          0          0          0      26530   stm32f4xx_ll_usb.o
        86          0         16          4          0       2671   system_stm32f4xx.o
       110          0          0          0        732       3103   usb_device.o
      1276         12          0        133          0      11712   usbd_cdc.o
       136          0          0         20       4096       2929   usbd_cdc_if.o
       812          0          0          0       1836      17836   usbd_conf.o
       886          0          0          0          0      10339   usbd_core.o
      1762         30          0          0          1      10858   usbd_ctlreq.o
       328         72          0         76        512       3503   usbd_desc.o
       128          0          0          0          0       4706   usbd_ioreq.o

    ----------------------------------------------------------------------
     19708        150        490        244      10204     204678   Object Totals
         0          0         32          0          0          0   (incl. Generated)
       202          0          3          6         68          0   (incl. Padding)

    ----------------------------------------------------------------------

      Code (inc. data)   RO Data    RW Data    ZI Data      Debug   Library Member Name

         8          0          0          0          0         68   __main.o
       104          0          0          0          0         84   __printf.o
         0          0          0          0          0          0   __rtentry.o
        12          0          0          0          0          0   __rtentry2.o
         6          0          0          0          0          0   __rtentry4.o
        52          8          0          0          0          0   __scatter.o
        26          0          0          0          0          0   __scatter_copy.o
        28          0          0          0          0          0   __scatter_zi.o
        48          6          0          0          0         96   _printf_char_common.o
        36          4          0          0          0         80   _printf_char_file.o
         6          0          0          0          0          0   _printf_d.o
       120         16          0          0          0         92   _printf_dec.o
       178          0          0          0          0         88   _printf_intcommon.o
         0          0          0          0          0          0   _printf_percent.o
         4          0          0          0          0          0   _printf_percent_end.o
        10          0          0          0          0         68   defsig_exit.o
        50          0          0          0          0         88   defsig_general.o
        80         58          0          0          0         76   defsig_rtmem_inner.o
        14          0          0          0          0         80   defsig_rtmem_outer.o
        52         38          0          0          0         76   defsig_rtred_inner.o
        14          0          0          0          0         80   defsig_rtred_outer.o
        18          0          0          0          0         80   exit.o
        76          0          0          0          0         88   fclose.o
         8          0          0          0          0         68   ferror.o
       482          0          0          0          0         92   flsbuf.o
       240          6          0          0          0        128   fopen.o
        28          0          0          0          0         68   fputc.o
       248          6          0          0          0         84   fseek.o
        66          0          0          0          0         76   ftell.o
        94          0          0          0          0         80   h1_alloc.o
        52          0          0          0          0         68   h1_extend.o
        78          0          0          0          0         80   h1_free.o
        14          0          0          0          0         84   h1_init.o
         6          0          0          0          0        152   heapauxi.o
         4          0          0          0          0        136   hguard.o
         0          0          0          0          0          0   indicate_semi.o
       138          0          0          0          0        168   init_alloc.o
       312         46          0          0          0        112   initio.o
         2          0          0          0          0          0   libinit.o
        18          0          0          0          0          0   libinit2.o
         2          0          0          0          0          0   libshutdown.o
         6          0          0          0          0          0   libshutdown2.o
         8          4          0          0         96         68   libspace.o
       240          0          0          0          0        100   lludivv7m.o
         0          0          0          0          0          0   maybetermalloc1.o
        24          4          0          0          0         84   noretval__2printf.o
         8          4          0          0          0         68   rt_errno_addr_intlibspace.o
         8          4          0          0          0         68   rt_heap_descriptor_intlibspace.o
        78          0          0          0          0         80   rt_memclr_w.o
       138          0          0          0          0         68   rt_memcpy_v6.o
       100          0          0          0          0         80   rt_memcpy_w.o
         2          0          0          0          0          0   rtexit.o
        10          0          0          0          0          0   rtexit2.o
        70          0          0          0          0         80   setvbuf.o
       240          6          0          0          0        156   stdio.o
         0          0          0         12        252          0   stdio_streams.o
       124          0          0          0          0         88   strcmpv7em.o
        12          4          0          0          0         68   sys_exit.o
        74          0          0          0          0         80   sys_stackheap_outer.o
        14          0          0          0          0         76   sys_wrch.o
         2          0          0          0          0         68   use_no_semi.o
        26          0          0          0          0        116   fpinit.o

    ----------------------------------------------------------------------
      3922        214          0         12        348       3888   Library Totals
         4          0          0          0          0          0   (incl. Padding)

    ----------------------------------------------------------------------

      Code (inc. data)   RO Data    RW Data    ZI Data      Debug   Library Name

      3892        214          0         12        348       3772   c_w.l
        26          0          0          0          0        116   fz_wm.l

    ----------------------------------------------------------------------
      3922        214          0         12        348       3888   Library Totals

    ----------------------------------------------------------------------

==============================================================================


      Code (inc. data)   RO Data    RW Data    ZI Data      Debug   

     23630        364        490        256      10552     205986   Grand Totals
     23630        364        490        256      10552     205986   ELF Image Totals
     23630        364        490        256          0          0   ROM Totals

==============================================================================

    Total RO  Size (Code + RO Data)                24120 (  23.55kB)
    Total RW  Size (RW Data + ZI Data)             10808 (  10.55kB)
    Total ROM Size (Code + RO Data + RW Data)      24376 (  23.80kB)

==============================================================================

